
> grantcue@1.0.0 build
> tsc && vite build

src/App.tsx(3,32): error TS2307: Cannot find module 'react' or its corresponding type declarations.
src/App.tsx(4,62): error TS2307: Cannot find module '@mantine/core' or its corresponding type declarations.
src/App.tsx(5,31): error TS2307: Cannot find module '@mantine/notifications' or its corresponding type declarations.
src/App.tsx(6,50): error TS2307: Cannot find module '@tanstack/react-query' or its corresponding type declarations.
src/App.tsx(7,56): error TS2307: Cannot find module 'react-router-dom' or its corresponding type declarations.
src/App.tsx(77,5): error TS2875: This JSX tag requires the module path 'react/jsx-runtime' to exist, but none could be found. Make sure you have types for the appropriate package installed.
src/components/2fa/OrganizationSecuritySettings.tsx(6,37): error TS2307: Cannot find module 'react' or its corresponding type declarations.
src/components/2fa/OrganizationSecuritySettings.tsx(18,8): error TS2307: Cannot find module '@mantine/core' or its corresponding type declarations.
src/components/2fa/OrganizationSecuritySettings.tsx(19,31): error TS2307: Cannot find module '@mantine/notifications' or its corresponding type declarations.
src/components/2fa/OrganizationSecuritySettings.tsx(25,8): error TS2307: Cannot find module '@tabler/icons-react' or its corresponding type declarations.
src/components/2fa/OrganizationSecuritySettings.tsx(138,12): error TS2875: This JSX tag requires the module path 'react/jsx-runtime' to exist, but none could be found. Make sure you have types for the appropriate package installed.
src/components/2fa/OrganizationSecuritySettings.tsx(225,28): error TS7006: Parameter 'e' implicitly has an 'any' type.
src/components/2fa/OrganizationSecuritySettings.tsx(256,28): error TS7006: Parameter 'e' implicitly has an 'any' type.
src/components/2fa/TwoFactorManagement.tsx(6,37): error TS2307: Cannot find module 'react' or its corresponding type declarations.
src/components/2fa/TwoFactorManagement.tsx(25,8): error TS2307: Cannot find module '@mantine/core' or its corresponding type declarations.
src/components/2fa/TwoFactorManagement.tsx(26,31): error TS2307: Cannot find module '@mantine/hooks' or its corresponding type declarations.
src/components/2fa/TwoFactorManagement.tsx(27,31): error TS2307: Cannot find module '@mantine/notifications' or its corresponding type declarations.
src/components/2fa/TwoFactorManagement.tsx(36,8): error TS2307: Cannot find module '@tabler/icons-react' or its corresponding type declarations.
src/components/2fa/TwoFactorManagement.tsx(234,12): error TS2875: This JSX tag requires the module path 'react/jsx-runtime' to exist, but none could be found. Make sure you have types for the appropriate package installed.
src/components/2fa/TwoFactorManagement.tsx(290,45): error TS7026: JSX element implicitly has type 'any' because no interface 'JSX.IntrinsicElements' exists.
src/components/2fa/TwoFactorManagement.tsx(290,82): error TS7026: JSX element implicitly has type 'any' because no interface 'JSX.IntrinsicElements' exists.
src/components/2fa/TwoFactorManagement.tsx(339,44): error TS7006: Parameter 'org' implicitly has an 'any' type.
src/components/2fa/TwoFactorManagement.tsx(339,49): error TS7006: Parameter 'index' implicitly has an 'any' type.
src/components/2fa/TwoFactorManagement.tsx(453,40): error TS7006: Parameter 'code' implicitly has an 'any' type.
src/components/2fa/TwoFactorManagement.tsx(453,46): error TS7006: Parameter 'index' implicitly has an 'any' type.
src/components/2fa/TwoFactorManagement.tsx(457,29): error TS7031: Binding element 'copied' implicitly has an 'any' type.
src/components/2fa/TwoFactorManagement.tsx(457,37): error TS7031: Binding element 'copy' implicitly has an 'any' type.
src/components/2fa/TwoFactorSetup.tsx(6,26): error TS2307: Cannot find module 'react' or its corresponding type declarations.
src/components/2fa/TwoFactorSetup.tsx(23,8): error TS2307: Cannot find module '@mantine/core' or its corresponding type declarations.
src/components/2fa/TwoFactorSetup.tsx(24,31): error TS2307: Cannot find module '@mantine/hooks' or its corresponding type declarations.
src/components/2fa/TwoFactorSetup.tsx(25,31): error TS2307: Cannot find module '@mantine/notifications' or its corresponding type declarations.
src/components/2fa/TwoFactorSetup.tsx(32,8): error TS2307: Cannot find module '@tabler/icons-react' or its corresponding type declarations.
src/components/2fa/TwoFactorSetup.tsx(179,7): error TS2875: This JSX tag requires the module path 'react/jsx-runtime' to exist, but none could be found. Make sure you have types for the appropriate package installed.
src/components/2fa/TwoFactorSetup.tsx(225,21): error TS7031: Binding element 'copied' implicitly has an 'any' type.
src/components/2fa/TwoFactorSetup.tsx(225,29): error TS7031: Binding element 'copy' implicitly has an 'any' type.
src/components/2fa/TwoFactorSetup.tsx(286,43): error TS7006: Parameter 'code' implicitly has an 'any' type.
src/components/2fa/TwoFactorSetup.tsx(286,49): error TS7006: Parameter 'index' implicitly has an 'any' type.
src/components/2fa/TwoFactorSetup.tsx(290,25): error TS7031: Binding element 'copied' implicitly has an 'any' type.
src/components/2fa/TwoFactorSetup.tsx(290,33): error TS7031: Binding element 'copy' implicitly has an 'any' type.
src/components/2fa/TwoFactorVerify.tsx(6,26): error TS2307: Cannot find module 'react' or its corresponding type declarations.
src/components/2fa/TwoFactorVerify.tsx(18,8): error TS2307: Cannot find module '@mantine/core' or its corresponding type declarations.
src/components/2fa/TwoFactorVerify.tsx(19,31): error TS2307: Cannot find module '@mantine/notifications' or its corresponding type declarations.
src/components/2fa/TwoFactorVerify.tsx(20,50): error TS2307: Cannot find module '@tabler/icons-react' or its corresponding type declarations.
src/components/2fa/TwoFactorVerify.tsx(114,29): error TS2503: Cannot find namespace 'React'.
src/components/2fa/TwoFactorVerify.tsx(121,5): error TS2875: This JSX tag requires the module path 'react/jsx-runtime' to exist, but none could be found. Make sure you have types for the appropriate package installed.
src/components/2fa/TwoFactorVerify.tsx(166,26): error TS7006: Parameter 'e' implicitly has an 'any' type.
src/components/AISummaryTab.tsx(1,94): error TS2307: Cannot find module '@mantine/core' or its corresponding type declarations.
src/components/AISummaryTab.tsx(2,114): error TS2307: Cannot find module '@tabler/icons-react' or its corresponding type declarations.
src/components/AISummaryTab.tsx(3,55): error TS2307: Cannot find module '@tanstack/react-query' or its corresponding type declarations.
src/components/AISummaryTab.tsx(4,31): error TS2307: Cannot find module '@mantine/notifications' or its corresponding type declarations.
src/components/AISummaryTab.tsx(7,22): error TS2307: Cannot find module 'react-router-dom' or its corresponding type declarations.
src/components/AISummaryTab.tsx(8,19): error TS2307: Cannot find module 'dayjs' or its corresponding type declarations.
src/components/AISummaryTab.tsx(175,7): error TS2875: This JSX tag requires the module path 'react/jsx-runtime' to exist, but none could be found. Make sure you have types for the appropriate package installed.
src/components/AISummaryTab.tsx(333,13): error TS7026: JSX element implicitly has type 'any' because no interface 'JSX.IntrinsicElements' exists.
src/components/AISummaryTab.tsx(333,39): error TS7026: JSX element implicitly has type 'any' because no interface 'JSX.IntrinsicElements' exists.
src/components/AISummaryTab.tsx(413,11): error TS7026: JSX element implicitly has type 'any' because no interface 'JSX.IntrinsicElements' exists.
src/components/AISummaryTab.tsx(419,11): error TS7026: JSX element implicitly has type 'any' because no interface 'JSX.IntrinsicElements' exists.
src/components/AISummaryTab.tsx(460,15): error TS7026: JSX element implicitly has type 'any' because no interface 'JSX.IntrinsicElements' exists.
src/components/AISummaryTab.tsx(463,15): error TS7026: JSX element implicitly has type 'any' because no interface 'JSX.IntrinsicElements' exists.
src/components/AISummaryTab.tsx(466,15): error TS7026: JSX element implicitly has type 'any' because no interface 'JSX.IntrinsicElements' exists.
src/components/AISummaryTab.tsx(469,15): error TS7026: JSX element implicitly has type 'any' because no interface 'JSX.IntrinsicElements' exists.
src/components/AISummaryTab.tsx(472,15): error TS7026: JSX element implicitly has type 'any' because no interface 'JSX.IntrinsicElements' exists.
src/components/AISummaryTab.tsx(475,15): error TS7026: JSX element implicitly has type 'any' because no interface 'JSX.IntrinsicElements' exists.
src/components/AISummaryTab.tsx(478,15): error TS7026: JSX element implicitly has type 'any' because no interface 'JSX.IntrinsicElements' exists.
src/components/AISummaryTab.tsx(481,15): error TS7026: JSX element implicitly has type 'any' because no interface 'JSX.IntrinsicElements' exists.
src/components/AISummaryTab.tsx(496,15): error TS7026: JSX element implicitly has type 'any' because no interface 'JSX.IntrinsicElements' exists.
src/components/AISummaryTab.tsx(499,15): error TS7026: JSX element implicitly has type 'any' because no interface 'JSX.IntrinsicElements' exists.
src/components/AISummaryTab.tsx(502,15): error TS7026: JSX element implicitly has type 'any' because no interface 'JSX.IntrinsicElements' exists.
src/components/AISummaryTab.tsx(505,15): error TS7026: JSX element implicitly has type 'any' because no interface 'JSX.IntrinsicElements' exists.
src/components/AISummaryTab.tsx(508,15): error TS7026: JSX element implicitly has type 'any' because no interface 'JSX.IntrinsicElements' exists.
src/components/AISummaryTab.tsx(511,15): error TS7026: JSX element implicitly has type 'any' because no interface 'JSX.IntrinsicElements' exists.
src/components/AISummaryTab.tsx(514,15): error TS7026: JSX element implicitly has type 'any' because no interface 'JSX.IntrinsicElements' exists.
src/components/AISummaryTab.tsx(517,15): error TS7026: JSX element implicitly has type 'any' because no interface 'JSX.IntrinsicElements' exists.
src/components/AISummaryTab.tsx(531,13): error TS7026: JSX element implicitly has type 'any' because no interface 'JSX.IntrinsicElements' exists.
src/components/AISummaryTab.tsx(538,13): error TS7026: JSX element implicitly has type 'any' because no interface 'JSX.IntrinsicElements' exists.
src/components/AISummaryTab.tsx(541,13): error TS7026: JSX element implicitly has type 'any' because no interface 'JSX.IntrinsicElements' exists.
src/components/AISummaryTab.tsx(548,13): error TS7026: JSX element implicitly has type 'any' because no interface 'JSX.IntrinsicElements' exists.
src/components/AISummaryTab.tsx(551,13): error TS7026: JSX element implicitly has type 'any' because no interface 'JSX.IntrinsicElements' exists.
src/components/AISummaryTab.tsx(558,13): error TS7026: JSX element implicitly has type 'any' because no interface 'JSX.IntrinsicElements' exists.
src/components/AISummaryTab.tsx(571,13): error TS7026: JSX element implicitly has type 'any' because no interface 'JSX.IntrinsicElements' exists.
src/components/AISummaryTab.tsx(578,13): error TS7026: JSX element implicitly has type 'any' because no interface 'JSX.IntrinsicElements' exists.
src/components/AISummaryTab.tsx(581,13): error TS7026: JSX element implicitly has type 'any' because no interface 'JSX.IntrinsicElements' exists.
src/components/AISummaryTab.tsx(588,13): error TS7026: JSX element implicitly has type 'any' because no interface 'JSX.IntrinsicElements' exists.
src/components/AISummaryTab.tsx(598,13): error TS7026: JSX element implicitly has type 'any' because no interface 'JSX.IntrinsicElements' exists.
src/components/AISummaryTab.tsx(598,30): error TS7026: JSX element implicitly has type 'any' because no interface 'JSX.IntrinsicElements' exists.
src/components/AISummaryTab.tsx(602,15): error TS7026: JSX element implicitly has type 'any' because no interface 'JSX.IntrinsicElements' exists.
src/components/AISummaryTab.tsx(602,34): error TS7026: JSX element implicitly has type 'any' because no interface 'JSX.IntrinsicElements' exists.
src/components/AISummaryTab.tsx(629,15): error TS7026: JSX element implicitly has type 'any' because no interface 'JSX.IntrinsicElements' exists.
src/components/AISummaryTab.tsx(629,41): error TS7026: JSX element implicitly has type 'any' because no interface 'JSX.IntrinsicElements' exists.
src/components/AISummaryTab.tsx(633,13): error TS7026: JSX element implicitly has type 'any' because no interface 'JSX.IntrinsicElements' exists.
src/components/AISummaryTab.tsx(640,13): error TS7026: JSX element implicitly has type 'any' because no interface 'JSX.IntrinsicElements' exists.
src/components/AISummaryTab.tsx(643,13): error TS7026: JSX element implicitly has type 'any' because no interface 'JSX.IntrinsicElements' exists.
src/components/AISummaryTab.tsx(650,13): error TS7026: JSX element implicitly has type 'any' because no interface 'JSX.IntrinsicElements' exists.
src/components/AISummaryTab.tsx(660,29): error TS7026: JSX element implicitly has type 'any' because no interface 'JSX.IntrinsicElements' exists.
src/components/AISummaryTab.tsx(660,53): error TS7026: JSX element implicitly has type 'any' because no interface 'JSX.IntrinsicElements' exists.
src/components/AISummaryTab.tsx(663,29): error TS7026: JSX element implicitly has type 'any' because no interface 'JSX.IntrinsicElements' exists.
src/components/AISummaryTab.tsx(663,43): error TS7026: JSX element implicitly has type 'any' because no interface 'JSX.IntrinsicElements' exists.
src/components/AISummaryTab.tsx(666,29): error TS7026: JSX element implicitly has type 'any' because no interface 'JSX.IntrinsicElements' exists.
src/components/AISummaryTab.tsx(666,43): error TS7026: JSX element implicitly has type 'any' because no interface 'JSX.IntrinsicElements' exists.
src/components/ActivityFeed.tsx(1,37): error TS2307: Cannot find module 'react' or its corresponding type declarations.
src/components/ActivityFeed.tsx(15,8): error TS2307: Cannot find module '@mantine/core' or its corresponding type declarations.
src/components/ActivityFeed.tsx(21,8): error TS2307: Cannot find module '@tabler/icons-react' or its corresponding type declarations.
src/components/ActivityFeed.tsx(24,19): error TS2307: Cannot find module 'dayjs' or its corresponding type declarations.
src/components/ActivityFeed.tsx(25,26): error TS2307: Cannot find module 'dayjs/plugin/relativeTime' or its corresponding type declarations.
src/components/ActivityFeed.tsx(110,22): error TS7006: Parameter 'prev' implicitly has an 'any' type.
src/components/ActivityFeed.tsx(190,34): error TS7006: Parameter 'activity' implicitly has an 'any' type.
src/components/ActivityFeed.tsx(230,5): error TS2875: This JSX tag requires the module path 'react/jsx-runtime' to exist, but none could be found. Make sure you have types for the appropriate package installed.
src/components/AppHeader.tsx(1,26): error TS2307: Cannot find module 'react' or its corresponding type declarations.
src/components/AppHeader.tsx(2,112): error TS2307: Cannot find module '@mantine/core' or its corresponding type declarations.
src/components/AppHeader.tsx(3,64): error TS2307: Cannot find module '@tabler/icons-react' or its corresponding type declarations.
src/components/AppHeader.tsx(4,48): error TS2307: Cannot find module 'react-router-dom' or its corresponding type declarations.
src/components/AppHeader.tsx(39,5): error TS2875: This JSX tag requires the module path 'react/jsx-runtime' to exist, but none could be found. Make sure you have types for the appropriate package installed.
src/components/AppHeader.tsx(41,7): error TS7026: JSX element implicitly has type 'any' because no interface 'JSX.IntrinsicElements' exists.
src/components/AppHeader.tsx(53,19): error TS7006: Parameter 'e' implicitly has an 'any' type.
src/components/AppHeader.tsx(57,18): error TS7006: Parameter 'e' implicitly has an 'any' type.
src/components/AppHeader.tsx(62,7): error TS7026: JSX element implicitly has type 'any' because no interface 'JSX.IntrinsicElements' exists.
src/components/AppHeader.tsx(309,36): error TS7006: Parameter 'org' implicitly has an 'any' type.
src/components/ApprovalWorkflowManager.tsx(1,26): error TS2307: Cannot find module 'react' or its corresponding type declarations.
src/components/ApprovalWorkflowManager.tsx(21,8): error TS2307: Cannot find module '@mantine/core' or its corresponding type declarations.
src/components/ApprovalWorkflowManager.tsx(31,8): error TS2307: Cannot find module '@tabler/icons-react' or its corresponding type declarations.
src/components/ApprovalWorkflowManager.tsx(32,31): error TS2307: Cannot find module '@mantine/notifications' or its corresponding type declarations.
src/components/ApprovalWorkflowManager.tsx(33,55): error TS2307: Cannot find module '@tanstack/react-query' or its corresponding type declarations.
src/components/ApprovalWorkflowManager.tsx(151,43): error TS7006: Parameter 'l' implicitly has an 'any' type.
src/components/ApprovalWorkflowManager.tsx(153,38): error TS7006: Parameter 'l' implicitly has an 'any' type.
src/components/ApprovalWorkflowManager.tsx(153,41): error TS7006: Parameter 'idx' implicitly has an 'any' type.
src/components/ApprovalWorkflowManager.tsx(159,25): error TS7006: Parameter 'l' implicitly has an 'any' type.
src/components/ApprovalWorkflowManager.tsx(208,5): error TS2875: This JSX tag requires the module path 'react/jsx-runtime' to exist, but none could be found. Make sure you have types for the appropriate package installed.
src/components/ApprovalWorkflowManager.tsx(217,13): error TS7026: JSX element implicitly has type 'any' because no interface 'JSX.IntrinsicElements' exists.
src/components/ApprovalWorkflowManager.tsx(218,28): error TS7006: Parameter 'error' implicitly has an 'any' type.
src/components/ApprovalWorkflowManager.tsx(218,35): error TS7006: Parameter 'idx' implicitly has an 'any' type.
src/components/ApprovalWorkflowManager.tsx(219,17): error TS7026: JSX element implicitly has type 'any' because no interface 'JSX.IntrinsicElements' exists.
src/components/ApprovalWorkflowManager.tsx(219,38): error TS7026: JSX element implicitly has type 'any' because no interface 'JSX.IntrinsicElements' exists.
src/components/ApprovalWorkflowManager.tsx(221,13): error TS7026: JSX element implicitly has type 'any' because no interface 'JSX.IntrinsicElements' exists.
src/components/ApprovalWorkflowManager.tsx(229,22): error TS7006: Parameter 'e' implicitly has an 'any' type.
src/components/ApprovalWorkflowManager.tsx(237,22): error TS7006: Parameter 'e' implicitly has an 'any' type.
src/components/ApprovalWorkflowManager.tsx(247,24): error TS7006: Parameter 'val' implicitly has an 'any' type.
src/components/ApprovalWorkflowManager.tsx(255,24): error TS7006: Parameter 'val' implicitly has an 'any' type.
src/components/ApprovalWorkflowManager.tsx(262,29): error TS7006: Parameter 'level' implicitly has an 'any' type.
src/components/ApprovalWorkflowManager.tsx(289,30): error TS7006: Parameter 'val' implicitly has an 'any' type.
src/components/ApprovalWorkflowManager.tsx(305,30): error TS7006: Parameter 'val' implicitly has an 'any' type.
src/components/ApprovalWorkflowManager.tsx(317,30): error TS7006: Parameter 'val' implicitly has an 'any' type.
src/components/ApprovalWorkflowManager.tsx(339,22): error TS7006: Parameter 'e' implicitly has an 'any' type.
src/components/ApprovalWorkflowManager.tsx(346,22): error TS7006: Parameter 'e' implicitly has an 'any' type.
src/components/ApprovalWorkflowManager.tsx(353,22): error TS7006: Parameter 'e' implicitly has an 'any' type.
src/components/ApprovalWorkflowManager.tsx(444,9): error TS7026: JSX element implicitly has type 'any' because no interface 'JSX.IntrinsicElements' exists.
src/components/ApprovalWorkflowManager.tsx(451,9): error TS7026: JSX element implicitly has type 'any' because no interface 'JSX.IntrinsicElements' exists.
src/components/ApprovalWorkflowManager.tsx(471,29): error TS7006: Parameter 'workflow' implicitly has an 'any' type.
src/components/ApprovalWorkflowManager.tsx(474,19): error TS7026: JSX element implicitly has type 'any' because no interface 'JSX.IntrinsicElements' exists.
src/components/ApprovalWorkflowManager.tsx(481,19): error TS7026: JSX element implicitly has type 'any' because no interface 'JSX.IntrinsicElements' exists.
src/components/BudgetTab.tsx(1,148): error TS2307: Cannot find module '@mantine/core' or its corresponding type declarations.
src/components/BudgetTab.tsx(2,97): error TS2307: Cannot find module '@tabler/icons-react' or its corresponding type declarations.
src/components/BudgetTab.tsx(3,42): error TS2307: Cannot find module '@tanstack/react-query' or its corresponding type declarations.
src/components/BudgetTab.tsx(4,26): error TS2307: Cannot find module 'react' or its corresponding type declarations.
src/components/BudgetTab.tsx(5,31): error TS2307: Cannot find module '@mantine/notifications' or its corresponding type declarations.
src/components/BudgetTab.tsx(6,27): error TS2307: Cannot find module '@mantine/dates' or its corresponding type declarations.
src/components/BudgetTab.tsx(139,7): error TS2875: This JSX tag requires the module path 'react/jsx-runtime' to exist, but none could be found. Make sure you have types for the appropriate package installed.
src/components/BudgetTab.tsx(173,26): error TS7006: Parameter 'val' implicitly has an 'any' type.
src/components/BudgetTab.tsx(184,26): error TS7006: Parameter 'val' implicitly has an 'any' type.
src/components/BudgetTab.tsx(194,26): error TS7006: Parameter 'event' implicitly has an 'any' type.
src/components/BudgetTab.tsx(202,28): error TS7006: Parameter 'val' implicitly has an 'any' type.
src/components/BudgetTab.tsx(214,28): error TS7006: Parameter 'value' implicitly has an 'any' type.
src/components/BudgetTab.tsx(222,28): error TS7006: Parameter 'value' implicitly has an 'any' type.
src/components/BudgetTab.tsx(233,26): error TS7006: Parameter 'event' implicitly has an 'any' type.
src/components/BudgetTab.tsx(364,13): error TS7026: JSX element implicitly has type 'any' because no interface 'JSX.IntrinsicElements' exists.
src/components/BudgetTab.tsx(368,13): error TS7026: JSX element implicitly has type 'any' because no interface 'JSX.IntrinsicElements' exists.
src/components/BudgetTab.tsx(406,13): error TS7026: JSX element implicitly has type 'any' because no interface 'JSX.IntrinsicElements' exists.
src/components/BudgetTab.tsx(409,13): error TS7026: JSX element implicitly has type 'any' because no interface 'JSX.IntrinsicElements' exists.
src/components/BudgetTab.tsx(410,13): error TS7026: JSX element implicitly has type 'any' because no interface 'JSX.IntrinsicElements' exists.
src/components/BudgetTab.tsx(413,13): error TS7026: JSX element implicitly has type 'any' because no interface 'JSX.IntrinsicElements' exists.
src/components/BudgetTab.tsx(436,21): error TS7026: JSX element implicitly has type 'any' because no interface 'JSX.IntrinsicElements' exists.
src/components/BudgetTab.tsx(443,21): error TS7026: JSX element implicitly has type 'any' because no interface 'JSX.IntrinsicElements' exists.
src/components/CommentInput.tsx(1,45): error TS2307: Cannot find module 'react' or its corresponding type declarations.
src/components/CommentInput.tsx(2,90): error TS2307: Cannot find module '@mantine/core' or its corresponding type declarations.
src/components/CommentInput.tsx(3,26): error TS2307: Cannot find module '@tabler/icons-react' or its corresponding type declarations.
src/components/CommentInput.tsx(4,31): error TS2307: Cannot find module '@mantine/notifications' or its corresponding type declarations.
src/components/CommentInput.tsx(94,35): error TS2503: Cannot find namespace 'React'.
src/components/CommentInput.tsx(122,6): error TS7006: Parameter 'member' implicitly has an 'any' type.
src/components/CommentInput.tsx(230,5): error TS2875: This JSX tag requires the module path 'react/jsx-runtime' to exist, but none could be found. Make sure you have types for the appropriate package installed.
src/components/CommentInput.tsx(245,13): error TS7026: JSX element implicitly has type 'any' because no interface 'JSX.IntrinsicElements' exists.
src/components/CommentInput.tsx(260,13): error TS7026: JSX element implicitly has type 'any' because no interface 'JSX.IntrinsicElements' exists.
src/components/CommentInput.tsx(265,52): error TS7006: Parameter 'member' implicitly has an 'any' type.
src/components/CommentInput.tsx(273,35): error TS7006: Parameter 'e' implicitly has an 'any' type.
src/components/CommentInput.tsx(287,21): error TS7026: JSX element implicitly has type 'any' because no interface 'JSX.IntrinsicElements' exists.
src/components/CommentInput.tsx(296,21): error TS7026: JSX element implicitly has type 'any' because no interface 'JSX.IntrinsicElements' exists.
src/components/CommentInput.tsx(336,7): error TS7026: JSX element implicitly has type 'any' because no interface 'JSX.IntrinsicElements' exists.
src/components/CommentInput.tsx(342,7): error TS7026: JSX element implicitly has type 'any' because no interface 'JSX.IntrinsicElements' exists.
src/components/CommentThread.tsx(1,92): error TS2307: Cannot find module '@mantine/core' or its corresponding type declarations.
src/components/CommentThread.tsx(2,68): error TS2307: Cannot find module '@tabler/icons-react' or its corresponding type declarations.
src/components/CommentThread.tsx(3,45): error TS2307: Cannot find module 'react' or its corresponding type declarations.
src/components/CommentThread.tsx(5,31): error TS2307: Cannot find module '@mantine/notifications' or its corresponding type declarations.
src/components/CommentThread.tsx(6,19): error TS2307: Cannot find module 'dayjs' or its corresponding type declarations.
src/components/CommentThread.tsx(7,26): error TS2307: Cannot find module 'dayjs/plugin/relativeTime' or its corresponding type declarations.
src/components/CommentThread.tsx(8,23): error TS2307: Cannot find module 'dompurify' or its corresponding type declarations.
src/components/CommentThread.tsx(123,5): error TS2875: This JSX tag requires the module path 'react/jsx-runtime' to exist, but none could be found. Make sure you have types for the appropriate package installed.
src/components/CommentThread.tsx(145,13): error TS7026: JSX element implicitly has type 'any' because no interface 'JSX.IntrinsicElements' exists.
src/components/CommentThread.tsx(151,39): error TS7026: JSX element implicitly has type 'any' because no interface 'JSX.IntrinsicElements' exists.
src/components/CommentThread.tsx(151,54): error TS7026: JSX element implicitly has type 'any' because no interface 'JSX.IntrinsicElements' exists.
src/components/CommentThread.tsx(153,13): error TS7026: JSX element implicitly has type 'any' because no interface 'JSX.IntrinsicElements' exists.
src/components/CommentThread.tsx(187,26): error TS7006: Parameter 'e' implicitly has an 'any' type.
src/components/CommentThread.tsx(211,15): error TS7026: JSX element implicitly has type 'any' because no interface 'JSX.IntrinsicElements' exists.
src/components/CommentThread.tsx(248,15): error TS2322: Type '{ key: string; comment: Comment; onReply: (id: string) => void; onEdit: (id: string, content: string) => void; onDelete: (id: string) => void; level: number; highlightCommentId: string | null | undefined; }' is not assignable to type '{ comment: Comment; onReply: (id: string) => void; onEdit: (id: string, content: string) => void; onDelete: (id: string) => void; level: number; highlightCommentId?: string | null | undefined; }'.
  Property 'key' does not exist on type '{ comment: Comment; onReply: (id: string) => void; onEdit: (id: string, content: string) => void; onDelete: (id: string) => void; level: number; highlightCommentId?: string | null | undefined; }'.
src/components/CommentThread.tsx(285,11): error TS2322: Type '{ key: string; comment: Comment; onReply: (parentId: string) => void; onEdit: (commentId: string, content: string) => void; onDelete: (commentId: string) => void; level: number; highlightCommentId: string | ... 1 more ... | undefined; }' is not assignable to type '{ comment: Comment; onReply: (id: string) => void; onEdit: (id: string, content: string) => void; onDelete: (id: string) => void; level: number; highlightCommentId?: string | null | undefined; }'.
  Property 'key' does not exist on type '{ comment: Comment; onReply: (id: string) => void; onEdit: (id: string, content: string) => void; onDelete: (id: string) => void; level: number; highlightCommentId?: string | null | undefined; }'.
src/components/ComplianceTab.tsx(1,161): error TS2307: Cannot find module '@mantine/core' or its corresponding type declarations.
src/components/ComplianceTab.tsx(13,8): error TS2307: Cannot find module '@tabler/icons-react' or its corresponding type declarations.
src/components/ComplianceTab.tsx(14,42): error TS2307: Cannot find module '@tanstack/react-query' or its corresponding type declarations.
src/components/ComplianceTab.tsx(15,26): error TS2307: Cannot find module 'react' or its corresponding type declarations.
src/components/ComplianceTab.tsx(16,27): error TS2307: Cannot find module '@mantine/dates' or its corresponding type declarations.
src/components/ComplianceTab.tsx(17,31): error TS2307: Cannot find module '@mantine/notifications' or its corresponding type declarations.
src/components/ComplianceTab.tsx(19,19): error TS2307: Cannot find module 'dayjs' or its corresponding type declarations.
src/components/ComplianceTab.tsx(20,26): error TS2307: Cannot find module 'dayjs/plugin/relativeTime' or its corresponding type declarations.
src/components/ComplianceTab.tsx(247,7): error TS2875: This JSX tag requires the module path 'react/jsx-runtime' to exist, but none could be found. Make sure you have types for the appropriate package installed.
src/components/ComplianceTab.tsx(318,13): error TS7026: JSX element implicitly has type 'any' because no interface 'JSX.IntrinsicElements' exists.
src/components/ComplianceTab.tsx(323,13): error TS7026: JSX element implicitly has type 'any' because no interface 'JSX.IntrinsicElements' exists.
src/components/ComplianceTab.tsx(392,11): error TS7026: JSX element implicitly has type 'any' because no interface 'JSX.IntrinsicElements' exists.
src/components/ComplianceTab.tsx(462,11): error TS7026: JSX element implicitly has type 'any' because no interface 'JSX.IntrinsicElements' exists.
src/components/ComplianceTab.tsx(468,7): error TS7026: JSX element implicitly has type 'any' because no interface 'JSX.IntrinsicElements' exists.
src/components/ComplianceTab.tsx(482,21): error TS7026: JSX element implicitly has type 'any' because no interface 'JSX.IntrinsicElements' exists.
src/components/ComplianceTab.tsx(485,21): error TS7026: JSX element implicitly has type 'any' because no interface 'JSX.IntrinsicElements' exists.
src/components/ComplianceTab.tsx(610,7): error TS7026: JSX element implicitly has type 'any' because no interface 'JSX.IntrinsicElements' exists.
src/components/ComplianceTab.tsx(630,24): error TS7006: Parameter 'value' implicitly has an 'any' type.
src/components/ComplianceTab.tsx(649,24): error TS7006: Parameter 'e' implicitly has an 'any' type.
src/components/ComplianceTab.tsx(657,24): error TS7006: Parameter 'e' implicitly has an 'any' type.
src/components/ComplianceTab.tsx(665,24): error TS7006: Parameter 'e' implicitly has an 'any' type.
src/components/ComplianceTab.tsx(672,24): error TS7006: Parameter 'e' implicitly has an 'any' type.
src/components/ComplianceTab.tsx(679,24): error TS7006: Parameter 'value' implicitly has an 'any' type.
src/components/ComplianceTab.tsx(686,24): error TS7006: Parameter 'e' implicitly has an 'any' type.
src/components/ComplianceTab.tsx(693,24): error TS7006: Parameter 'e' implicitly has an 'any' type.
src/components/ComplianceTab.tsx(700,24): error TS7006: Parameter 'e' implicitly has an 'any' type.
src/components/ConfirmationDialog.tsx(1,26): error TS2307: Cannot find module 'react' or its corresponding type declarations.
src/components/ConfirmationDialog.tsx(2,68): error TS2307: Cannot find module '@mantine/core' or its corresponding type declarations.
src/components/ConfirmationDialog.tsx(3,35): error TS2307: Cannot find module '@tabler/icons-react' or its corresponding type declarations.
src/components/ConfirmationDialog.tsx(51,5): error TS2875: This JSX tag requires the module path 'react/jsx-runtime' to exist, but none could be found. Make sure you have types for the appropriate package installed.
src/components/ConfirmationDialog.tsx(82,24): error TS7006: Parameter 'e' implicitly has an 'any' type.
src/components/ContactsSection.tsx(12,8): error TS2307: Cannot find module '@mantine/core' or its corresponding type declarations.
src/components/ContactsSection.tsx(21,8): error TS2307: Cannot find module '@tabler/icons-react' or its corresponding type declarations.
src/components/ContactsSection.tsx(22,55): error TS2307: Cannot find module '@tanstack/react-query' or its corresponding type declarations.
src/components/ContactsSection.tsx(23,26): error TS2307: Cannot find module 'react' or its corresponding type declarations.
src/components/ContactsSection.tsx(26,31): error TS2307: Cannot find module '@mantine/notifications' or its corresponding type declarations.
src/components/ContactsSection.tsx(269,5): error TS2875: This JSX tag requires the module path 'react/jsx-runtime' to exist, but none could be found. Make sure you have types for the appropriate package installed.
src/components/ContactsSection.tsx(285,28): error TS7006: Parameter 'contact' implicitly has an 'any' type.
src/components/ContactsSection.tsx(289,25): error TS7006: Parameter 'theme' implicitly has an 'any' type.
src/components/ContactsSection.tsx(377,24): error TS7006: Parameter 'e' implicitly has an 'any' type.
src/components/ContactsSection.tsx(383,24): error TS7006: Parameter 'e' implicitly has an 'any' type.
src/components/ContactsSection.tsx(390,24): error TS7006: Parameter 'e' implicitly has an 'any' type.
src/components/ContactsSection.tsx(396,24): error TS7006: Parameter 'e' implicitly has an 'any' type.
src/components/ContactsSection.tsx(403,24): error TS7006: Parameter 'e' implicitly has an 'any' type.
src/components/CustomGrantForm.tsx(1,26): error TS2307: Cannot find module 'react' or its corresponding type declarations.
src/components/CustomGrantForm.tsx(13,8): error TS2307: Cannot find module '@mantine/core' or its corresponding type declarations.
src/components/CustomGrantForm.tsx(14,43): error TS2307: Cannot find module '@tabler/icons-react' or its corresponding type declarations.
src/components/CustomGrantForm.tsx(15,31): error TS2307: Cannot find module '@mantine/notifications' or its corresponding type declarations.
src/components/CustomGrantForm.tsx(19,26): error TS2307: Cannot find module '@tanstack/react-query' or its corresponding type declarations.
src/components/CustomGrantForm.tsx(162,22): error TS7006: Parameter 'prev' implicitly has an 'any' type.
src/components/CustomGrantForm.tsx(170,22): error TS7006: Parameter 'prev' implicitly has an 'any' type.
src/components/CustomGrantForm.tsx(178,22): error TS7006: Parameter 'prev' implicitly has an 'any' type.
src/components/CustomGrantForm.tsx(185,22): error TS7006: Parameter 'prev' implicitly has an 'any' type.
src/components/CustomGrantForm.tsx(192,22): error TS7006: Parameter 'prev' implicitly has an 'any' type.
src/components/CustomGrantForm.tsx(197,16): error TS7006: Parameter 'prev' implicitly has an 'any' type.
src/components/CustomGrantForm.tsx(207,20): error TS7006: Parameter 'prev' implicitly has an 'any' type.
src/components/CustomGrantForm.tsx(331,5): error TS2875: This JSX tag requires the module path 'react/jsx-runtime' to exist, but none could be found. Make sure you have types for the appropriate package installed.
src/components/CustomGrantForm.tsx(343,13): error TS7026: JSX element implicitly has type 'any' because no interface 'JSX.IntrinsicElements' exists.
src/components/CustomGrantForm.tsx(344,28): error TS7006: Parameter 'error' implicitly has an 'any' type.
src/components/CustomGrantForm.tsx(344,35): error TS7006: Parameter 'i' implicitly has an 'any' type.
src/components/CustomGrantForm.tsx(345,17): error TS7026: JSX element implicitly has type 'any' because no interface 'JSX.IntrinsicElements' exists.
src/components/CustomGrantForm.tsx(345,36): error TS7026: JSX element implicitly has type 'any' because no interface 'JSX.IntrinsicElements' exists.
src/components/CustomGrantForm.tsx(347,13): error TS7026: JSX element implicitly has type 'any' because no interface 'JSX.IntrinsicElements' exists.
src/components/CustomGrantForm.tsx(355,22): error TS7006: Parameter 'e' implicitly has an 'any' type.
src/components/CustomGrantForm.tsx(366,22): error TS7006: Parameter 'e' implicitly has an 'any' type.
src/components/CustomGrantForm.tsx(388,24): error TS7006: Parameter 'e' implicitly has an 'any' type.
src/components/CustomGrantForm.tsx(430,24): error TS7006: Parameter 'value' implicitly has an 'any' type.
src/components/CustomGrantForm.tsx(434,32): error TS7006: Parameter 'prev' implicitly has an 'any' type.
src/components/CustomGrantForm.tsx(449,24): error TS7006: Parameter 'value' implicitly has an 'any' type.
src/components/CustomGrantForm.tsx(453,32): error TS7006: Parameter 'prev' implicitly has an 'any' type.
src/components/CustomGrantForm.tsx(471,24): error TS7006: Parameter 'e' implicitly has an 'any' type.
src/components/CustomGrantForm.tsx(482,24): error TS7006: Parameter 'e' implicitly has an 'any' type.
src/components/CustomGrantForm.tsx(493,22): error TS7006: Parameter 'e' implicitly has an 'any' type.
src/components/CustomGrantForm.tsx(500,22): error TS7006: Parameter 'e' implicitly has an 'any' type.
src/components/CustomGrantForm.tsx(510,22): error TS7006: Parameter 'e' implicitly has an 'any' type.
src/components/DeadlineFields.tsx(1,43): error TS2307: Cannot find module '@mantine/core' or its corresponding type declarations.
src/components/DeadlineFields.tsx(2,60): error TS2307: Cannot find module '@tabler/icons-react' or its corresponding type declarations.
src/components/DeadlineFields.tsx(3,19): error TS2307: Cannot find module 'dayjs' or its corresponding type declarations.
src/components/DeadlineFields.tsx(4,26): error TS2307: Cannot find module 'dayjs/plugin/relativeTime' or its corresponding type declarations.
src/components/DeadlineFields.tsx(58,7): error TS2875: This JSX tag requires the module path 'react/jsx-runtime' to exist, but none could be found. Make sure you have types for the appropriate package installed.
src/components/DeadlineFields.tsx(106,11): error TS7026: JSX element implicitly has type 'any' because no interface 'JSX.IntrinsicElements' exists.
src/components/DeadlineFields.tsx(118,11): error TS7026: JSX element implicitly has type 'any' because no interface 'JSX.IntrinsicElements' exists.
src/components/DeadlineFields.tsx(125,11): error TS7026: JSX element implicitly has type 'any' because no interface 'JSX.IntrinsicElements' exists.
src/components/DeadlineFields.tsx(137,11): error TS7026: JSX element implicitly has type 'any' because no interface 'JSX.IntrinsicElements' exists.
src/components/DeadlineFields.tsx(144,11): error TS7026: JSX element implicitly has type 'any' because no interface 'JSX.IntrinsicElements' exists.
src/components/DeadlineFields.tsx(156,11): error TS7026: JSX element implicitly has type 'any' because no interface 'JSX.IntrinsicElements' exists.
src/components/DocumentList.tsx(1,26): error TS2307: Cannot find module 'react' or its corresponding type declarations.
src/components/DocumentList.tsx(2,55): error TS2307: Cannot find module '@tanstack/react-query' or its corresponding type declarations.
src/components/DocumentList.tsx(15,8): error TS2307: Cannot find module '@mantine/core' or its corresponding type declarations.
src/components/DocumentList.tsx(16,31): error TS2307: Cannot find module '@mantine/notifications' or its corresponding type declarations.
src/components/DocumentList.tsx(28,8): error TS2307: Cannot find module '@tabler/icons-react' or its corresponding type declarations.
src/components/DocumentList.tsx(118,17): error TS7006: Parameter 'data' implicitly has an 'any' type.
src/components/DocumentList.tsx(215,7): error TS2875: This JSX tag requires the module path 'react/jsx-runtime' to exist, but none could be found. Make sure you have types for the appropriate package installed.
src/components/DocumentList.tsx(248,17): error TS7026: JSX element implicitly has type 'any' because no interface 'JSX.IntrinsicElements' exists.
src/components/DocumentList.tsx(279,17): error TS7026: JSX element implicitly has type 'any' because no interface 'JSX.IntrinsicElements' exists.
src/components/DocumentList.tsx(341,45): error TS7026: JSX element implicitly has type 'any' because no interface 'JSX.IntrinsicElements' exists.
src/components/DocumentList.tsx(341,82): error TS7026: JSX element implicitly has type 'any' because no interface 'JSX.IntrinsicElements' exists.
src/components/DocumentUploadButton.tsx(1,34): error TS2307: Cannot find module 'react' or its corresponding type declarations.
src/components/DocumentUploadButton.tsx(2,61): error TS2307: Cannot find module '@mantine/core' or its corresponding type declarations.
src/components/DocumentUploadButton.tsx(3,40): error TS2307: Cannot find module '@mantine/dropzone' or its corresponding type declarations.
src/components/DocumentUploadButton.tsx(4,31): error TS2307: Cannot find module '@mantine/notifications' or its corresponding type declarations.
src/components/DocumentUploadButton.tsx(5,62): error TS2307: Cannot find module '@tabler/icons-react' or its corresponding type declarations.
src/components/DocumentUploadButton.tsx(143,7): error TS2875: This JSX tag requires the module path 'react/jsx-runtime' to exist, but none could be found. Make sure you have types for the appropriate package installed.
src/components/DocumentUploadButton.tsx(167,11): error TS7026: JSX element implicitly has type 'any' because no interface 'JSX.IntrinsicElements' exists.
src/components/DocumentUploadButton.tsx(217,11): error TS7026: JSX element implicitly has type 'any' because no interface 'JSX.IntrinsicElements' exists.
src/components/DocumentUploadButton.tsx(224,11): error TS7026: JSX element implicitly has type 'any' because no interface 'JSX.IntrinsicElements' exists.
src/components/DocumentsTab.tsx(1,26): error TS2307: Cannot find module 'react' or its corresponding type declarations.
src/components/DocumentsTab.tsx(2,44): error TS2307: Cannot find module '@mantine/core' or its corresponding type declarations.
src/components/DocumentsTab.tsx(29,19): error TS7006: Parameter 'prev' implicitly has an 'any' type.
src/components/DocumentsTab.tsx(34,19): error TS7006: Parameter 'prev' implicitly has an 'any' type.
src/components/DocumentsTab.tsx(38,5): error TS2875: This JSX tag requires the module path 'react/jsx-runtime' to exist, but none could be found. Make sure you have types for the appropriate package installed.
src/components/DocumentsTab.tsx(50,24): error TS7006: Parameter 'value' implicitly has an 'any' type.
src/components/DocumentsTab.tsx(67,9): error TS2322: Type '{ key: any; orgId: string; grantId: string; taskId: string | undefined; documentCategory: any; onDocumentDelete: () => void; }' is not assignable to type 'DocumentListProps'.
  Property 'key' does not exist on type 'DocumentListProps'.
src/components/EligibilityProfileBanner.tsx(1,44): error TS2307: Cannot find module '@mantine/core' or its corresponding type declarations.
src/components/EligibilityProfileBanner.tsx(2,30): error TS2307: Cannot find module '@tabler/icons-react' or its corresponding type declarations.
src/components/EligibilityProfileBanner.tsx(3,22): error TS2307: Cannot find module 'react-router-dom' or its corresponding type declarations.
src/components/EligibilityProfileBanner.tsx(4,26): error TS2307: Cannot find module 'react' or its corresponding type declarations.
src/components/EligibilityProfileBanner.tsx(43,5): error TS2875: This JSX tag requires the module path 'react/jsx-runtime' to exist, but none could be found. Make sure you have types for the appropriate package installed.
src/components/EligibilityProfileBanner.tsx(60,9): error TS7026: JSX element implicitly has type 'any' because no interface 'JSX.IntrinsicElements' exists.
src/components/EligibilityProfileBanner.tsx(69,9): error TS7026: JSX element implicitly has type 'any' because no interface 'JSX.IntrinsicElements' exists.
src/components/EligibilityWizard.tsx(1,37): error TS2307: Cannot find module 'react' or its corresponding type declarations.
src/components/EligibilityWizard.tsx(2,39): error TS2307: Cannot find module '@tanstack/react-query' or its corresponding type declarations.
src/components/EligibilityWizard.tsx(21,8): error TS2307: Cannot find module '@mantine/core' or its corresponding type declarations.
src/components/EligibilityWizard.tsx(22,31): error TS2307: Cannot find module '@mantine/notifications' or its corresponding type declarations.
src/components/EligibilityWizard.tsx(23,29): error TS2307: Cannot find module 'react-router-dom' or its corresponding type declarations.
src/components/EligibilityWizard.tsx(27,58): error TS2307: Cannot find module '@tabler/icons-react' or its corresponding type declarations.
src/components/EligibilityWizard.tsx(218,37): error TS7006: Parameter 'current' implicitly has an 'any' type.
src/components/EligibilityWizard.tsx(219,37): error TS7006: Parameter 'current' implicitly has an 'any' type.
src/components/EligibilityWizard.tsx(246,12): error TS2875: This JSX tag requires the module path 'react/jsx-runtime' to exist, but none could be found. Make sure you have types for the appropriate package installed.
src/components/EligibilityWizard.tsx(252,7): error TS7026: JSX element implicitly has type 'any' because no interface 'JSX.IntrinsicElements' exists.
src/components/EligibilityWizard.tsx(254,11): error TS7026: JSX element implicitly has type 'any' because no interface 'JSX.IntrinsicElements' exists.
src/components/EligibilityWizard.tsx(266,11): error TS7026: JSX element implicitly has type 'any' because no interface 'JSX.IntrinsicElements' exists.
src/components/EligibilityWizard.tsx(273,7): error TS7026: JSX element implicitly has type 'any' because no interface 'JSX.IntrinsicElements' exists.
src/components/EligibilityWizard.tsx(285,15): error TS7026: JSX element implicitly has type 'any' because no interface 'JSX.IntrinsicElements' exists.
src/components/EligibilityWizard.tsx(290,15): error TS7026: JSX element implicitly has type 'any' because no interface 'JSX.IntrinsicElements' exists.
src/components/EligibilityWizard.tsx(341,15): error TS7026: JSX element implicitly has type 'any' because no interface 'JSX.IntrinsicElements' exists.
src/components/EligibilityWizard.tsx(346,15): error TS7026: JSX element implicitly has type 'any' because no interface 'JSX.IntrinsicElements' exists.
src/components/EligibilityWizard.tsx(384,15): error TS7026: JSX element implicitly has type 'any' because no interface 'JSX.IntrinsicElements' exists.
src/components/EligibilityWizard.tsx(389,15): error TS7026: JSX element implicitly has type 'any' because no interface 'JSX.IntrinsicElements' exists.
src/components/EligibilityWizard.tsx(432,28): error TS7006: Parameter 'e' implicitly has an 'any' type.
src/components/EligibilityWizard.tsx(451,15): error TS7026: JSX element implicitly has type 'any' because no interface 'JSX.IntrinsicElements' exists.
src/components/EligibilityWizard.tsx(456,15): error TS7026: JSX element implicitly has type 'any' because no interface 'JSX.IntrinsicElements' exists.
src/components/EligibilityWizard.tsx(476,15): error TS7026: JSX element implicitly has type 'any' because no interface 'JSX.IntrinsicElements' exists.
src/components/EligibilityWizard.tsx(520,15): error TS7026: JSX element implicitly has type 'any' because no interface 'JSX.IntrinsicElements' exists.
src/components/EligibilityWizard.tsx(527,28): error TS7006: Parameter 'e' implicitly has an 'any' type.
src/components/ErrorBoundary.tsx(1,56): error TS2307: Cannot find module 'react' or its corresponding type declarations.
src/components/ErrorBoundary.tsx(2,85): error TS2307: Cannot find module '@mantine/core' or its corresponding type declarations.
src/components/ErrorBoundary.tsx(3,57): error TS2307: Cannot find module '@tabler/icons-react' or its corresponding type declarations.
src/components/ErrorBoundary.tsx(65,10): error TS2339: Property 'state' does not exist on type 'ErrorBoundary'.
src/components/ErrorBoundary.tsx(82,56): error TS2339: Property 'props' does not exist on type 'ErrorBoundary'.
src/components/ErrorBoundary.tsx(92,10): error TS2339: Property 'setState' does not exist on type 'ErrorBoundary'.
src/components/ErrorBoundary.tsx(116,30): error TS2339: Property 'props' does not exist on type 'ErrorBoundary'.
src/components/ErrorBoundary.tsx(119,10): error TS2339: Property 'setState' does not exist on type 'ErrorBoundary'.
src/components/ErrorBoundary.tsx(133,39): error TS2339: Property 'state' does not exist on type 'ErrorBoundary'.
src/components/ErrorBoundary.tsx(134,47): error TS2339: Property 'props' does not exist on type 'ErrorBoundary'.
src/components/ErrorBoundary.tsx(164,10): error TS2339: Property 'setState' does not exist on type 'ErrorBoundary'.
src/components/ErrorBoundary.tsx(164,20): error TS7006: Parameter 'prevState' implicitly has an 'any' type.
src/components/ErrorBoundary.tsx(170,67): error TS2339: Property 'state' does not exist on type 'ErrorBoundary'.
src/components/ErrorBoundary.tsx(171,61): error TS2339: Property 'props' does not exist on type 'ErrorBoundary'.
src/components/ErrorBoundary.tsx(176,16): error TS2875: This JSX tag requires the module path 'react/jsx-runtime' to exist, but none could be found. Make sure you have types for the appropriate package installed.
src/components/ErrorBoundary.tsx(186,17): error TS7026: JSX element implicitly has type 'any' because no interface 'JSX.IntrinsicElements' exists.
src/components/ErrorBoundary.tsx(193,17): error TS7026: JSX element implicitly has type 'any' because no interface 'JSX.IntrinsicElements' exists.
src/components/ErrorBoundaryTest.tsx(1,26): error TS2307: Cannot find module 'react' or its corresponding type declarations.
src/components/ErrorBoundaryTest.tsx(2,51): error TS2307: Cannot find module '@mantine/core' or its corresponding type declarations.
src/components/ErrorBoundaryTest.tsx(3,25): error TS2307: Cannot find module '@tabler/icons-react' or its corresponding type declarations.
src/components/ErrorBoundaryTest.tsx(31,10): error TS2875: This JSX tag requires the module path 'react/jsx-runtime' to exist, but none could be found. Make sure you have types for the appropriate package installed.
src/components/FitScoreBadge.tsx(1,62): error TS2307: Cannot find module '@mantine/core' or its corresponding type declarations.
src/components/FitScoreBadge.tsx(2,28): error TS2307: Cannot find module '@tabler/icons-react' or its corresponding type declarations.
src/components/FitScoreBadge.tsx(79,5): error TS2875: This JSX tag requires the module path 'react/jsx-runtime' to exist, but none could be found. Make sure you have types for the appropriate package installed.
src/components/FunderDetailDrawer.tsx(12,8): error TS2307: Cannot find module '@mantine/core' or its corresponding type declarations.
src/components/FunderDetailDrawer.tsx(19,8): error TS2307: Cannot find module '@tabler/icons-react' or its corresponding type declarations.
src/components/FunderDetailDrawer.tsx(20,26): error TS2307: Cannot find module '@tanstack/react-query' or its corresponding type declarations.
src/components/FunderDetailDrawer.tsx(26,22): error TS2307: Cannot find module 'react-router-dom' or its corresponding type declarations.
src/components/FunderDetailDrawer.tsx(105,5): error TS2875: This JSX tag requires the module path 'react/jsx-runtime' to exist, but none could be found. Make sure you have types for the appropriate package installed.
src/components/FunderDetailDrawer.tsx(209,31): error TS7006: Parameter 'grant' implicitly has an 'any' type.
src/components/FunderDetailDrawer.tsx(213,31): error TS7006: Parameter 'theme' implicitly has an 'any' type.
src/components/FunderInteractionsLog.tsx(13,8): error TS2307: Cannot find module '@mantine/core' or its corresponding type declarations.
src/components/FunderInteractionsLog.tsx(24,8): error TS2307: Cannot find module '@tabler/icons-react' or its corresponding type declarations.
src/components/FunderInteractionsLog.tsx(25,55): error TS2307: Cannot find module '@tanstack/react-query' or its corresponding type declarations.
src/components/FunderInteractionsLog.tsx(26,26): error TS2307: Cannot find module 'react' or its corresponding type declarations.
src/components/FunderInteractionsLog.tsx(27,32): error TS2307: Cannot find module '@mantine/dates' or its corresponding type declarations.
src/components/FunderInteractionsLog.tsx(30,31): error TS2307: Cannot find module '@mantine/notifications' or its corresponding type declarations.
src/components/FunderInteractionsLog.tsx(347,5): error TS2875: This JSX tag requires the module path 'react/jsx-runtime' to exist, but none could be found. Make sure you have types for the appropriate package installed.
src/components/FunderInteractionsLog.tsx(363,32): error TS7006: Parameter 'interaction' implicitly has an 'any' type.
src/components/FunderInteractionsLog.tsx(369,27): error TS7006: Parameter 'theme' implicitly has an 'any' type.
src/components/FunderInteractionsLog.tsx(454,24): error TS7006: Parameter 'value' implicitly has an 'any' type.
src/components/FunderInteractionsLog.tsx(463,24): error TS7006: Parameter 'value' implicitly has an 'any' type.
src/components/FunderInteractionsLog.tsx(472,30): error TS7006: Parameter 'contact' implicitly has an 'any' type.
src/components/FunderInteractionsLog.tsx(478,24): error TS7006: Parameter 'value' implicitly has an 'any' type.
src/components/FunderInteractionsLog.tsx(488,24): error TS7006: Parameter 'e' implicitly has an 'any' type.
src/components/GrantCardSkeleton.tsx(1,55): error TS2307: Cannot find module '@mantine/core' or its corresponding type declarations.
src/components/GrantCardSkeleton.tsx(24,7): error TS2875: This JSX tag requires the module path 'react/jsx-runtime' to exist, but none could be found. Make sure you have types for the appropriate package installed.
src/components/GrantDetailDrawer.tsx(1,44): error TS2307: Cannot find module 'react' or its corresponding type declarations.
src/components/GrantDetailDrawer.tsx(15,8): error TS2307: Cannot find module '@mantine/core' or its corresponding type declarations.
src/components/GrantDetailDrawer.tsx(30,8): error TS2307: Cannot find module '@tabler/icons-react' or its corresponding type declarations.
src/components/GrantDetailDrawer.tsx(31,55): error TS2307: Cannot find module '@tanstack/react-query' or its corresponding type declarations.
src/components/GrantDetailDrawer.tsx(32,37): error TS2307: Cannot find module 'react' or its corresponding type declarations.
src/components/GrantDetailDrawer.tsx(33,31): error TS2307: Cannot find module '@mantine/notifications' or its corresponding type declarations.
src/components/GrantDetailDrawer.tsx(34,19): error TS2307: Cannot find module 'dayjs' or its corresponding type declarations.
src/components/GrantDetailDrawer.tsx(140,15): error TS7006: Parameter 'error' implicitly has an 'any' type.
src/components/GrantDetailDrawer.tsx(224,23): error TS7006: Parameter 'prev' implicitly has an 'any' type.
src/components/GrantDetailDrawer.tsx(349,5): error TS2875: This JSX tag requires the module path 'react/jsx-runtime' to exist, but none could be found. Make sure you have types for the appropriate package installed.
src/components/GrantDetailDrawer.tsx(381,26): error TS7006: Parameter 'value' implicitly has an 'any' type.
src/components/GrantDetailDrawer.tsx(409,26): error TS7006: Parameter 'value' implicitly has an 'any' type.
src/components/GrantDetailDrawer.tsx(478,13): error TS7026: JSX element implicitly has type 'any' because no interface 'JSX.IntrinsicElements' exists.
src/components/GrantDetailDrawer.tsx(498,13): error TS7026: JSX element implicitly has type 'any' because no interface 'JSX.IntrinsicElements' exists.
src/components/GrantDetailDrawer.tsx(507,15): error TS7026: JSX element implicitly has type 'any' because no interface 'JSX.IntrinsicElements' exists.
src/components/GrantDetailDrawer.tsx(514,15): error TS7026: JSX element implicitly has type 'any' because no interface 'JSX.IntrinsicElements' exists.
src/components/GrantDetailDrawer.tsx(671,56): error TS7006: Parameter 'm' implicitly has an 'any' type.
src/components/GrantFilters.tsx(1,44): error TS2307: Cannot find module '@mantine/core' or its corresponding type declarations.
src/components/GrantFilters.tsx(2,35): error TS2307: Cannot find module '@tabler/icons-react' or its corresponding type declarations.
src/components/GrantFilters.tsx(3,26): error TS2307: Cannot find module '@tanstack/react-query' or its corresponding type declarations.
src/components/GrantFilters.tsx(46,7): error TS2578: Unused '@ts-expect-error' directive.
src/components/GrantFilters.tsx(77,5): error TS2875: This JSX tag requires the module path 'react/jsx-runtime' to exist, but none could be found. Make sure you have types for the appropriate package installed.
src/components/GrantFilters.tsx(83,22): error TS7006: Parameter 'val' implicitly has an 'any' type.
src/components/GrantFilters.tsx(94,20): error TS7006: Parameter 'val' implicitly has an 'any' type.
src/components/GrantFilters.tsx(104,20): error TS7006: Parameter 'val' implicitly has an 'any' type.
src/components/GrantTagBadges.tsx(1,30): error TS2307: Cannot find module '@mantine/core' or its corresponding type declarations.
src/components/GrantTagBadges.tsx(2,26): error TS2307: Cannot find module '@tanstack/react-query' or its corresponding type declarations.
src/components/GrantTagBadges.tsx(58,5): error TS2875: This JSX tag requires the module path 'react/jsx-runtime' to exist, but none could be found. Make sure you have types for the appropriate package installed.
src/components/ImportWizard.tsx(1,26): error TS2307: Cannot find module 'react' or its corresponding type declarations.
src/components/ImportWizard.tsx(17,8): error TS2307: Cannot find module '@mantine/core' or its corresponding type declarations.
src/components/ImportWizard.tsx(26,8): error TS2307: Cannot find module '@tabler/icons-react' or its corresponding type declarations.
src/components/ImportWizard.tsx(27,31): error TS2307: Cannot find module '@mantine/notifications' or its corresponding type declarations.
src/components/ImportWizard.tsx(90,16): error TS7006: Parameter 'prev' implicitly has an 'any' type.
src/components/ImportWizard.tsx(119,16): error TS7006: Parameter 'prev' implicitly has an 'any' type.
src/components/ImportWizard.tsx(128,14): error TS7006: Parameter 'prev' implicitly has an 'any' type.
src/components/ImportWizard.tsx(141,47): error TS7006: Parameter 'row' implicitly has an 'any' type.
src/components/ImportWizard.tsx(141,52): error TS7006: Parameter 'index' implicitly has an 'any' type.
src/components/ImportWizard.tsx(156,14): error TS7006: Parameter 'prev' implicitly has an 'any' type.
src/components/ImportWizard.tsx(164,14): error TS7006: Parameter 'prev' implicitly has an 'any' type.
src/components/ImportWizard.tsx(167,15): error TS7006: Parameter 'item' implicitly has an 'any' type.
src/components/ImportWizard.tsx(168,12): error TS7006: Parameter 'item' implicitly has an 'any' type.
src/components/ImportWizard.tsx(192,16): error TS7006: Parameter 'prev' implicitly has an 'any' type.
src/components/ImportWizard.tsx(201,16): error TS7006: Parameter 'prev' implicitly has an 'any' type.
src/components/ImportWizard.tsx(218,16): error TS7006: Parameter 'prev' implicitly has an 'any' type.
src/components/ImportWizard.tsx(247,52): error TS7006: Parameter 'sum' implicitly has an 'any' type.
src/components/ImportWizard.tsx(247,57): error TS7006: Parameter 'item' implicitly has an 'any' type.
src/components/ImportWizard.tsx(248,49): error TS7006: Parameter 'item' implicitly has an 'any' type.
src/components/ImportWizard.tsx(251,5): error TS2875: This JSX tag requires the module path 'react/jsx-runtime' to exist, but none could be found. Make sure you have types for the appropriate package installed.
src/components/ImportWizard.tsx(288,21): error TS7006: Parameter 'props' implicitly has an 'any' type.
src/components/ImportWizard.tsx(298,23): error TS7026: JSX element implicitly has type 'any' because no interface 'JSX.IntrinsicElements' exists.
src/components/ImportWizard.tsx(303,23): error TS7026: JSX element implicitly has type 'any' because no interface 'JSX.IntrinsicElements' exists.
src/components/ImportWizard.tsx(312,15): error TS7026: JSX element implicitly has type 'any' because no interface 'JSX.IntrinsicElements' exists.
src/components/ImportWizard.tsx(312,41): error TS7026: JSX element implicitly has type 'any' because no interface 'JSX.IntrinsicElements' exists.
src/components/ImportWizard.tsx(349,48): error TS7006: Parameter 'header' implicitly has an 'any' type.
src/components/ImportWizard.tsx(363,40): error TS7006: Parameter 'val' implicitly has an 'any' type.
src/components/ImportWizard.tsx(400,19): error TS7026: JSX element implicitly has type 'any' because no interface 'JSX.IntrinsicElements' exists.
src/components/ImportWizard.tsx(405,19): error TS7026: JSX element implicitly has type 'any' because no interface 'JSX.IntrinsicElements' exists.
src/components/ImportWizard.tsx(421,60): error TS7006: Parameter 'item' implicitly has an 'any' type.
src/components/ImportWizard.tsx(421,66): error TS7006: Parameter 'index' implicitly has an 'any' type.
src/components/ImportWizard.tsx(428,27): error TS7026: JSX element implicitly has type 'any' because no interface 'JSX.IntrinsicElements' exists.
src/components/ImportWizard.tsx(436,27): error TS7026: JSX element implicitly has type 'any' because no interface 'JSX.IntrinsicElements' exists.
src/components/MarketingHeader.tsx(1,26): error TS2307: Cannot find module 'react' or its corresponding type declarations.
src/components/MarketingHeader.tsx(2,22): error TS2307: Cannot find module 'react-router-dom' or its corresponding type declarations.
src/components/MarketingHeader.tsx(15,8): error TS2307: Cannot find module '@mantine/core' or its corresponding type declarations.
src/components/MarketingHeader.tsx(16,28): error TS2307: Cannot find module '@tabler/icons-react' or its corresponding type declarations.
src/components/MarketingHeader.tsx(44,22): error TS2503: Cannot find namespace 'React'.
src/components/MarketingHeader.tsx(50,21): error TS2503: Cannot find namespace 'React'.
src/components/MarketingHeader.tsx(70,5): error TS2875: This JSX tag requires the module path 'react/jsx-runtime' to exist, but none could be found. Make sure you have types for the appropriate package installed.
src/components/MentionBell.tsx(1,37): error TS2307: Cannot find module 'react' or its corresponding type declarations.
src/components/MentionBell.tsx(2,29): error TS2307: Cannot find module 'react-router-dom' or its corresponding type declarations.
src/components/MentionBell.tsx(15,8): error TS2307: Cannot find module '@mantine/core' or its corresponding type declarations.
src/components/MentionBell.tsx(16,53): error TS2307: Cannot find module '@tabler/icons-react' or its corresponding type declarations.
src/components/MentionBell.tsx(20,19): error TS2307: Cannot find module 'dayjs' or its corresponding type declarations.
src/components/MentionBell.tsx(21,26): error TS2307: Cannot find module 'dayjs/plugin/relativeTime' or its corresponding type declarations.
src/components/MentionBell.tsx(242,5): error TS2875: This JSX tag requires the module path 'react/jsx-runtime' to exist, but none could be found. Make sure you have types for the appropriate package installed.
src/components/MentionBell.tsx(294,30): error TS7006: Parameter 'mention' implicitly has an 'any' type.
src/components/MentionBell.tsx(295,17): error TS7026: JSX element implicitly has type 'any' because no interface 'JSX.IntrinsicElements' exists.
src/components/MentionBell.tsx(341,17): error TS7026: JSX element implicitly has type 'any' because no interface 'JSX.IntrinsicElements' exists.
src/components/MentionBell.tsx(348,7): error TS7026: JSX element implicitly has type 'any' because no interface 'JSX.IntrinsicElements' exists.
src/components/MentionBell.tsx(354,7): error TS7026: JSX element implicitly has type 'any' because no interface 'JSX.IntrinsicElements' exists.
src/components/MentionTextarea.tsx(1,60): error TS2307: Cannot find module '@mantine/core' or its corresponding type declarations.
src/components/MentionTextarea.tsx(2,34): error TS2307: Cannot find module 'react' or its corresponding type declarations.
src/components/MentionTextarea.tsx(3,26): error TS2307: Cannot find module '@tanstack/react-query' or its corresponding type declarations.
src/components/MentionTextarea.tsx(57,48): error TS7006: Parameter 'member' implicitly has an 'any' type.
src/components/MentionTextarea.tsx(63,28): error TS2503: Cannot find namespace 'React'.
src/components/MentionTextarea.tsx(124,29): error TS2503: Cannot find namespace 'React'.
src/components/MentionTextarea.tsx(145,5): error TS7026: JSX element implicitly has type 'any' because no interface 'JSX.IntrinsicElements' exists.
src/components/MentionTextarea.tsx(145,5): error TS2875: This JSX tag requires the module path 'react/jsx-runtime' to exist, but none could be found. Make sure you have types for the appropriate package installed.
src/components/MentionTextarea.tsx(169,35): error TS7006: Parameter 'member' implicitly has an 'any' type.
src/components/MentionTextarea.tsx(192,5): error TS7026: JSX element implicitly has type 'any' because no interface 'JSX.IntrinsicElements' exists.
src/components/NoOrganization.tsx(1,26): error TS2307: Cannot find module 'react' or its corresponding type declarations.
src/components/NoOrganization.tsx(2,87): error TS2307: Cannot find module '@mantine/core' or its corresponding type declarations.
src/components/NoOrganization.tsx(3,57): error TS2307: Cannot find module '@tabler/icons-react' or its corresponding type declarations.
src/components/NoOrganization.tsx(5,31): error TS2307: Cannot find module '@mantine/notifications' or its corresponding type declarations.
src/components/NoOrganization.tsx(80,7): error TS2875: This JSX tag requires the module path 'react/jsx-runtime' to exist, but none could be found. Make sure you have types for the appropriate package installed.
src/components/NoOrganization.tsx(148,22): error TS7006: Parameter 'e' implicitly has an 'any' type.
src/components/NoOrganization.tsx(151,23): error TS7006: Parameter 'e' implicitly has an 'any' type.
src/components/OptimizedImage.tsx(1,45): error TS2307: Cannot find module 'react' or its corresponding type declarations.
src/components/OptimizedImage.tsx(2,50): error TS2307: Cannot find module '@mantine/core' or its corresponding type declarations.
src/components/OptimizedImage.tsx(157,5): error TS2875: This JSX tag requires the module path 'react/jsx-runtime' to exist, but none could be found. Make sure you have types for the appropriate package installed.
src/components/OptimizedImage.tsx(197,11): error TS7026: JSX element implicitly has type 'any' because no interface 'JSX.IntrinsicElements' exists.
src/components/OptimizedImage.tsx(200,15): error TS7026: JSX element implicitly has type 'any' because no interface 'JSX.IntrinsicElements' exists.
src/components/OptimizedImage.tsx(205,15): error TS7026: JSX element implicitly has type 'any' because no interface 'JSX.IntrinsicElements' exists.
src/components/OptimizedImage.tsx(231,11): error TS7026: JSX element implicitly has type 'any' because no interface 'JSX.IntrinsicElements' exists.
src/components/OrgSwitcher.tsx(1,26): error TS2307: Cannot find module 'react' or its corresponding type declarations.
src/components/OrgSwitcher.tsx(2,85): error TS2307: Cannot find module '@mantine/core' or its corresponding type declarations.
src/components/OrgSwitcher.tsx(3,43): error TS2307: Cannot find module '@tabler/icons-react' or its corresponding type declarations.
src/components/OrgSwitcher.tsx(4,29): error TS2307: Cannot find module '@tanstack/react-query' or its corresponding type declarations.
src/components/OrgSwitcher.tsx(5,31): error TS2307: Cannot find module '@mantine/notifications' or its corresponding type declarations.
src/components/OrgSwitcher.tsx(46,23): error TS7006: Parameter 'org' implicitly has an 'any' type.
src/components/OrgSwitcher.tsx(85,7): error TS2875: This JSX tag requires the module path 'react/jsx-runtime' to exist, but none could be found. Make sure you have types for the appropriate package installed.
src/components/OrgSwitcher.tsx(89,19): error TS7006: Parameter 'n' implicitly has an 'any' type.
src/components/OrgSwitcher.tsx(126,23): error TS7006: Parameter 'n' implicitly has an 'any' type.
src/components/OrgSwitcher.tsx(151,24): error TS7006: Parameter 'org' implicitly has an 'any' type.
src/components/OrgSwitcher.tsx(159,25): error TS7006: Parameter 'n' implicitly has an 'any' type.
src/components/OrgSwitcher.tsx(199,22): error TS7006: Parameter 'e' implicitly has an 'any' type.
src/components/OrgSwitcher.tsx(200,23): error TS7006: Parameter 'e' implicitly has an 'any' type.
src/components/PaymentScheduleTab.tsx(1,131): error TS2307: Cannot find module '@mantine/core' or its corresponding type declarations.
src/components/PaymentScheduleTab.tsx(11,8): error TS2307: Cannot find module '@tabler/icons-react' or its corresponding type declarations.
src/components/PaymentScheduleTab.tsx(12,42): error TS2307: Cannot find module '@tanstack/react-query' or its corresponding type declarations.
src/components/PaymentScheduleTab.tsx(13,26): error TS2307: Cannot find module 'react' or its corresponding type declarations.
src/components/PaymentScheduleTab.tsx(14,31): error TS2307: Cannot find module '@mantine/notifications' or its corresponding type declarations.
src/components/PaymentScheduleTab.tsx(15,27): error TS2307: Cannot find module '@mantine/dates' or its corresponding type declarations.
src/components/PaymentScheduleTab.tsx(18,19): error TS2307: Cannot find module 'dayjs' or its corresponding type declarations.
src/components/PaymentScheduleTab.tsx(19,26): error TS2307: Cannot find module 'dayjs/plugin/relativeTime' or its corresponding type declarations.
src/components/PaymentScheduleTab.tsx(179,7): error TS2875: This JSX tag requires the module path 'react/jsx-runtime' to exist, but none could be found. Make sure you have types for the appropriate package installed.
src/components/PaymentScheduleTab.tsx(218,28): error TS7006: Parameter 'e' implicitly has an 'any' type.
src/components/PaymentScheduleTab.tsx(233,28): error TS7006: Parameter 'val' implicitly has an 'any' type.
src/components/PaymentScheduleTab.tsx(240,28): error TS7006: Parameter 'val' implicitly has an 'any' type.
src/components/PaymentScheduleTab.tsx(251,28): error TS7006: Parameter 'value' implicitly has an 'any' type.
src/components/PaymentScheduleTab.tsx(259,28): error TS7006: Parameter 'e' implicitly has an 'any' type.
src/components/PaymentScheduleTab.tsx(266,28): error TS7006: Parameter 'e' implicitly has an 'any' type.
src/components/PaymentScheduleTab.tsx(274,30): error TS7006: Parameter 'value' implicitly has an 'any' type.
src/components/PaymentScheduleTab.tsx(282,28): error TS7006: Parameter 'e' implicitly has an 'any' type.
src/components/PaymentScheduleTab.tsx(361,11): error TS7026: JSX element implicitly has type 'any' because no interface 'JSX.IntrinsicElements' exists.
src/components/PaymentScheduleTab.tsx(364,11): error TS7026: JSX element implicitly has type 'any' because no interface 'JSX.IntrinsicElements' exists.
src/components/PaymentScheduleTab.tsx(365,11): error TS7026: JSX element implicitly has type 'any' because no interface 'JSX.IntrinsicElements' exists.
src/components/PaymentScheduleTab.tsx(368,11): error TS7026: JSX element implicitly has type 'any' because no interface 'JSX.IntrinsicElements' exists.
src/components/PaymentScheduleTab.tsx(369,11): error TS7026: JSX element implicitly has type 'any' because no interface 'JSX.IntrinsicElements' exists.
src/components/PaymentScheduleTab.tsx(372,11): error TS7026: JSX element implicitly has type 'any' because no interface 'JSX.IntrinsicElements' exists.
src/components/PaymentScheduleTab.tsx(389,11): error TS7026: JSX element implicitly has type 'any' because no interface 'JSX.IntrinsicElements' exists.
src/components/PaymentScheduleTab.tsx(406,23): error TS7026: JSX element implicitly has type 'any' because no interface 'JSX.IntrinsicElements' exists.
src/components/PaymentScheduleTab.tsx(435,23): error TS7026: JSX element implicitly has type 'any' because no interface 'JSX.IntrinsicElements' exists.
src/components/PaymentScheduleTab.tsx(437,23): error TS7026: JSX element implicitly has type 'any' because no interface 'JSX.IntrinsicElements' exists.
src/components/PaymentScheduleTab.tsx(442,23): error TS7026: JSX element implicitly has type 'any' because no interface 'JSX.IntrinsicElements' exists.
src/components/PaymentScheduleTab.tsx(459,27): error TS7026: JSX element implicitly has type 'any' because no interface 'JSX.IntrinsicElements' exists.
src/components/PaymentScheduleTab.tsx(464,27): error TS7026: JSX element implicitly has type 'any' because no interface 'JSX.IntrinsicElements' exists.
src/components/PaymentScheduleTab.tsx(481,11): error TS7026: JSX element implicitly has type 'any' because no interface 'JSX.IntrinsicElements' exists.
src/components/PaymentScheduleTab.tsx(489,11): error TS7026: JSX element implicitly has type 'any' because no interface 'JSX.IntrinsicElements' exists.
src/components/PaymentScheduleTab.tsx(509,21): error TS7026: JSX element implicitly has type 'any' because no interface 'JSX.IntrinsicElements' exists.
src/components/PaymentScheduleTab.tsx(518,21): error TS7026: JSX element implicitly has type 'any' because no interface 'JSX.IntrinsicElements' exists.
src/components/PaymentScheduleTab.tsx(519,21): error TS7026: JSX element implicitly has type 'any' because no interface 'JSX.IntrinsicElements' exists.
src/components/PaymentScheduleTab.tsx(528,21): error TS7026: JSX element implicitly has type 'any' because no interface 'JSX.IntrinsicElements' exists.
src/components/PaymentScheduleTab.tsx(533,11): error TS7026: JSX element implicitly has type 'any' because no interface 'JSX.IntrinsicElements' exists.
src/components/PaymentScheduleTab.tsx(565,24): error TS7006: Parameter 'e' implicitly has an 'any' type.
src/components/PaymentScheduleTab.tsx(580,24): error TS7006: Parameter 'val' implicitly has an 'any' type.
src/components/PaymentScheduleTab.tsx(587,24): error TS7006: Parameter 'val' implicitly has an 'any' type.
src/components/PaymentScheduleTab.tsx(598,24): error TS7006: Parameter 'value' implicitly has an 'any' type.
src/components/PaymentScheduleTab.tsx(606,24): error TS7006: Parameter 'e' implicitly has an 'any' type.
src/components/PaymentScheduleTab.tsx(613,24): error TS7006: Parameter 'e' implicitly has an 'any' type.
src/components/PaymentScheduleTab.tsx(621,26): error TS7006: Parameter 'value' implicitly has an 'any' type.
src/components/PaymentScheduleTab.tsx(629,24): error TS7006: Parameter 'e' implicitly has an 'any' type.
src/components/PendingApprovalsList.tsx(1,26): error TS2307: Cannot find module 'react' or its corresponding type declarations.
src/components/PendingApprovalsList.tsx(16,8): error TS2307: Cannot find module '@mantine/core' or its corresponding type declarations.
src/components/PendingApprovalsList.tsx(25,8): error TS2307: Cannot find module '@tabler/icons-react' or its corresponding type declarations.
src/components/PendingApprovalsList.tsx(26,31): error TS2307: Cannot find module '@mantine/notifications' or its corresponding type declarations.
src/components/PendingApprovalsList.tsx(27,55): error TS2307: Cannot find module '@tanstack/react-query' or its corresponding type declarations.
src/components/PendingApprovalsList.tsx(55,17): error TS7006: Parameter 'response' implicitly has an 'any' type.
src/components/PendingApprovalsList.tsx(96,5): error TS2875: This JSX tag requires the module path 'react/jsx-runtime' to exist, but none could be found. Make sure you have types for the appropriate package installed.
src/components/PendingApprovalsList.tsx(165,28): error TS7006: Parameter 'e' implicitly has an 'any' type.
src/components/PendingApprovalsList.tsx(193,28): error TS7006: Parameter 'e' implicitly has an 'any' type.
src/components/PendingApprovalsList.tsx(248,13): error TS7026: JSX element implicitly has type 'any' because no interface 'JSX.IntrinsicElements' exists.
src/components/PendingApprovalsList.tsx(255,13): error TS7026: JSX element implicitly has type 'any' because no interface 'JSX.IntrinsicElements' exists.
src/components/PendingApprovalsList.tsx(288,11): error TS7026: JSX element implicitly has type 'any' because no interface 'JSX.IntrinsicElements' exists.
src/components/PendingApprovalsList.tsx(293,11): error TS7026: JSX element implicitly has type 'any' because no interface 'JSX.IntrinsicElements' exists.
src/components/PendingApprovalsList.tsx(377,48): error TS7006: Parameter 'r' implicitly has an 'any' type.
src/components/PendingApprovalsList.tsx(378,50): error TS7006: Parameter 'r' implicitly has an 'any' type.
src/components/PendingApprovalsList.tsx(383,9): error TS7026: JSX element implicitly has type 'any' because no interface 'JSX.IntrinsicElements' exists.
src/components/PendingApprovalsList.tsx(390,9): error TS7026: JSX element implicitly has type 'any' because no interface 'JSX.IntrinsicElements' exists.
src/components/PendingApprovalsList.tsx(398,42): error TS7006: Parameter 'val' implicitly has an 'any' type.
src/components/PendingApprovalsList.tsx(434,37): error TS7006: Parameter 'request' implicitly has an 'any' type.
src/components/PendingApprovalsList.tsx(436,44): error TS7006: Parameter 'r' implicitly has an 'any' type.
src/components/PendingApprovalsList.tsx(439,21): error TS2322: Type '{ key: any; request: any; canApprove: any; onAction: (request: ApprovalRequest) => void; }' is not assignable to type 'ApprovalRequestCardProps'.
  Property 'key' does not exist on type 'ApprovalRequestCardProps'.
src/components/PendingApprovalsList.tsx(459,39): error TS7006: Parameter 'request' implicitly has an 'any' type.
src/components/PendingApprovalsList.tsx(461,19): error TS2322: Type '{ key: any; request: any; canApprove: true; onAction: (request: ApprovalRequest) => void; }' is not assignable to type 'ApprovalRequestCardProps'.
  Property 'key' does not exist on type 'ApprovalRequestCardProps'.
src/components/PendingApprovalsList.tsx(480,39): error TS7006: Parameter 'request' implicitly has an 'any' type.
src/components/PendingApprovalsList.tsx(482,19): error TS2322: Type '{ key: any; request: any; canApprove: false; onAction: (request: ApprovalRequest) => void; }' is not assignable to type 'ApprovalRequestCardProps'.
  Property 'key' does not exist on type 'ApprovalRequestCardProps'.
src/components/PreFlightChecklistTab.tsx(1,26): error TS2307: Cannot find module 'react' or its corresponding type declarations.
src/components/PreFlightChecklistTab.tsx(24,8): error TS2307: Cannot find module '@mantine/core' or its corresponding type declarations.
src/components/PreFlightChecklistTab.tsx(39,8): error TS2307: Cannot find module '@tabler/icons-react' or its corresponding type declarations.
src/components/PreFlightChecklistTab.tsx(40,55): error TS2307: Cannot find module '@tanstack/react-query' or its corresponding type declarations.
src/components/PreFlightChecklistTab.tsx(41,31): error TS2307: Cannot find module '@mantine/notifications' or its corresponding type declarations.
src/components/PreFlightChecklistTab.tsx(42,19): error TS2307: Cannot find module 'dayjs' or its corresponding type declarations.
src/components/PreFlightChecklistTab.tsx(181,15): error TS7006: Parameter 'error' implicitly has an 'any' type.
src/components/PreFlightChecklistTab.tsx(358,7): error TS2875: This JSX tag requires the module path 'react/jsx-runtime' to exist, but none could be found. Make sure you have types for the appropriate package installed.
src/components/PreFlightChecklistTab.tsx(382,15): error TS7026: JSX element implicitly has type 'any' because no interface 'JSX.IntrinsicElements' exists.
src/components/PreFlightChecklistTab.tsx(387,15): error TS7026: JSX element implicitly has type 'any' because no interface 'JSX.IntrinsicElements' exists.
src/components/PreFlightChecklistTab.tsx(490,21): error TS7026: JSX element implicitly has type 'any' because no interface 'JSX.IntrinsicElements' exists.
src/components/PreFlightChecklistTab.tsx(497,21): error TS7026: JSX element implicitly has type 'any' because no interface 'JSX.IntrinsicElements' exists.
src/components/PreFlightChecklistTab.tsx(633,24): error TS7006: Parameter 'e' implicitly has an 'any' type.
src/components/PreFlightChecklistTab.tsx(639,24): error TS7006: Parameter 'e' implicitly has an 'any' type.
src/components/PreFlightChecklistTab.tsx(645,24): error TS7006: Parameter 'value' implicitly has an 'any' type.
src/components/PreFlightChecklistTab.tsx(659,24): error TS7006: Parameter 'value' implicitly has an 'any' type.
src/components/PreFlightChecklistTab.tsx(670,24): error TS7006: Parameter 'e' implicitly has an 'any' type.
src/components/PreFlightChecklistTab.tsx(697,26): error TS7006: Parameter 'e' implicitly has an 'any' type.
src/components/PreFlightChecklistTab.tsx(703,26): error TS7006: Parameter 'e' implicitly has an 'any' type.
src/components/PreFlightChecklistTab.tsx(709,26): error TS7006: Parameter 'value' implicitly has an 'any' type.
src/components/PreFlightChecklistTab.tsx(723,26): error TS7006: Parameter 'e' implicitly has an 'any' type.
src/components/ProtectedRoute.tsx(1,27): error TS2307: Cannot find module 'react' or its corresponding type declarations.
src/components/ProtectedRoute.tsx(2,39): error TS2307: Cannot find module 'react-router-dom' or its corresponding type declarations.
src/components/ProtectedRoute.tsx(5,86): error TS2307: Cannot find module '@mantine/core' or its corresponding type declarations.
src/components/ProtectedRoute.tsx(6,26): error TS2307: Cannot find module '@tabler/icons-react' or its corresponding type declarations.
src/components/ProtectedRoute.tsx(18,7): error TS2875: This JSX tag requires the module path 'react/jsx-runtime' to exist, but none could be found. Make sure you have types for the appropriate package installed.
src/components/QuickAddGrantModal.tsx(1,26): error TS2307: Cannot find module 'react' or its corresponding type declarations.
src/components/QuickAddGrantModal.tsx(2,77): error TS2307: Cannot find module '@mantine/core' or its corresponding type declarations.
src/components/QuickAddGrantModal.tsx(3,54): error TS2307: Cannot find module '@tabler/icons-react' or its corresponding type declarations.
src/components/QuickAddGrantModal.tsx(4,31): error TS2307: Cannot find module '@mantine/notifications' or its corresponding type declarations.
src/components/QuickAddGrantModal.tsx(136,5): error TS2875: This JSX tag requires the module path 'react/jsx-runtime' to exist, but none could be found. Make sure you have types for the appropriate package installed.
src/components/QuickAddGrantModal.tsx(148,22): error TS7006: Parameter 'e' implicitly has an 'any' type.
src/components/QuickAddGrantModal.tsx(159,13): error TS7026: JSX element implicitly has type 'any' because no interface 'JSX.IntrinsicElements' exists.
src/components/QuickAddGrantModal.tsx(161,13): error TS7026: JSX element implicitly has type 'any' because no interface 'JSX.IntrinsicElements' exists.
src/components/QuickAddGrantModal.tsx(163,13): error TS7026: JSX element implicitly has type 'any' because no interface 'JSX.IntrinsicElements' exists.
src/components/QuickSearchModal.tsx(1,97): error TS2307: Cannot find module '@mantine/core' or its corresponding type declarations.
src/components/QuickSearchModal.tsx(2,28): error TS2307: Cannot find module '@mantine/hooks' or its corresponding type declarations.
src/components/QuickSearchModal.tsx(3,56): error TS2307: Cannot find module '@tabler/icons-react' or its corresponding type declarations.
src/components/QuickSearchModal.tsx(4,37): error TS2307: Cannot find module 'react' or its corresponding type declarations.
src/components/QuickSearchModal.tsx(5,29): error TS2307: Cannot find module 'react-router-dom' or its corresponding type declarations.
src/components/QuickSearchModal.tsx(6,19): error TS2307: Cannot find module 'dayjs' or its corresponding type declarations.
src/components/QuickSearchModal.tsx(107,51): error TS7006: Parameter 'search' implicitly has an 'any' type.
src/components/QuickSearchModal.tsx(113,5): error TS2875: This JSX tag requires the module path 'react/jsx-runtime' to exist, but none could be found. Make sure you have types for the appropriate package installed.
src/components/QuickSearchModal.tsx(130,22): error TS7006: Parameter 'e' implicitly has an 'any' type.
src/components/QuickSearchModal.tsx(133,23): error TS7006: Parameter 'e' implicitly has an 'any' type.
src/components/QuickSearchModal.tsx(166,34): error TS7006: Parameter 'search' implicitly has an 'any' type.
src/components/QuickSearchModal.tsx(176,32): error TS7006: Parameter 'e' implicitly has an 'any' type.
src/components/QuickSearchModal.tsx(180,32): error TS7006: Parameter 'e' implicitly has an 'any' type.
src/components/QuickSearchModal.tsx(212,36): error TS7006: Parameter 'search' implicitly has an 'any' type.
src/components/QuickSearchModal.tsx(222,32): error TS7006: Parameter 'e' implicitly has an 'any' type.
src/components/QuickSearchModal.tsx(226,32): error TS7006: Parameter 'e' implicitly has an 'any' type.
src/components/QuickSearchModal.tsx(275,8): error TS7006: Parameter 'e' implicitly has an 'any' type.
src/components/RecommendationsSection.tsx(1,91): error TS2307: Cannot find module '@mantine/core' or its corresponding type declarations.
src/components/RecommendationsSection.tsx(2,90): error TS2307: Cannot find module '@tabler/icons-react' or its corresponding type declarations.
src/components/RecommendationsSection.tsx(3,26): error TS2307: Cannot find module '@tanstack/react-query' or its corresponding type declarations.
src/components/RecommendationsSection.tsx(7,19): error TS2307: Cannot find module 'dayjs' or its corresponding type declarations.
src/components/RecommendationsSection.tsx(67,7): error TS2875: This JSX tag requires the module path 'react/jsx-runtime' to exist, but none could be found. Make sure you have types for the appropriate package installed.
src/components/RecommendationsSection.tsx(91,11): error TS7026: JSX element implicitly has type 'any' because no interface 'JSX.IntrinsicElements' exists.
src/components/RecommendationsSection.tsx(96,11): error TS7026: JSX element implicitly has type 'any' because no interface 'JSX.IntrinsicElements' exists.
src/components/RecommendationsSection.tsx(107,11): error TS7026: JSX element implicitly has type 'any' because no interface 'JSX.IntrinsicElements' exists.
src/components/RecommendationsSection.tsx(112,11): error TS7026: JSX element implicitly has type 'any' because no interface 'JSX.IntrinsicElements' exists.
src/components/RecommendationsSection.tsx(123,15): error TS7026: JSX element implicitly has type 'any' because no interface 'JSX.IntrinsicElements' exists.
src/components/RecommendationsSection.tsx(155,15): error TS7026: JSX element implicitly has type 'any' because no interface 'JSX.IntrinsicElements' exists.
src/components/SaveToPipelineModal.tsx(1,59): error TS2307: Cannot find module '@mantine/core' or its corresponding type declarations.
src/components/SaveToPipelineModal.tsx(2,26): error TS2307: Cannot find module 'react' or its corresponding type declarations.
src/components/SaveToPipelineModal.tsx(3,26): error TS2307: Cannot find module '@tanstack/react-query' or its corresponding type declarations.
src/components/SaveToPipelineModal.tsx(93,5): error TS2875: This JSX tag requires the module path 'react/jsx-runtime' to exist, but none could be found. Make sure you have types for the appropriate package installed.
src/components/SaveToPipelineModal.tsx(102,33): error TS7026: JSX element implicitly has type 'any' because no interface 'JSX.IntrinsicElements' exists.
src/components/SaveToPipelineModal.tsx(102,53): error TS7026: JSX element implicitly has type 'any' because no interface 'JSX.IntrinsicElements' exists.
src/components/SaveToPipelineModal.tsx(110,22): error TS7006: Parameter 'val' implicitly has an 'any' type.
src/components/SaveToPipelineModal.tsx(119,22): error TS7006: Parameter 'val' implicitly has an 'any' type.
src/components/SavedViewsPanel.tsx(15,8): error TS2307: Cannot find module '@mantine/core' or its corresponding type declarations.
src/components/SavedViewsPanel.tsx(16,31): error TS2307: Cannot find module '@mantine/notifications' or its corresponding type declarations.
src/components/SavedViewsPanel.tsx(23,8): error TS2307: Cannot find module '@tabler/icons-react' or its corresponding type declarations.
src/components/SavedViewsPanel.tsx(24,42): error TS2307: Cannot find module '@tanstack/react-query' or its corresponding type declarations.
src/components/SavedViewsPanel.tsx(25,26): error TS2307: Cannot find module 'react' or its corresponding type declarations.
src/components/SavedViewsPanel.tsx(100,33): error TS7006: Parameter 'v' implicitly has an 'any' type.
src/components/SavedViewsPanel.tsx(101,37): error TS7006: Parameter 'v' implicitly has an 'any' type.
src/components/SavedViewsPanel.tsx(258,5): error TS2875: This JSX tag requires the module path 'react/jsx-runtime' to exist, but none could be found. Make sure you have types for the appropriate package installed.
src/components/SavedViewsPanel.tsx(287,29): error TS7006: Parameter 'view' implicitly has an 'any' type.
src/components/SavedViewsPanel.tsx(297,34): error TS7006: Parameter 'e' implicitly has an 'any' type.
src/components/SavedViewsPanel.tsx(303,34): error TS7006: Parameter 'e' implicitly has an 'any' type.
src/components/SavedViewsPanel.tsx(333,37): error TS7006: Parameter 'e' implicitly has an 'any' type.
src/components/SavedViewsPanel.tsx(343,37): error TS7006: Parameter 'e' implicitly has an 'any' type.
src/components/SavedViewsPanel.tsx(353,37): error TS7006: Parameter 'e' implicitly has an 'any' type.
src/components/SavedViewsPanel.tsx(374,33): error TS7006: Parameter 'view' implicitly has an 'any' type.
src/components/SavedViewsPanel.tsx(384,34): error TS7006: Parameter 'e' implicitly has an 'any' type.
src/components/SavedViewsPanel.tsx(390,34): error TS7006: Parameter 'e' implicitly has an 'any' type.
src/components/SavedViewsPanel.tsx(446,24): error TS7006: Parameter 'e' implicitly has an 'any' type.
src/components/SavedViewsPanel.tsx(453,24): error TS7006: Parameter 'e' implicitly has an 'any' type.
src/components/SavedViewsPanel.tsx(460,24): error TS7006: Parameter 'e' implicitly has an 'any' type.
src/components/ScrollToTop.tsx(1,27): error TS2307: Cannot find module 'react' or its corresponding type declarations.
src/components/ScrollToTop.tsx(2,29): error TS2307: Cannot find module 'react-router-dom' or its corresponding type declarations.
src/components/SettingsLayout.tsx(1,27): error TS2307: Cannot find module 'react' or its corresponding type declarations.
src/components/SettingsLayout.tsx(2,42): error TS2307: Cannot find module 'react-router-dom' or its corresponding type declarations.
src/components/SettingsLayout.tsx(11,8): error TS2307: Cannot find module '@mantine/core' or its corresponding type declarations.
src/components/SettingsLayout.tsx(24,8): error TS2307: Cannot find module '@tabler/icons-react' or its corresponding type declarations.
src/components/SettingsLayout.tsx(117,5): error TS2875: This JSX tag requires the module path 'react/jsx-runtime' to exist, but none could be found. Make sure you have types for the appropriate package installed.
src/components/StageTransitionButton.tsx(1,26): error TS2307: Cannot find module 'react' or its corresponding type declarations.
src/components/StageTransitionButton.tsx(11,8): error TS2307: Cannot find module '@mantine/core' or its corresponding type declarations.
src/components/StageTransitionButton.tsx(17,8): error TS2307: Cannot find module '@tabler/icons-react' or its corresponding type declarations.
src/components/StageTransitionButton.tsx(18,31): error TS2307: Cannot find module '@mantine/notifications' or its corresponding type declarations.
src/components/StageTransitionButton.tsx(19,55): error TS2307: Cannot find module '@tanstack/react-query' or its corresponding type declarations.
src/components/StageTransitionButton.tsx(88,17): error TS7006: Parameter 'result' implicitly has an 'any' type.
src/components/StageTransitionButton.tsx(133,5): error TS2875: This JSX tag requires the module path 'react/jsx-runtime' to exist, but none could be found. Make sure you have types for the appropriate package installed.
src/components/StageTransitionButton.tsx(169,22): error TS7006: Parameter 'e' implicitly has an 'any' type.
src/components/StageTransitionButton.tsx(258,41): error TS7006: Parameter 'transition' implicitly has an 'any' type.
src/components/StorageQuotaIndicator.tsx(1,26): error TS2307: Cannot find module '@tanstack/react-query' or its corresponding type declarations.
src/components/StorageQuotaIndicator.tsx(11,8): error TS2307: Cannot find module '@mantine/core' or its corresponding type declarations.
src/components/StorageQuotaIndicator.tsx(16,8): error TS2307: Cannot find module '@tabler/icons-react' or its corresponding type declarations.
src/components/StorageQuotaIndicator.tsx(77,7): error TS2875: This JSX tag requires the module path 'react/jsx-runtime' to exist, but none could be found. Make sure you have types for the appropriate package installed.
src/components/SuccessScoreBadge.tsx(1,53): error TS2307: Cannot find module '@mantine/core' or its corresponding type declarations.
src/components/SuccessScoreBadge.tsx(2,41): error TS2307: Cannot find module '@tabler/icons-react' or its corresponding type declarations.
src/components/SuccessScoreBadge.tsx(3,26): error TS2307: Cannot find module '@tanstack/react-query' or its corresponding type declarations.
src/components/SuccessScoreBadge.tsx(6,22): error TS2307: Cannot find module 'react-router-dom' or its corresponding type declarations.
src/components/SuccessScoreBadge.tsx(52,7): error TS2875: This JSX tag requires the module path 'react/jsx-runtime' to exist, but none could be found. Make sure you have types for the appropriate package installed.
src/components/SuccessScoreBadge.tsx(54,11): error TS7026: JSX element implicitly has type 'any' because no interface 'JSX.IntrinsicElements' exists.
src/components/SuccessScoreBadge.tsx(62,11): error TS7026: JSX element implicitly has type 'any' because no interface 'JSX.IntrinsicElements' exists.
src/components/SuccessScoreBadge.tsx(92,11): error TS7026: JSX element implicitly has type 'any' because no interface 'JSX.IntrinsicElements' exists.
src/components/SuccessScoreBadge.tsx(95,11): error TS7026: JSX element implicitly has type 'any' because no interface 'JSX.IntrinsicElements' exists.
src/components/SuccessScoreBadge.tsx(125,11): error TS7026: JSX element implicitly has type 'any' because no interface 'JSX.IntrinsicElements' exists.
src/components/SuccessScoreBadge.tsx(129,11): error TS7026: JSX element implicitly has type 'any' because no interface 'JSX.IntrinsicElements' exists.
src/components/SuccessScoreBadge.tsx(149,9): error TS7026: JSX element implicitly has type 'any' because no interface 'JSX.IntrinsicElements' exists.
src/components/SuccessScoreBadge.tsx(162,9): error TS7026: JSX element implicitly has type 'any' because no interface 'JSX.IntrinsicElements' exists.
src/components/TaskList.tsx(1,26): error TS2307: Cannot find module 'react' or its corresponding type declarations.
src/components/TaskList.tsx(17,8): error TS2307: Cannot find module '@mantine/core' or its corresponding type declarations.
src/components/TaskList.tsx(27,8): error TS2307: Cannot find module '@tabler/icons-react' or its corresponding type declarations.
src/components/TaskList.tsx(28,55): error TS2307: Cannot find module '@tanstack/react-query' or its corresponding type declarations.
src/components/TaskList.tsx(29,31): error TS2307: Cannot find module '@mantine/notifications' or its corresponding type declarations.
src/components/TaskList.tsx(30,19): error TS2307: Cannot find module 'dayjs' or its corresponding type declarations.
src/components/TaskList.tsx(41,8): error TS2307: Cannot find module '@dnd-kit/core' or its corresponding type declarations.
src/components/TaskList.tsx(48,8): error TS2307: Cannot find module '@dnd-kit/sortable' or its corresponding type declarations.
src/components/TaskList.tsx(49,21): error TS2307: Cannot find module '@dnd-kit/utilities' or its corresponding type declarations.
src/components/TaskList.tsx(126,5): error TS2875: This JSX tag requires the module path 'react/jsx-runtime' to exist, but none could be found. Make sure you have types for the appropriate package installed.
src/components/TaskList.tsx(542,17): error TS2322: Type '{ key: string; task: Task; onToggleComplete: (task: Task) => void; onEdit: any; onDelete: any; teamMembers: any; }' is not assignable to type 'SortableTaskItemProps'.
  Property 'key' does not exist on type 'SortableTaskItemProps'.
src/components/TaskList.tsx(577,24): error TS7006: Parameter 'e' implicitly has an 'any' type.
src/components/TaskList.tsx(583,24): error TS7006: Parameter 'e' implicitly has an 'any' type.
src/components/TaskList.tsx(589,24): error TS7006: Parameter 'value' implicitly has an 'any' type.
src/components/TaskList.tsx(604,24): error TS7006: Parameter 'e' implicitly has an 'any' type.
src/components/TaskList.tsx(611,24): error TS7006: Parameter 'value' implicitly has an 'any' type.
src/components/TaskList.tsx(644,26): error TS7006: Parameter 'e' implicitly has an 'any' type.
src/components/TaskList.tsx(652,26): error TS7006: Parameter 'e' implicitly has an 'any' type.
src/components/TaskList.tsx(660,26): error TS7006: Parameter 'value' implicitly has an 'any' type.
src/components/TaskList.tsx(677,26): error TS7006: Parameter 'e' implicitly has an 'any' type.
src/components/TaskList.tsx(684,26): error TS7006: Parameter 'value' implicitly has an 'any' type.
src/components/TaskList.tsx(702,26): error TS7006: Parameter 'value' implicitly has an 'any' type.
src/components/UserMenu.tsx(1,26): error TS2307: Cannot find module 'react' or its corresponding type declarations.
src/components/UserMenu.tsx(2,85): error TS2307: Cannot find module '@mantine/core' or its corresponding type declarations.
src/components/UserMenu.tsx(9,8): error TS2307: Cannot find module '@tabler/icons-react' or its corresponding type declarations.
src/components/UserMenu.tsx(10,29): error TS2307: Cannot find module 'react-router-dom' or its corresponding type declarations.
src/components/UserMenu.tsx(13,39): error TS2307: Cannot find module '@tanstack/react-query' or its corresponding type declarations.
src/components/UserMenu.tsx(15,31): error TS2307: Cannot find module '@mantine/notifications' or its corresponding type declarations.
src/components/UserMenu.tsx(84,23): error TS7006: Parameter 'org' implicitly has an 'any' type.
src/components/UserMenu.tsx(122,5): error TS2875: This JSX tag requires the module path 'react/jsx-runtime' to exist, but none could be found. Make sure you have types for the appropriate package installed.
src/components/UserMenu.tsx(177,27): error TS7006: Parameter 'n' implicitly has an 'any' type.
src/components/UserMenu.tsx(200,53): error TS7006: Parameter 'org' implicitly has an 'any' type.
src/components/UserMenu.tsx(200,91): error TS7006: Parameter 'org' implicitly has an 'any' type.
src/components/UserMenu.tsx(208,29): error TS7006: Parameter 'n' implicitly has an 'any' type.
src/components/UserMenu.tsx(257,24): error TS7006: Parameter 'e' implicitly has an 'any' type.
src/components/UserMenu.tsx(258,25): error TS7006: Parameter 'e' implicitly has an 'any' type.
src/components/calendar/CalendarModals.tsx(12,8): error TS2307: Cannot find module '@mantine/core' or its corresponding type declarations.
src/components/calendar/CalendarModals.tsx(73,5): error TS2875: This JSX tag requires the module path 'react/jsx-runtime' to exist, but none could be found. Make sure you have types for the appropriate package installed.
src/components/calendar/CalendarModals.tsx(119,15): error TS7026: JSX element implicitly has type 'any' because no interface 'JSX.IntrinsicElements' exists.
src/components/calendar/CalendarModals.tsx(120,17): error TS7026: JSX element implicitly has type 'any' because no interface 'JSX.IntrinsicElements' exists.
src/components/calendar/CalendarModals.tsx(120,64): error TS7026: JSX element implicitly has type 'any' because no interface 'JSX.IntrinsicElements' exists.
src/components/calendar/CalendarModals.tsx(121,17): error TS7026: JSX element implicitly has type 'any' because no interface 'JSX.IntrinsicElements' exists.
src/components/calendar/CalendarModals.tsx(121,90): error TS7026: JSX element implicitly has type 'any' because no interface 'JSX.IntrinsicElements' exists.
src/components/calendar/CalendarModals.tsx(122,17): error TS7026: JSX element implicitly has type 'any' because no interface 'JSX.IntrinsicElements' exists.
src/components/calendar/CalendarModals.tsx(122,92): error TS7026: JSX element implicitly has type 'any' because no interface 'JSX.IntrinsicElements' exists.
src/components/calendar/CalendarModals.tsx(123,17): error TS7026: JSX element implicitly has type 'any' because no interface 'JSX.IntrinsicElements' exists.
src/components/calendar/CalendarModals.tsx(123,78): error TS7026: JSX element implicitly has type 'any' because no interface 'JSX.IntrinsicElements' exists.
src/components/calendar/CalendarModals.tsx(124,15): error TS7026: JSX element implicitly has type 'any' because no interface 'JSX.IntrinsicElements' exists.
src/components/calendar/CalendarModals.tsx(132,24): error TS7006: Parameter 'e' implicitly has an 'any' type.
src/components/calendar/CalendarModals.tsx(164,24): error TS7006: Parameter 'e' implicitly has an 'any' type.
src/components/calendar/CalendarModals.tsx(172,24): error TS7006: Parameter 'e' implicitly has an 'any' type.
src/components/calendar/CalendarModals.tsx(180,24): error TS7006: Parameter 'e' implicitly has an 'any' type.
src/components/calendar/CalendarModals.tsx(189,24): error TS7006: Parameter 'value' implicitly has an 'any' type.
src/components/calendar/CalendarModals.tsx(241,15): error TS7026: JSX element implicitly has type 'any' because no interface 'JSX.IntrinsicElements' exists.
src/components/calendar/CalendarModals.tsx(242,17): error TS7026: JSX element implicitly has type 'any' because no interface 'JSX.IntrinsicElements' exists.
src/components/calendar/CalendarModals.tsx(242,81): error TS7026: JSX element implicitly has type 'any' because no interface 'JSX.IntrinsicElements' exists.
src/components/calendar/CalendarModals.tsx(243,17): error TS7026: JSX element implicitly has type 'any' because no interface 'JSX.IntrinsicElements' exists.
src/components/calendar/CalendarModals.tsx(243,83): error TS7026: JSX element implicitly has type 'any' because no interface 'JSX.IntrinsicElements' exists.
src/components/calendar/CalendarModals.tsx(244,17): error TS7026: JSX element implicitly has type 'any' because no interface 'JSX.IntrinsicElements' exists.
src/components/calendar/CalendarModals.tsx(244,61): error TS7026: JSX element implicitly has type 'any' because no interface 'JSX.IntrinsicElements' exists.
src/components/calendar/CalendarModals.tsx(245,17): error TS7026: JSX element implicitly has type 'any' because no interface 'JSX.IntrinsicElements' exists.
src/components/calendar/CalendarModals.tsx(245,92): error TS7026: JSX element implicitly has type 'any' because no interface 'JSX.IntrinsicElements' exists.
src/components/calendar/CalendarModals.tsx(246,15): error TS7026: JSX element implicitly has type 'any' because no interface 'JSX.IntrinsicElements' exists.
src/components/calendar/CalendarModals.tsx(253,15): error TS7026: JSX element implicitly has type 'any' because no interface 'JSX.IntrinsicElements' exists.
src/components/calendar/CalendarModals.tsx(254,17): error TS7026: JSX element implicitly has type 'any' because no interface 'JSX.IntrinsicElements' exists.
src/components/calendar/CalendarModals.tsx(254,61): error TS7026: JSX element implicitly has type 'any' because no interface 'JSX.IntrinsicElements' exists.
src/components/calendar/CalendarModals.tsx(255,17): error TS7026: JSX element implicitly has type 'any' because no interface 'JSX.IntrinsicElements' exists.
src/components/calendar/CalendarModals.tsx(255,82): error TS7026: JSX element implicitly has type 'any' because no interface 'JSX.IntrinsicElements' exists.
src/components/calendar/CalendarModals.tsx(256,17): error TS7026: JSX element implicitly has type 'any' because no interface 'JSX.IntrinsicElements' exists.
src/components/calendar/CalendarModals.tsx(256,87): error TS7026: JSX element implicitly has type 'any' because no interface 'JSX.IntrinsicElements' exists.
src/components/calendar/CalendarModals.tsx(257,17): error TS7026: JSX element implicitly has type 'any' because no interface 'JSX.IntrinsicElements' exists.
src/components/calendar/CalendarModals.tsx(257,80): error TS7026: JSX element implicitly has type 'any' because no interface 'JSX.IntrinsicElements' exists.
src/components/calendar/CalendarModals.tsx(258,15): error TS7026: JSX element implicitly has type 'any' because no interface 'JSX.IntrinsicElements' exists.
src/components/calendar/CalendarModals.tsx(265,15): error TS7026: JSX element implicitly has type 'any' because no interface 'JSX.IntrinsicElements' exists.
src/components/calendar/CalendarModals.tsx(266,17): error TS7026: JSX element implicitly has type 'any' because no interface 'JSX.IntrinsicElements' exists.
src/components/calendar/CalendarModals.tsx(266,65): error TS7026: JSX element implicitly has type 'any' because no interface 'JSX.IntrinsicElements' exists.
src/components/calendar/CalendarModals.tsx(267,17): error TS7026: JSX element implicitly has type 'any' because no interface 'JSX.IntrinsicElements' exists.
src/components/calendar/CalendarModals.tsx(267,96): error TS7026: JSX element implicitly has type 'any' because no interface 'JSX.IntrinsicElements' exists.
src/components/calendar/CalendarModals.tsx(268,17): error TS7026: JSX element implicitly has type 'any' because no interface 'JSX.IntrinsicElements' exists.
src/components/calendar/CalendarModals.tsx(268,66): error TS7026: JSX element implicitly has type 'any' because no interface 'JSX.IntrinsicElements' exists.
src/components/calendar/CalendarModals.tsx(269,17): error TS7026: JSX element implicitly has type 'any' because no interface 'JSX.IntrinsicElements' exists.
src/components/calendar/CalendarModals.tsx(269,80): error TS7026: JSX element implicitly has type 'any' because no interface 'JSX.IntrinsicElements' exists.
src/components/calendar/CalendarModals.tsx(270,15): error TS7026: JSX element implicitly has type 'any' because no interface 'JSX.IntrinsicElements' exists.
src/components/calendar/GoogleCalendarSection.tsx(1,74): error TS2307: Cannot find module '@mantine/core' or its corresponding type declarations.
src/components/calendar/GoogleCalendarSection.tsx(21,5): error TS2875: This JSX tag requires the module path 'react/jsx-runtime' to exist, but none could be found. Make sure you have types for the appropriate package installed.
src/components/calendar/GoogleCalendarSection.tsx(23,9): error TS7026: JSX element implicitly has type 'any' because no interface 'JSX.IntrinsicElements' exists.
src/components/calendar/GoogleCalendarSection.tsx(30,9): error TS7026: JSX element implicitly has type 'any' because no interface 'JSX.IntrinsicElements' exists.
src/components/calendar/ICSFeedSection.tsx(1,111): error TS2307: Cannot find module '@mantine/core' or its corresponding type declarations.
src/components/calendar/ICSFeedSection.tsx(2,68): error TS2307: Cannot find module '@tabler/icons-react' or its corresponding type declarations.
src/components/calendar/ICSFeedSection.tsx(13,5): error TS2875: This JSX tag requires the module path 'react/jsx-runtime' to exist, but none could be found. Make sure you have types for the appropriate package installed.
src/components/calendar/ICSFeedSection.tsx(15,9): error TS7026: JSX element implicitly has type 'any' because no interface 'JSX.IntrinsicElements' exists.
src/components/calendar/ICSFeedSection.tsx(22,9): error TS7026: JSX element implicitly has type 'any' because no interface 'JSX.IntrinsicElements' exists.
src/components/calendar/ICSFeedSection.tsx(26,9): error TS7026: JSX element implicitly has type 'any' because no interface 'JSX.IntrinsicElements' exists.
src/components/calendar/ICSFeedSection.tsx(43,19): error TS7031: Binding element 'copied' implicitly has an 'any' type.
src/components/calendar/ICSFeedSection.tsx(43,27): error TS7031: Binding element 'copy' implicitly has an 'any' type.
src/components/calendar/ICSFeedSection.tsx(60,9): error TS7026: JSX element implicitly has type 'any' because no interface 'JSX.IntrinsicElements' exists.
src/components/calendar/IntegrationsSection.tsx(1,77): error TS2307: Cannot find module '@mantine/core' or its corresponding type declarations.
src/components/calendar/IntegrationsSection.tsx(2,76): error TS2307: Cannot find module '@tabler/icons-react' or its corresponding type declarations.
src/components/calendar/IntegrationsSection.tsx(48,5): error TS2875: This JSX tag requires the module path 'react/jsx-runtime' to exist, but none could be found. Make sure you have types for the appropriate package installed.
src/components/calendar/IntegrationsSection.tsx(49,7): error TS7026: JSX element implicitly has type 'any' because no interface 'JSX.IntrinsicElements' exists.
src/components/calendar/IntegrationsSection.tsx(56,7): error TS7026: JSX element implicitly has type 'any' because no interface 'JSX.IntrinsicElements' exists.
src/components/calendar/IntegrationsSection.tsx(71,15): error TS7026: JSX element implicitly has type 'any' because no interface 'JSX.IntrinsicElements' exists.
src/components/calendar/IntegrationsSection.tsx(78,15): error TS7026: JSX element implicitly has type 'any' because no interface 'JSX.IntrinsicElements' exists.
src/components/calendar/IntegrationsSection.tsx(88,30): error TS7026: JSX element implicitly has type 'any' because no interface 'JSX.IntrinsicElements' exists.
src/components/calendar/IntegrationsSection.tsx(88,70): error TS7026: JSX element implicitly has type 'any' because no interface 'JSX.IntrinsicElements' exists.
src/components/calendar/IntegrationsSection.tsx(130,15): error TS7026: JSX element implicitly has type 'any' because no interface 'JSX.IntrinsicElements' exists.
src/components/calendar/IntegrationsSection.tsx(137,15): error TS7026: JSX element implicitly has type 'any' because no interface 'JSX.IntrinsicElements' exists.
src/components/calendar/IntegrationsSection.tsx(185,13): error TS7026: JSX element implicitly has type 'any' because no interface 'JSX.IntrinsicElements' exists.
src/components/calendar/IntegrationsSection.tsx(192,13): error TS7026: JSX element implicitly has type 'any' because no interface 'JSX.IntrinsicElements' exists.
src/components/calendar/IntegrationsSection.tsx(210,21): error TS7026: JSX element implicitly has type 'any' because no interface 'JSX.IntrinsicElements' exists.
src/components/calendar/IntegrationsSection.tsx(225,21): error TS7026: JSX element implicitly has type 'any' because no interface 'JSX.IntrinsicElements' exists.
src/components/discover/DiscoverFilters.tsx(10,8): error TS2307: Cannot find module '@mantine/core' or its corresponding type declarations.
src/components/discover/DiscoverFilters.tsx(11,70): error TS2307: Cannot find module '@tabler/icons-react' or its corresponding type declarations.
src/components/discover/DiscoverFilters.tsx(48,5): error TS2875: This JSX tag requires the module path 'react/jsx-runtime' to exist, but none could be found. Make sure you have types for the appropriate package installed.
src/components/discover/DiscoverFilters.tsx(60,24): error TS7006: Parameter 'e' implicitly has an 'any' type.
src/components/discover/DiscoverFilters.tsx(108,24): error TS7006: Parameter 'value' implicitly has an 'any' type.
src/components/discover/DiscoverFilters.tsx(120,24): error TS7006: Parameter 'e' implicitly has an 'any' type.
src/components/discover/DiscoverFilters.tsx(125,24): error TS7006: Parameter 'e' implicitly has an 'any' type.
src/components/discover/DiscoverHeader.tsx(1,60): error TS2307: Cannot find module '@mantine/core' or its corresponding type declarations.
src/components/discover/DiscoverHeader.tsx(2,26): error TS2307: Cannot find module '@tabler/icons-react' or its corresponding type declarations.
src/components/discover/DiscoverHeader.tsx(3,22): error TS2307: Cannot find module 'react-router-dom' or its corresponding type declarations.
src/components/discover/DiscoverHeader.tsx(12,5): error TS2875: This JSX tag requires the module path 'react/jsx-runtime' to exist, but none could be found. Make sure you have types for the appropriate package installed.
src/components/discover/DiscoverResultsHeader.tsx(1,37): error TS2307: Cannot find module '@mantine/core' or its corresponding type declarations.
src/components/discover/DiscoverResultsHeader.tsx(24,5): error TS2875: This JSX tag requires the module path 'react/jsx-runtime' to exist, but none could be found. Make sure you have types for the appropriate package installed.
src/components/discover/GrantCard.tsx(10,8): error TS2307: Cannot find module '@mantine/core' or its corresponding type declarations.
src/components/discover/GrantCard.tsx(16,8): error TS2307: Cannot find module '@tabler/icons-react' or its corresponding type declarations.
src/components/discover/GrantCard.tsx(17,19): error TS2307: Cannot find module 'dayjs' or its corresponding type declarations.
src/components/discover/GrantCard.tsx(48,5): error TS2875: This JSX tag requires the module path 'react/jsx-runtime' to exist, but none could be found. Make sure you have types for the appropriate package installed.
src/components/discover/GrantCard.tsx(57,22): error TS7006: Parameter 'e' implicitly has an 'any' type.
src/components/discover/GrantCard.tsx(61,22): error TS7006: Parameter 'e' implicitly has an 'any' type.
src/components/discover/GrantCard.tsx(105,25): error TS7006: Parameter 'e' implicitly has an 'any' type.
src/components/discover/GrantCard.tsx(128,25): error TS7006: Parameter 'e' implicitly has an 'any' type.
src/components/discover/GrantCard.tsx(146,25): error TS7006: Parameter 'e' implicitly has an 'any' type.
src/components/discover/GrantDetailsModal.tsx(12,8): error TS2307: Cannot find module '@mantine/core' or its corresponding type declarations.
src/components/discover/GrantDetailsModal.tsx(13,34): error TS2307: Cannot find module '@tabler/icons-react' or its corresponding type declarations.
src/components/discover/GrantDetailsModal.tsx(14,19): error TS2307: Cannot find module 'dayjs' or its corresponding type declarations.
src/components/discover/GrantDetailsModal.tsx(36,5): error TS2875: This JSX tag requires the module path 'react/jsx-runtime' to exist, but none could be found. Make sure you have types for the appropriate package installed.
src/components/discover/GrantDetailsModal.tsx(103,19): error TS7026: JSX element implicitly has type 'any' because no interface 'JSX.IntrinsicElements' exists.
src/components/discover/GrantDetailsModal.tsx(110,19): error TS7026: JSX element implicitly has type 'any' because no interface 'JSX.IntrinsicElements' exists.
src/components/discover/GrantDetailsModal.tsx(113,19): error TS7026: JSX element implicitly has type 'any' because no interface 'JSX.IntrinsicElements' exists.
src/components/discover/GrantDetailsModal.tsx(120,19): error TS7026: JSX element implicitly has type 'any' because no interface 'JSX.IntrinsicElements' exists.
src/components/discover/GrantDetailsModal.tsx(136,21): error TS7026: JSX element implicitly has type 'any' because no interface 'JSX.IntrinsicElements' exists.
src/components/discover/GrantDetailsModal.tsx(141,21): error TS7026: JSX element implicitly has type 'any' because no interface 'JSX.IntrinsicElements' exists.
src/components/discover/GrantDetailsModal.tsx(144,21): error TS7026: JSX element implicitly has type 'any' because no interface 'JSX.IntrinsicElements' exists.
src/components/discover/GrantDetailsModal.tsx(149,21): error TS7026: JSX element implicitly has type 'any' because no interface 'JSX.IntrinsicElements' exists.
src/components/discover/GrantDetailsModal.tsx(152,21): error TS7026: JSX element implicitly has type 'any' because no interface 'JSX.IntrinsicElements' exists.
src/components/discover/GrantDetailsModal.tsx(157,21): error TS7026: JSX element implicitly has type 'any' because no interface 'JSX.IntrinsicElements' exists.
src/components/discover/GrantDetailsModal.tsx(160,21): error TS7026: JSX element implicitly has type 'any' because no interface 'JSX.IntrinsicElements' exists.
src/components/discover/GrantDetailsModal.tsx(165,21): error TS7026: JSX element implicitly has type 'any' because no interface 'JSX.IntrinsicElements' exists.
src/components/grant-detail/GrantDeadlineInfo.tsx(1,34): error TS2307: Cannot find module '@mantine/core' or its corresponding type declarations.
src/components/grant-detail/GrantDeadlineInfo.tsx(2,41): error TS2307: Cannot find module '@tabler/icons-react' or its corresponding type declarations.
src/components/grant-detail/GrantDeadlineInfo.tsx(3,19): error TS2307: Cannot find module 'dayjs' or its corresponding type declarations.
src/components/grant-detail/GrantDeadlineInfo.tsx(19,5): error TS2875: This JSX tag requires the module path 'react/jsx-runtime' to exist, but none could be found. Make sure you have types for the appropriate package installed.
src/components/grant-detail/GrantDeadlineInfo.tsx(41,9): error TS7026: JSX element implicitly has type 'any' because no interface 'JSX.IntrinsicElements' exists.
src/components/grant-detail/GrantDeadlineInfo.tsx(61,9): error TS7026: JSX element implicitly has type 'any' because no interface 'JSX.IntrinsicElements' exists.
src/components/grant-detail/GrantDeadlineInfo.tsx(69,11): error TS7026: JSX element implicitly has type 'any' because no interface 'JSX.IntrinsicElements' exists.
src/components/grant-detail/GrantDeadlineInfo.tsx(76,11): error TS7026: JSX element implicitly has type 'any' because no interface 'JSX.IntrinsicElements' exists.
src/components/grant-detail/GrantHeader.tsx(1,49): error TS2307: Cannot find module '@mantine/core' or its corresponding type declarations.
src/components/grant-detail/GrantHeader.tsx(2,30): error TS2307: Cannot find module '@tabler/icons-react' or its corresponding type declarations.
src/components/grant-detail/GrantHeader.tsx(31,5): error TS2875: This JSX tag requires the module path 'react/jsx-runtime' to exist, but none could be found. Make sure you have types for the appropriate package installed.
src/components/grant-detail/GrantHeader.tsx(36,22): error TS7006: Parameter 'value' implicitly has an 'any' type.
src/components/grant-detail/GrantHeader.tsx(63,22): error TS7006: Parameter 'value' implicitly has an 'any' type.
src/components/grant-detail/GrantInfoSection.tsx(1,49): error TS2307: Cannot find module '@mantine/core' or its corresponding type declarations.
src/components/grant-detail/GrantInfoSection.tsx(2,47): error TS2307: Cannot find module '@tabler/icons-react' or its corresponding type declarations.
src/components/grant-detail/GrantInfoSection.tsx(3,19): error TS2307: Cannot find module 'dayjs' or its corresponding type declarations.
src/components/grant-detail/GrantInfoSection.tsx(26,5): error TS2875: This JSX tag requires the module path 'react/jsx-runtime' to exist, but none could be found. Make sure you have types for the appropriate package installed.
src/components/pipeline/BulkActionsToolbar.tsx(1,62): error TS2307: Cannot find module '@mantine/core' or its corresponding type declarations.
src/components/pipeline/BulkActionsToolbar.tsx(2,44): error TS2307: Cannot find module '@tabler/icons-react' or its corresponding type declarations.
src/components/pipeline/BulkActionsToolbar.tsx(24,5): error TS2875: This JSX tag requires the module path 'react/jsx-runtime' to exist, but none could be found. Make sure you have types for the appropriate package installed.
src/components/pipeline/PipelineBoardView.tsx(1,35): error TS2307: Cannot find module 'react' or its corresponding type declarations.
src/components/pipeline/PipelineBoardView.tsx(13,8): error TS2307: Cannot find module '@mantine/core' or its corresponding type declarations.
src/components/pipeline/PipelineBoardView.tsx(22,8): error TS2307: Cannot find module '@tabler/icons-react' or its corresponding type declarations.
src/components/pipeline/PipelineBoardView.tsx(23,29): error TS2307: Cannot find module 'react-router-dom' or its corresponding type declarations.
src/components/pipeline/PipelineBoardView.tsx(24,31): error TS2307: Cannot find module '@mantine/notifications' or its corresponding type declarations.
src/components/pipeline/PipelineBoardView.tsx(25,19): error TS2307: Cannot find module 'dayjs' or its corresponding type declarations.
src/components/pipeline/PipelineBoardView.tsx(47,20): error TS2503: Cannot find namespace 'React'.
src/components/pipeline/PipelineBoardView.tsx(49,19): error TS2503: Cannot find namespace 'React'.
src/components/pipeline/PipelineBoardView.tsx(50,15): error TS2503: Cannot find namespace 'React'.
src/components/pipeline/PipelineBoardView.tsx(83,5): error TS2875: This JSX tag requires the module path 'react/jsx-runtime' to exist, but none could be found. Make sure you have types for the appropriate package installed.
src/components/pipeline/PipelineBoardView.tsx(90,22): error TS7006: Parameter 'e' implicitly has an 'any' type.
src/components/pipeline/PipelineBoardView.tsx(126,37): error TS7006: Parameter 'e' implicitly has an 'any' type.
src/components/pipeline/PipelineBoardView.tsx(132,35): error TS7006: Parameter 'e' implicitly has an 'any' type.
src/components/pipeline/PipelineBoardView.tsx(143,38): error TS7006: Parameter 'e' implicitly has an 'any' type.
src/components/pipeline/PipelineBoardView.tsx(148,38): error TS7006: Parameter 'e' implicitly has an 'any' type.
src/components/pipeline/PipelineBoardView.tsx(197,104): error TS7006: Parameter 'e' implicitly has an 'any' type.
src/components/pipeline/PipelineBoardView.tsx(274,39): error TS7006: Parameter 'e' implicitly has an 'any' type.
src/components/pipeline/PipelineBoardView.tsx(286,43): error TS7006: Parameter 'e' implicitly has an 'any' type.
src/components/pipeline/PipelineBoardView.tsx(297,45): error TS7006: Parameter 'e' implicitly has an 'any' type.
src/components/pipeline/PipelineBoardView.tsx(309,43): error TS7006: Parameter 'e' implicitly has an 'any' type.
src/components/pipeline/PipelineBoardView.tsx(319,43): error TS7006: Parameter 'e' implicitly has an 'any' type.
src/components/pipeline/PipelineFilters.tsx(1,39): error TS2307: Cannot find module '@mantine/core' or its corresponding type declarations.
src/components/pipeline/PipelineFilters.tsx(24,5): error TS2875: This JSX tag requires the module path 'react/jsx-runtime' to exist, but none could be found. Make sure you have types for the appropriate package installed.
src/components/pipeline/PipelineFilters.tsx(35,24): error TS7006: Parameter 'value' implicitly has an 'any' type.
src/components/pipeline/PipelineFilters.tsx(50,22): error TS7006: Parameter 'event' implicitly has an 'any' type.
src/components/pipeline/PipelineHeader.tsx(1,59): error TS2307: Cannot find module '@mantine/core' or its corresponding type declarations.
src/components/pipeline/PipelineHeader.tsx(2,72): error TS2307: Cannot find module '@tabler/icons-react' or its corresponding type declarations.
src/components/pipeline/PipelineHeader.tsx(15,5): error TS2875: This JSX tag requires the module path 'react/jsx-runtime' to exist, but none could be found. Make sure you have types for the appropriate package installed.
src/components/pipeline/PipelineHeader.tsx(17,9): error TS7026: JSX element implicitly has type 'any' because no interface 'JSX.IntrinsicElements' exists.
src/components/pipeline/PipelineHeader.tsx(24,9): error TS7026: JSX element implicitly has type 'any' because no interface 'JSX.IntrinsicElements' exists.
src/components/pipeline/PipelineListView.tsx(1,35): error TS2307: Cannot find module 'react' or its corresponding type declarations.
src/components/pipeline/PipelineListView.tsx(13,8): error TS2307: Cannot find module '@mantine/core' or its corresponding type declarations.
src/components/pipeline/PipelineListView.tsx(14,69): error TS2307: Cannot find module '@tabler/icons-react' or its corresponding type declarations.
src/components/pipeline/PipelineListView.tsx(15,29): error TS2307: Cannot find module 'react-router-dom' or its corresponding type declarations.
src/components/pipeline/PipelineListView.tsx(16,19): error TS2307: Cannot find module 'dayjs' or its corresponding type declarations.
src/components/pipeline/PipelineListView.tsx(58,7): error TS2875: This JSX tag requires the module path 'react/jsx-runtime' to exist, but none could be found. Make sure you have types for the appropriate package installed.
src/components/pipeline/PipelineListView.tsx(107,30): error TS7006: Parameter 'e' implicitly has an 'any' type.
src/components/pipeline/PipelineListView.tsx(111,30): error TS7006: Parameter 'e' implicitly has an 'any' type.
src/components/pipeline/PipelineListView.tsx(121,32): error TS7006: Parameter 'e' implicitly has an 'any' type.
src/components/pipeline/PipelineListView.tsx(125,31): error TS7006: Parameter 'e' implicitly has an 'any' type.
src/components/pipeline/PipelineListView.tsx(160,33): error TS7006: Parameter 'e' implicitly has an 'any' type.
src/components/pipeline/PipelineListView.tsx(188,33): error TS7006: Parameter 'e' implicitly has an 'any' type.
src/components/pipeline/PipelineViewToggle.tsx(1,47): error TS2307: Cannot find module '@mantine/core' or its corresponding type declarations.
src/components/pipeline/PipelineViewToggle.tsx(2,43): error TS2307: Cannot find module '@tabler/icons-react' or its corresponding type declarations.
src/components/pipeline/PipelineViewToggle.tsx(13,5): error TS2875: This JSX tag requires the module path 'react/jsx-runtime' to exist, but none could be found. Make sure you have types for the appropriate package installed.
src/components/pipeline/PipelineViewToggle.tsx(16,20): error TS7006: Parameter 'value' implicitly has an 'any' type.
src/components/pipeline/PipelineViewToggle.tsx(23,17): error TS7026: JSX element implicitly has type 'any' because no interface 'JSX.IntrinsicElements' exists.
src/components/pipeline/PipelineViewToggle.tsx(23,28): error TS7026: JSX element implicitly has type 'any' because no interface 'JSX.IntrinsicElements' exists.
src/components/pipeline/PipelineViewToggle.tsx(32,17): error TS7026: JSX element implicitly has type 'any' because no interface 'JSX.IntrinsicElements' exists.
src/components/pipeline/PipelineViewToggle.tsx(32,27): error TS7026: JSX element implicitly has type 'any' because no interface 'JSX.IntrinsicElements' exists.
src/contexts/AuthContext.tsx(1,75): error TS2307: Cannot find module 'react' or its corresponding type declarations.
src/contexts/AuthContext.tsx(2,31): error TS2307: Cannot find module '@supabase/supabase-js' or its corresponding type declarations.
src/contexts/AuthContext.tsx(21,48): error TS7031: Binding element 'session' implicitly has an 'any' type.
src/contexts/AuthContext.tsx(30,42): error TS7006: Parameter '_event' implicitly has an 'any' type.
src/contexts/AuthContext.tsx(30,50): error TS7006: Parameter 'session' implicitly has an 'any' type.
src/contexts/AuthContext.tsx(50,10): error TS2875: This JSX tag requires the module path 'react/jsx-runtime' to exist, but none could be found. Make sure you have types for the appropriate package installed.
src/contexts/OrganizationContext.tsx(1,75): error TS2307: Cannot find module 'react' or its corresponding type declarations.
src/contexts/OrganizationContext.tsx(106,32): error TS7006: Parameter 'o' implicitly has an 'any' type.
src/contexts/OrganizationContext.tsx(118,18): error TS7031: Binding element 'data' implicitly has an 'any' type.
src/contexts/OrganizationContext.tsx(137,10): error TS2875: This JSX tag requires the module path 'react/jsx-runtime' to exist, but none could be found. Make sure you have types for the appropriate package installed.
src/contexts/ThemeContext.tsx(1,64): error TS2307: Cannot find module 'react' or its corresponding type declarations.
src/contexts/ThemeContext.tsx(2,39): error TS2307: Cannot find module '@mantine/core' or its corresponding type declarations.
src/contexts/ThemeContext.tsx(12,57): error TS2503: Cannot find namespace 'React'.
src/contexts/ThemeContext.tsx(44,5): error TS2875: This JSX tag requires the module path 'react/jsx-runtime' to exist, but none could be found. Make sure you have types for the appropriate package installed.
src/hooks/use2FA.ts(6,37): error TS2307: Cannot find module 'react' or its corresponding type declarations.
src/hooks/useAIFeatures.ts(1,26): error TS2307: Cannot find module '@tanstack/react-query' or its corresponding type declarations.
src/hooks/usePageVisibility.ts(1,37): error TS2307: Cannot find module 'react' or its corresponding type declarations.
src/hooks/usePermission.ts(1,37): error TS2307: Cannot find module 'react' or its corresponding type declarations.
src/hooks/usePermission.ts(114,27): error TS7006: Parameter 'userPerm' implicitly has an 'any' type.
src/hooks/usePermission.ts(119,30): error TS7006: Parameter 'p' implicitly has an 'any' type.
src/hooks/usePermission.ts(157,24): error TS7006: Parameter 'r' implicitly has an 'any' type.
src/hooks/usePermission.ts(168,35): error TS7006: Parameter 'r' implicitly has an 'any' type.
src/hooks/useSavedGrants.ts(1,25): error TS2307: Cannot find module 'react' or its corresponding type declarations.
src/hooks/useSavedGrants.ts(2,26): error TS2307: Cannot find module '@tanstack/react-query' or its corresponding type declarations.
src/hooks/useSavedGrants.ts(72,44): error TS7006: Parameter 'g' implicitly has an 'any' type.
src/lib/ai-service.ts(8,20): error TS2307: Cannot find module 'openai' or its corresponding type declarations.
src/lib/ai-service.ts(385,30): error TS2339: Property 'env' does not exist on type 'ImportMeta'.
src/lib/crypto.ts(6,71): error TS2307: Cannot find module 'crypto' or its corresponding type declarations.
src/lib/crypto.ts(7,27): error TS2307: Cannot find module 'util' or its corresponding type declarations.
src/lib/crypto.ts(23,15): error TS2580: Cannot find name 'process'. Do you need to install type definitions for node? Try `npm i --save-dev @types/node`.
src/lib/crypto.ts(33,50): error TS2580: Cannot find name 'Buffer'. Do you need to install type definitions for node? Try `npm i --save-dev @types/node`.
src/lib/crypto.ts(33,67): error TS2580: Cannot find name 'Buffer'. Do you need to install type definitions for node? Try `npm i --save-dev @types/node`.
src/lib/crypto.ts(34,61): error TS2580: Cannot find name 'Buffer'. Do you need to install type definitions for node? Try `npm i --save-dev @types/node`.
src/lib/crypto.ts(54,23): error TS2580: Cannot find name 'Buffer'. Do you need to install type definitions for node? Try `npm i --save-dev @types/node`.
src/lib/crypto.ts(63,22): error TS2580: Cannot find name 'Buffer'. Do you need to install type definitions for node? Try `npm i --save-dev @types/node`.
src/lib/crypto.ts(82,22): error TS2580: Cannot find name 'Buffer'. Do you need to install type definitions for node? Try `npm i --save-dev @types/node`.
src/lib/crypto.ts(100,23): error TS2580: Cannot find name 'Buffer'. Do you need to install type definitions for node? Try `npm i --save-dev @types/node`.
src/lib/crypto.ts(117,18): error TS2580: Cannot find name 'require'. Do you need to install type definitions for node? Try `npm i --save-dev @types/node`.
src/lib/rbac.ts(134,5): error TS2578: Unused '@ts-expect-error' directive.
src/lib/rbac.ts(203,5): error TS2578: Unused '@ts-expect-error' directive.
src/lib/rbac.ts(243,5): error TS2578: Unused '@ts-expect-error' directive.
src/lib/rbac.ts(283,5): error TS2578: Unused '@ts-expect-error' directive.
src/lib/rbac.ts(385,13): error TS7006: Parameter 'rp' implicitly has an 'any' type.
src/lib/rbac.ts(414,5): error TS2578: Unused '@ts-expect-error' directive.
src/lib/supabase.ts(1,30): error TS2307: Cannot find module '@supabase/supabase-js' or its corresponding type declarations.
src/lib/supabase.ts(4,33): error TS2339: Property 'env' does not exist on type 'ImportMeta'.
src/lib/supabase.ts(5,37): error TS2339: Property 'env' does not exist on type 'ImportMeta'.
src/lib/twoFactor.ts(6,28): error TS2307: Cannot find module 'speakeasy' or its corresponding type declarations.
src/lib/twoFactor.ts(7,25): error TS2307: Cannot find module 'qrcode' or its corresponding type declarations.
src/main.tsx(1,19): error TS2307: Cannot find module 'react' or its corresponding type declarations.
src/main.tsx(2,22): error TS2307: Cannot find module 'react-dom/client' or its corresponding type declarations.
src/main.tsx(4,27): error TS2307: Cannot find module '@vercel/analytics/react' or its corresponding type declarations.
src/main.tsx(7,3): error TS2875: This JSX tag requires the module path 'react/jsx-runtime' to exist, but none could be found. Make sure you have types for the appropriate package installed.
src/pages/AcceptInvitePage.tsx(1,37): error TS2307: Cannot find module 'react' or its corresponding type declarations.
src/pages/AcceptInvitePage.tsx(2,46): error TS2307: Cannot find module 'react-router-dom' or its corresponding type declarations.
src/pages/AcceptInvitePage.tsx(3,84): error TS2307: Cannot find module '@mantine/core' or its corresponding type declarations.
src/pages/AcceptInvitePage.tsx(4,51): error TS2307: Cannot find module '@tabler/icons-react' or its corresponding type declarations.
src/pages/AcceptInvitePage.tsx(6,31): error TS2307: Cannot find module '@mantine/notifications' or its corresponding type declarations.
src/pages/AcceptInvitePage.tsx(136,11): error TS2578: Unused '@ts-expect-error' directive.
src/pages/AcceptInvitePage.tsx(165,9): error TS2578: Unused '@ts-expect-error' directive.
src/pages/AcceptInvitePage.tsx(253,17): error TS7026: JSX element implicitly has type 'any' because no interface 'JSX.IntrinsicElements' exists.
src/pages/AcceptInvitePage.tsx(253,43): error TS7026: JSX element implicitly has type 'any' because no interface 'JSX.IntrinsicElements' exists.
src/pages/AcceptInvitePage.tsx(329,5): error TS2875: This JSX tag requires the module path 'react/jsx-runtime' to exist, but none could be found. Make sure you have types for the appropriate package installed.
src/pages/ActivityPage.tsx(1,26): error TS2307: Cannot find module 'react' or its corresponding type declarations.
src/pages/ActivityPage.tsx(17,8): error TS2307: Cannot find module '@mantine/core' or its corresponding type declarations.
src/pages/ActivityPage.tsx(23,8): error TS2307: Cannot find module '@tabler/icons-react' or its corresponding type declarations.
src/pages/ActivityPage.tsx(24,26): error TS2307: Cannot find module '@tanstack/react-query' or its corresponding type declarations.
src/pages/ActivityPage.tsx(28,19): error TS2307: Cannot find module 'dayjs' or its corresponding type declarations.
src/pages/ActivityPage.tsx(29,26): error TS2307: Cannot find module 'dayjs/plugin/relativeTime' or its corresponding type declarations.
src/pages/ActivityPage.tsx(126,7): error TS2875: This JSX tag requires the module path 'react/jsx-runtime' to exist, but none could be found. Make sure you have types for the appropriate package installed.
src/pages/ActivityPage.tsx(143,13): error TS7026: JSX element implicitly has type 'any' because no interface 'JSX.IntrinsicElements' exists.
src/pages/ActivityPage.tsx(148,13): error TS7026: JSX element implicitly has type 'any' because no interface 'JSX.IntrinsicElements' exists.
src/pages/ActivityPage.tsx(224,39): error TS7006: Parameter 'activity' implicitly has an 'any' type.
src/pages/AnalyticsPage.tsx(1,26): error TS2307: Cannot find module 'react' or its corresponding type declarations.
src/pages/AnalyticsPage.tsx(2,26): error TS2307: Cannot find module '@tanstack/react-query' or its corresponding type declarations.
src/pages/AnalyticsPage.tsx(19,8): error TS2307: Cannot find module '@mantine/core' or its corresponding type declarations.
src/pages/AnalyticsPage.tsx(29,8): error TS2307: Cannot find module '@tabler/icons-react' or its corresponding type declarations.
src/pages/AnalyticsPage.tsx(30,115): error TS2307: Cannot find module 'recharts' or its corresponding type declarations.
src/pages/AnalyticsPage.tsx(213,73): error TS7006: Parameter 'agency' implicitly has an 'any' type.
src/pages/AnalyticsPage.tsx(219,75): error TS7006: Parameter 'program' implicitly has an 'any' type.
src/pages/AnalyticsPage.tsx(231,34): error TS7006: Parameter 'point' implicitly has an 'any' type.
src/pages/AnalyticsPage.tsx(249,60): error TS7006: Parameter 'sum' implicitly has an 'any' type.
src/pages/AnalyticsPage.tsx(249,65): error TS7006: Parameter 'agency' implicitly has an 'any' type.
src/pages/AnalyticsPage.tsx(250,59): error TS7006: Parameter 'sum' implicitly has an 'any' type.
src/pages/AnalyticsPage.tsx(250,64): error TS7006: Parameter 'agency' implicitly has an 'any' type.
src/pages/AnalyticsPage.tsx(255,5): error TS2875: This JSX tag requires the module path 'react/jsx-runtime' to exist, but none could be found. Make sure you have types for the appropriate package installed.
src/pages/AnalyticsPage.tsx(260,11): error TS7026: JSX element implicitly has type 'any' because no interface 'JSX.IntrinsicElements' exists.
src/pages/AnalyticsPage.tsx(265,11): error TS7026: JSX element implicitly has type 'any' because no interface 'JSX.IntrinsicElements' exists.
src/pages/AnalyticsPage.tsx(270,26): error TS7006: Parameter 'value' implicitly has an 'any' type.
src/pages/AnalyticsPage.tsx(282,26): error TS7006: Parameter 'value' implicitly has an 'any' type.
src/pages/AnalyticsPage.tsx(439,48): error TS7006: Parameter 'value' implicitly has an 'any' type.
src/pages/AnalyticsPage.tsx(482,56): error TS7006: Parameter 'agency' implicitly has an 'any' type.
src/pages/AnalyticsPage.tsx(486,31): error TS7026: JSX element implicitly has type 'any' because no interface 'JSX.IntrinsicElements' exists.
src/pages/AnalyticsPage.tsx(491,31): error TS7026: JSX element implicitly has type 'any' because no interface 'JSX.IntrinsicElements' exists.
src/pages/AnalyticsPage.tsx(492,31): error TS7026: JSX element implicitly has type 'any' because no interface 'JSX.IntrinsicElements' exists.
src/pages/AnalyticsPage.tsx(499,31): error TS7026: JSX element implicitly has type 'any' because no interface 'JSX.IntrinsicElements' exists.
src/pages/AnalyticsPage.tsx(505,31): error TS7026: JSX element implicitly has type 'any' because no interface 'JSX.IntrinsicElements' exists.
src/pages/AnalyticsPage.tsx(516,31): error TS7026: JSX element implicitly has type 'any' because no interface 'JSX.IntrinsicElements' exists.
src/pages/AnalyticsPage.tsx(520,33): error TS7026: JSX element implicitly has type 'any' because no interface 'JSX.IntrinsicElements' exists.
src/pages/AnalyticsPage.tsx(525,59): error TS7006: Parameter 'program' implicitly has an 'any' type.
src/pages/AnalyticsPage.tsx(528,43): error TS7026: JSX element implicitly has type 'any' because no interface 'JSX.IntrinsicElements' exists.
src/pages/AnalyticsPage.tsx(535,43): error TS7026: JSX element implicitly has type 'any' because no interface 'JSX.IntrinsicElements' exists.
src/pages/AnalyticsPage.tsx(536,43): error TS7026: JSX element implicitly has type 'any' because no interface 'JSX.IntrinsicElements' exists.
src/pages/AnalyticsPage.tsx(543,43): error TS7026: JSX element implicitly has type 'any' because no interface 'JSX.IntrinsicElements' exists.
src/pages/AnalyticsPage.tsx(548,33): error TS7026: JSX element implicitly has type 'any' because no interface 'JSX.IntrinsicElements' exists.
src/pages/AnalyticsPage.tsx(602,59): error TS7006: Parameter 'program' implicitly has an 'any' type.
src/pages/ApprovalWorkflowsPage.tsx(1,47): error TS2307: Cannot find module '@mantine/core' or its corresponding type declarations.
src/pages/ApprovalWorkflowsPage.tsx(6,5): error TS2875: This JSX tag requires the module path 'react/jsx-runtime' to exist, but none could be found. Make sure you have types for the appropriate package installed.
src/pages/ApprovalWorkflowsPage.tsx(8,9): error TS7026: JSX element implicitly has type 'any' because no interface 'JSX.IntrinsicElements' exists.
src/pages/ApprovalWorkflowsPage.tsx(14,9): error TS7026: JSX element implicitly has type 'any' because no interface 'JSX.IntrinsicElements' exists.
src/pages/ApprovalsPage.tsx(1,47): error TS2307: Cannot find module '@mantine/core' or its corresponding type declarations.
src/pages/ApprovalsPage.tsx(6,5): error TS2875: This JSX tag requires the module path 'react/jsx-runtime' to exist, but none could be found. Make sure you have types for the appropriate package installed.
src/pages/ApprovalsPage.tsx(8,9): error TS7026: JSX element implicitly has type 'any' because no interface 'JSX.IntrinsicElements' exists.
src/pages/ApprovalsPage.tsx(14,9): error TS7026: JSX element implicitly has type 'any' because no interface 'JSX.IntrinsicElements' exists.
src/pages/DiscoverPage.tsx(23,8): error TS2307: Cannot find module '@mantine/core' or its corresponding type declarations.
src/pages/DiscoverPage.tsx(24,35): error TS2307: Cannot find module '@mantine/hooks' or its corresponding type declarations.
src/pages/DiscoverPage.tsx(25,31): error TS2307: Cannot find module '@mantine/notifications' or its corresponding type declarations.
src/pages/DiscoverPage.tsx(36,8): error TS2307: Cannot find module '@tabler/icons-react' or its corresponding type declarations.
src/pages/DiscoverPage.tsx(37,42): error TS2307: Cannot find module '@tanstack/react-query' or its corresponding type declarations.
src/pages/DiscoverPage.tsx(38,19): error TS2307: Cannot find module 'dayjs' or its corresponding type declarations.
src/pages/DiscoverPage.tsx(39,26): error TS2307: Cannot find module 'dayjs/plugin/relativeTime' or its corresponding type declarations.
src/pages/DiscoverPage.tsx(40,37): error TS2307: Cannot find module 'react' or its corresponding type declarations.
src/pages/DiscoverPage.tsx(41,39): error TS2307: Cannot find module 'react-router-dom' or its corresponding type declarations.
src/pages/DiscoverPage.tsx(152,23): error TS7031: Binding element 'signal' implicitly has an 'any' type.
src/pages/DiscoverPage.tsx(205,23): error TS7031: Binding element 'signal' implicitly has an 'any' type.
src/pages/DiscoverPage.tsx(355,12): error TS7006: Parameter 'g' implicitly has an 'any' type.
src/pages/DiscoverPage.tsx(492,5): error TS2875: This JSX tag requires the module path 'react/jsx-runtime' to exist, but none could be found. Make sure you have types for the appropriate package installed.
src/pages/DiscoverPage.tsx(551,47): error TS7006: Parameter 'g' implicitly has an 'any' type.
src/pages/DiscoverPage.tsx(571,30): error TS7006: Parameter 'e' implicitly has an 'any' type.
src/pages/DiscoverPage.tsx(619,30): error TS7006: Parameter 'value' implicitly has an 'any' type.
src/pages/DiscoverPage.tsx(631,30): error TS7006: Parameter 'e' implicitly has an 'any' type.
src/pages/DiscoverPage.tsx(636,30): error TS7006: Parameter 'e' implicitly has an 'any' type.
src/pages/DiscoverPage.tsx(701,34): error TS7006: Parameter 'grant' implicitly has an 'any' type.
src/pages/DiscoverPage.tsx(720,36): error TS7006: Parameter 'e' implicitly has an 'any' type.
src/pages/DiscoverPage.tsx(724,36): error TS7006: Parameter 'e' implicitly has an 'any' type.
src/pages/DiscoverPage.tsx(770,39): error TS7006: Parameter 'e' implicitly has an 'any' type.
src/pages/DiscoverPage.tsx(793,39): error TS7006: Parameter 'e' implicitly has an 'any' type.
src/pages/DiscoverPage.tsx(811,39): error TS7006: Parameter 'e' implicitly has an 'any' type.
src/pages/DiscoverPage.tsx(979,21): error TS7026: JSX element implicitly has type 'any' because no interface 'JSX.IntrinsicElements' exists.
src/pages/DiscoverPage.tsx(986,21): error TS7026: JSX element implicitly has type 'any' because no interface 'JSX.IntrinsicElements' exists.
src/pages/DiscoverPage.tsx(989,21): error TS7026: JSX element implicitly has type 'any' because no interface 'JSX.IntrinsicElements' exists.
src/pages/DiscoverPage.tsx(996,21): error TS7026: JSX element implicitly has type 'any' because no interface 'JSX.IntrinsicElements' exists.
src/pages/DiscoverPage.tsx(1012,23): error TS7026: JSX element implicitly has type 'any' because no interface 'JSX.IntrinsicElements' exists.
src/pages/DiscoverPage.tsx(1017,23): error TS7026: JSX element implicitly has type 'any' because no interface 'JSX.IntrinsicElements' exists.
src/pages/DiscoverPage.tsx(1020,23): error TS7026: JSX element implicitly has type 'any' because no interface 'JSX.IntrinsicElements' exists.
src/pages/DiscoverPage.tsx(1025,23): error TS7026: JSX element implicitly has type 'any' because no interface 'JSX.IntrinsicElements' exists.
src/pages/DiscoverPage.tsx(1028,23): error TS7026: JSX element implicitly has type 'any' because no interface 'JSX.IntrinsicElements' exists.
src/pages/DiscoverPage.tsx(1033,23): error TS7026: JSX element implicitly has type 'any' because no interface 'JSX.IntrinsicElements' exists.
src/pages/DiscoverPage.tsx(1036,23): error TS7026: JSX element implicitly has type 'any' because no interface 'JSX.IntrinsicElements' exists.
src/pages/DiscoverPage.tsx(1041,23): error TS7026: JSX element implicitly has type 'any' because no interface 'JSX.IntrinsicElements' exists.
src/pages/EligibilityWizardPage.tsx(1,34): error TS2307: Cannot find module '@mantine/core' or its corresponding type declarations.
src/pages/EligibilityWizardPage.tsx(7,5): error TS2875: This JSX tag requires the module path 'react/jsx-runtime' to exist, but none could be found. Make sure you have types for the appropriate package installed.
src/pages/FeaturesPage.tsx(17,8): error TS2307: Cannot find module '@mantine/core' or its corresponding type declarations.
src/pages/FeaturesPage.tsx(38,8): error TS2307: Cannot find module '@tabler/icons-react' or its corresponding type declarations.
src/pages/FeaturesPage.tsx(39,22): error TS2307: Cannot find module 'react-router-dom' or its corresponding type declarations.
src/pages/FeaturesPage.tsx(47,5): error TS2875: This JSX tag requires the module path 'react/jsx-runtime' to exist, but none could be found. Make sure you have types for the appropriate package installed.
src/pages/FundersPage.tsx(18,8): error TS2307: Cannot find module '@mantine/core' or its corresponding type declarations.
src/pages/FundersPage.tsx(29,8): error TS2307: Cannot find module '@tabler/icons-react' or its corresponding type declarations.
src/pages/FundersPage.tsx(30,55): error TS2307: Cannot find module '@tanstack/react-query' or its corresponding type declarations.
src/pages/FundersPage.tsx(31,26): error TS2307: Cannot find module 'react' or its corresponding type declarations.
src/pages/FundersPage.tsx(36,31): error TS2307: Cannot find module '@mantine/notifications' or its corresponding type declarations.
src/pages/FundersPage.tsx(278,7): error TS2875: This JSX tag requires the module path 'react/jsx-runtime' to exist, but none could be found. Make sure you have types for the appropriate package installed.
src/pages/FundersPage.tsx(295,13): error TS7026: JSX element implicitly has type 'any' because no interface 'JSX.IntrinsicElements' exists.
src/pages/FundersPage.tsx(300,13): error TS7026: JSX element implicitly has type 'any' because no interface 'JSX.IntrinsicElements' exists.
src/pages/FundersPage.tsx(310,17): error TS7026: JSX element implicitly has type 'any' because no interface 'JSX.IntrinsicElements' exists.
src/pages/FundersPage.tsx(317,17): error TS7026: JSX element implicitly has type 'any' because no interface 'JSX.IntrinsicElements' exists.
src/pages/FundersPage.tsx(325,30): error TS7006: Parameter 'funder' implicitly has an 'any' type.
src/pages/FundersPage.tsx(422,24): error TS7006: Parameter 'e' implicitly has an 'any' type.
src/pages/FundersPage.tsx(428,24): error TS7006: Parameter 'e' implicitly has an 'any' type.
src/pages/FundersPage.tsx(434,24): error TS7006: Parameter 'e' implicitly has an 'any' type.
src/pages/FundersPage.tsx(441,24): error TS7006: Parameter 'e' implicitly has an 'any' type.
src/pages/FundersPage.tsx(448,24): error TS7006: Parameter 'e' implicitly has an 'any' type.
src/pages/GrantDetailPage.tsx(1,57): error TS2307: Cannot find module 'react-router-dom' or its corresponding type declarations.
src/pages/GrantDetailPage.tsx(16,8): error TS2307: Cannot find module '@mantine/core' or its corresponding type declarations.
src/pages/GrantDetailPage.tsx(32,8): error TS2307: Cannot find module '@tabler/icons-react' or its corresponding type declarations.
src/pages/GrantDetailPage.tsx(33,55): error TS2307: Cannot find module '@tanstack/react-query' or its corresponding type declarations.
src/pages/GrantDetailPage.tsx(34,37): error TS2307: Cannot find module 'react' or its corresponding type declarations.
src/pages/GrantDetailPage.tsx(35,31): error TS2307: Cannot find module '@mantine/notifications' or its corresponding type declarations.
src/pages/GrantDetailPage.tsx(36,19): error TS2307: Cannot find module 'dayjs' or its corresponding type declarations.
src/pages/GrantDetailPage.tsx(166,15): error TS7006: Parameter 'error' implicitly has an 'any' type.
src/pages/GrantDetailPage.tsx(226,23): error TS7006: Parameter 'prev' implicitly has an 'any' type.
src/pages/GrantDetailPage.tsx(359,7): error TS2875: This JSX tag requires the module path 'react/jsx-runtime' to exist, but none could be found. Make sure you have types for the appropriate package installed.
src/pages/GrantDetailPage.tsx(419,30): error TS7006: Parameter 'value' implicitly has an 'any' type.
src/pages/GrantDetailPage.tsx(446,30): error TS7006: Parameter 'value' implicitly has an 'any' type.
src/pages/GrantDetailPage.tsx(512,19): error TS7026: JSX element implicitly has type 'any' because no interface 'JSX.IntrinsicElements' exists.
src/pages/GrantDetailPage.tsx(535,19): error TS7026: JSX element implicitly has type 'any' because no interface 'JSX.IntrinsicElements' exists.
src/pages/GrantDetailPage.tsx(551,15): error TS7026: JSX element implicitly has type 'any' because no interface 'JSX.IntrinsicElements' exists.
src/pages/GrantDetailPage.tsx(571,15): error TS7026: JSX element implicitly has type 'any' because no interface 'JSX.IntrinsicElements' exists.
src/pages/GrantDetailPage.tsx(579,17): error TS7026: JSX element implicitly has type 'any' because no interface 'JSX.IntrinsicElements' exists.
src/pages/GrantDetailPage.tsx(586,17): error TS7026: JSX element implicitly has type 'any' because no interface 'JSX.IntrinsicElements' exists.
src/pages/GrantDetailPage.tsx(750,58): error TS7006: Parameter 'm' implicitly has an 'any' type.
src/pages/GrantHubImportPage.tsx(1,26): error TS2307: Cannot find module 'react' or its corresponding type declarations.
src/pages/GrantHubImportPage.tsx(2,22): error TS2307: Cannot find module 'react-router-dom' or its corresponding type declarations.
src/pages/GrantHubImportPage.tsx(23,8): error TS2307: Cannot find module '@mantine/core' or its corresponding type declarations.
src/pages/GrantHubImportPage.tsx(31,8): error TS2307: Cannot find module '@tabler/icons-react' or its corresponding type declarations.
src/pages/GrantHubImportPage.tsx(32,31): error TS2307: Cannot find module '@mantine/notifications' or its corresponding type declarations.
src/pages/GrantHubImportPage.tsx(257,52): error TS7006: Parameter 'i' implicitly has an 'any' type.
src/pages/GrantHubImportPage.tsx(258,54): error TS7006: Parameter 'i' implicitly has an 'any' type.
src/pages/GrantHubImportPage.tsx(283,48): error TS7006: Parameter 'g' implicitly has an 'any' type.
src/pages/GrantHubImportPage.tsx(414,21): error TS7006: Parameter 'grants' implicitly has an 'any' type.
src/pages/GrantHubImportPage.tsx(415,19): error TS7006: Parameter 'g' implicitly has an 'any' type.
src/pages/GrantHubImportPage.tsx(415,22): error TS7006: Parameter 'i' implicitly has an 'any' type.
src/pages/GrantHubImportPage.tsx(420,44): error TS7006: Parameter 'g' implicitly has an 'any' type.
src/pages/GrantHubImportPage.tsx(421,21): error TS7006: Parameter 'grants' implicitly has an 'any' type.
src/pages/GrantHubImportPage.tsx(421,42): error TS7006: Parameter 'g' implicitly has an 'any' type.
src/pages/GrantHubImportPage.tsx(425,5): error TS2875: This JSX tag requires the module path 'react/jsx-runtime' to exist, but none could be found. Make sure you have types for the appropriate package installed.
src/pages/GrantHubImportPage.tsx(492,43): error TS7006: Parameter 'column' implicitly has an 'any' type.
src/pages/GrantHubImportPage.tsx(492,51): error TS7006: Parameter 'index' implicitly has an 'any' type.
src/pages/GrantHubImportPage.tsx(502,38): error TS7006: Parameter 'value' implicitly has an 'any' type.
src/pages/GrantHubImportPage.tsx(536,60): error TS7006: Parameter 'issue' implicitly has an 'any' type.
src/pages/GrantHubImportPage.tsx(536,67): error TS7006: Parameter 'index' implicitly has an 'any' type.
src/pages/GrantHubImportPage.tsx(556,41): error TS7006: Parameter 'g' implicitly has an 'any' type.
src/pages/GrantHubImportPage.tsx(566,57): error TS7006: Parameter 'g' implicitly has an 'any' type.
src/pages/GrantHubImportPage.tsx(578,42): error TS7006: Parameter 'grant' implicitly has an 'any' type.
src/pages/GrantHubImportPage.tsx(578,49): error TS7006: Parameter 'index' implicitly has an 'any' type.
src/pages/GrantHubImportPage.tsx(620,49): error TS7006: Parameter 'g' implicitly has an 'any' type.
src/pages/GrantHubMigrationPage.tsx(1,22): error TS2307: Cannot find module 'react-router-dom' or its corresponding type declarations.
src/pages/GrantHubMigrationPage.tsx(21,8): error TS2307: Cannot find module '@mantine/core' or its corresponding type declarations.
src/pages/GrantHubMigrationPage.tsx(33,8): error TS2307: Cannot find module '@tabler/icons-react' or its corresponding type declarations.
src/pages/GrantHubMigrationPage.tsx(41,5): error TS2875: This JSX tag requires the module path 'react/jsx-runtime' to exist, but none could be found. Make sure you have types for the appropriate package installed.
src/pages/GrantHubMigrationPage.tsx(270,23): error TS7026: JSX element implicitly has type 'any' because no interface 'JSX.IntrinsicElements' exists.
src/pages/GrantHubMigrationPage.tsx(270,41): error TS7026: JSX element implicitly has type 'any' because no interface 'JSX.IntrinsicElements' exists.
src/pages/HomePage.tsx(15,8): error TS2307: Cannot find module '@mantine/core' or its corresponding type declarations.
src/pages/HomePage.tsx(16,52): error TS2307: Cannot find module '@tabler/icons-react' or its corresponding type declarations.
src/pages/HomePage.tsx(17,22): error TS2307: Cannot find module 'react-router-dom' or its corresponding type declarations.
src/pages/HomePage.tsx(27,5): error TS2875: This JSX tag requires the module path 'react/jsx-runtime' to exist, but none could be found. Make sure you have types for the appropriate package installed.
src/pages/MetricsPage.tsx(1,26): error TS2307: Cannot find module 'react' or its corresponding type declarations.
src/pages/MetricsPage.tsx(2,26): error TS2307: Cannot find module '@tanstack/react-query' or its corresponding type declarations.
src/pages/MetricsPage.tsx(19,8): error TS2307: Cannot find module '@mantine/core' or its corresponding type declarations.
src/pages/MetricsPage.tsx(30,8): error TS2307: Cannot find module '@tabler/icons-react' or its corresponding type declarations.
src/pages/MetricsPage.tsx(129,5): error TS2875: This JSX tag requires the module path 'react/jsx-runtime' to exist, but none could be found. Make sure you have types for the appropriate package installed.
src/pages/MetricsPage.tsx(134,11): error TS7026: JSX element implicitly has type 'any' because no interface 'JSX.IntrinsicElements' exists.
src/pages/MetricsPage.tsx(139,11): error TS7026: JSX element implicitly has type 'any' because no interface 'JSX.IntrinsicElements' exists.
src/pages/MetricsPage.tsx(143,24): error TS7006: Parameter 'value' implicitly has an 'any' type.
src/pages/MetricsPage.tsx(222,19): error TS7026: JSX element implicitly has type 'any' because no interface 'JSX.IntrinsicElements' exists.
src/pages/MetricsPage.tsx(234,19): error TS7026: JSX element implicitly has type 'any' because no interface 'JSX.IntrinsicElements' exists.
src/pages/MetricsPage.tsx(266,19): error TS7026: JSX element implicitly has type 'any' because no interface 'JSX.IntrinsicElements' exists.
src/pages/MetricsPage.tsx(284,19): error TS7026: JSX element implicitly has type 'any' because no interface 'JSX.IntrinsicElements' exists.
src/pages/MetricsPage.tsx(306,19): error TS7026: JSX element implicitly has type 'any' because no interface 'JSX.IntrinsicElements' exists.
src/pages/MetricsPage.tsx(321,19): error TS7026: JSX element implicitly has type 'any' because no interface 'JSX.IntrinsicElements' exists.
src/pages/MetricsPage.tsx(343,19): error TS7026: JSX element implicitly has type 'any' because no interface 'JSX.IntrinsicElements' exists.
src/pages/MetricsPage.tsx(358,19): error TS7026: JSX element implicitly has type 'any' because no interface 'JSX.IntrinsicElements' exists.
src/pages/MetricsPage.tsx(376,21): error TS7026: JSX element implicitly has type 'any' because no interface 'JSX.IntrinsicElements' exists.
src/pages/MetricsPage.tsx(383,21): error TS7026: JSX element implicitly has type 'any' because no interface 'JSX.IntrinsicElements' exists.
src/pages/MetricsPage.tsx(438,21): error TS7026: JSX element implicitly has type 'any' because no interface 'JSX.IntrinsicElements' exists.
src/pages/MetricsPage.tsx(445,21): error TS7026: JSX element implicitly has type 'any' because no interface 'JSX.IntrinsicElements' exists.
src/pages/MetricsPage.tsx(512,19): error TS7026: JSX element implicitly has type 'any' because no interface 'JSX.IntrinsicElements' exists.
src/pages/MetricsPage.tsx(512,51): error TS7026: JSX element implicitly has type 'any' because no interface 'JSX.IntrinsicElements' exists.
src/pages/MetricsPage.tsx(513,19): error TS7026: JSX element implicitly has type 'any' because no interface 'JSX.IntrinsicElements' exists.
src/pages/MetricsPage.tsx(513,82): error TS7026: JSX element implicitly has type 'any' because no interface 'JSX.IntrinsicElements' exists.
src/pages/MetricsPage.tsx(514,19): error TS7026: JSX element implicitly has type 'any' because no interface 'JSX.IntrinsicElements' exists.
src/pages/MetricsPage.tsx(514,76): error TS7026: JSX element implicitly has type 'any' because no interface 'JSX.IntrinsicElements' exists.
src/pages/MetricsPage.tsx(515,19): error TS7026: JSX element implicitly has type 'any' because no interface 'JSX.IntrinsicElements' exists.
src/pages/MetricsPage.tsx(515,87): error TS7026: JSX element implicitly has type 'any' because no interface 'JSX.IntrinsicElements' exists.
src/pages/MetricsPage.tsx(516,19): error TS7026: JSX element implicitly has type 'any' because no interface 'JSX.IntrinsicElements' exists.
src/pages/MetricsPage.tsx(516,74): error TS7026: JSX element implicitly has type 'any' because no interface 'JSX.IntrinsicElements' exists.
src/pages/NotFoundPage.tsx(1,78): error TS2307: Cannot find module '@mantine/core' or its corresponding type declarations.
src/pages/NotFoundPage.tsx(2,22): error TS2307: Cannot find module 'react-router-dom' or its corresponding type declarations.
src/pages/NotFoundPage.tsx(3,70): error TS2307: Cannot find module '@tabler/icons-react' or its corresponding type declarations.
src/pages/NotFoundPage.tsx(10,5): error TS2875: This JSX tag requires the module path 'react/jsx-runtime' to exist, but none could be found. Make sure you have types for the appropriate package installed.
src/pages/PipelinePage.tsx(1,59): error TS2307: Cannot find module 'react' or its corresponding type declarations.
src/pages/PipelinePage.tsx(2,46): error TS2307: Cannot find module 'react-router-dom' or its corresponding type declarations.
src/pages/PipelinePage.tsx(11,8): error TS2307: Cannot find module '@mantine/core' or its corresponding type declarations.
src/pages/PipelinePage.tsx(12,45): error TS2307: Cannot find module '@tanstack/react-query' or its corresponding type declarations.
src/pages/PipelinePage.tsx(13,31): error TS2307: Cannot find module '@mantine/notifications' or its corresponding type declarations.
src/pages/PipelinePage.tsx(141,24): error TS7031: Binding element 'grantId' implicitly has an 'any' type.
src/pages/PipelinePage.tsx(141,33): error TS7031: Binding element 'newStatus' implicitly has an 'any' type.
src/pages/PipelinePage.tsx(165,15): error TS7006: Parameter 'error' implicitly has an 'any' type.
src/pages/PipelinePage.tsx(165,22): error TS7006: Parameter '_variables' implicitly has an 'any' type.
src/pages/PipelinePage.tsx(165,34): error TS7006: Parameter 'context' implicitly has an 'any' type.
src/pages/PipelinePage.tsx(203,22): error TS7006: Parameter 'grantId' implicitly has an 'any' type.
src/pages/PipelinePage.tsx(227,15): error TS7006: Parameter 'error' implicitly has an 'any' type.
src/pages/PipelinePage.tsx(227,22): error TS7006: Parameter '_variables' implicitly has an 'any' type.
src/pages/PipelinePage.tsx(227,34): error TS7006: Parameter 'context' implicitly has an 'any' type.
src/pages/PipelinePage.tsx(261,22): error TS7006: Parameter 'grantId' implicitly has an 'any' type.
src/pages/PipelinePage.tsx(283,15): error TS7006: Parameter 'error' implicitly has an 'any' type.
src/pages/PipelinePage.tsx(283,22): error TS7006: Parameter '_variables' implicitly has an 'any' type.
src/pages/PipelinePage.tsx(283,34): error TS7006: Parameter 'context' implicitly has an 'any' type.
src/pages/PipelinePage.tsx(307,61): error TS7006: Parameter 'g' implicitly has an 'any' type.
src/pages/PipelinePage.tsx(308,7): error TS2448: Block-scoped variable 'sortedAndFilteredGrants' used before its declaration.
src/pages/PipelinePage.tsx(438,40): error TS7006: Parameter 'grant' implicitly has an 'any' type.
src/pages/PipelinePage.tsx(489,46): error TS7006: Parameter 'g' implicitly has an 'any' type.
src/pages/PipelinePage.tsx(496,43): error TS2503: Cannot find namespace 'React'.
src/pages/PipelinePage.tsx(501,42): error TS2503: Cannot find namespace 'React'.
src/pages/PipelinePage.tsx(506,38): error TS2503: Cannot find namespace 'React'.
src/pages/PipelinePage.tsx(520,7): error TS2875: This JSX tag requires the module path 'react/jsx-runtime' to exist, but none could be found. Make sure you have types for the appropriate package installed.
src/pages/PipelinePage.tsx(602,32): error TS7006: Parameter 'grantId' implicitly has an 'any' type.
src/pages/PipelinePage.tsx(602,41): error TS7006: Parameter 'newStatus' implicitly has an 'any' type.
src/pages/PipelinePage.tsx(605,27): error TS7006: Parameter 'grantId' implicitly has an 'any' type.
src/pages/PipelinePage.tsx(609,26): error TS7006: Parameter 'grantId' implicitly has an 'any' type.
src/pages/PipelinePage.tsx(622,26): error TS7006: Parameter 'grantId' implicitly has an 'any' type.
src/pages/PricingPage.tsx(1,26): error TS2307: Cannot find module 'react' or its corresponding type declarations.
src/pages/PricingPage.tsx(19,8): error TS2307: Cannot find module '@mantine/core' or its corresponding type declarations.
src/pages/PricingPage.tsx(28,8): error TS2307: Cannot find module '@tabler/icons-react' or its corresponding type declarations.
src/pages/PricingPage.tsx(29,22): error TS2307: Cannot find module 'react-router-dom' or its corresponding type declarations.
src/pages/PricingPage.tsx(139,5): error TS2875: This JSX tag requires the module path 'react/jsx-runtime' to exist, but none could be found. Make sure you have types for the appropriate package installed.
src/pages/PricingPage.tsx(179,55): error TS7006: Parameter 'e' implicitly has an 'any' type.
src/pages/PricingPage.tsx(199,15): error TS7026: JSX element implicitly has type 'any' because no interface 'JSX.IntrinsicElements' exists.
src/pages/PricingPage.tsx(214,15): error TS7026: JSX element implicitly has type 'any' because no interface 'JSX.IntrinsicElements' exists.
src/pages/PricingPage.tsx(261,15): error TS7026: JSX element implicitly has type 'any' because no interface 'JSX.IntrinsicElements' exists.
src/pages/PricingPage.tsx(281,15): error TS7026: JSX element implicitly has type 'any' because no interface 'JSX.IntrinsicElements' exists.
src/pages/PricingPage.tsx(337,15): error TS7026: JSX element implicitly has type 'any' because no interface 'JSX.IntrinsicElements' exists.
src/pages/PricingPage.tsx(362,15): error TS7026: JSX element implicitly has type 'any' because no interface 'JSX.IntrinsicElements' exists.
src/pages/PricingPage.tsx(398,15): error TS7026: JSX element implicitly has type 'any' because no interface 'JSX.IntrinsicElements' exists.
src/pages/PricingPage.tsx(410,15): error TS7026: JSX element implicitly has type 'any' because no interface 'JSX.IntrinsicElements' exists.
src/pages/PrivacyPage.tsx(1,111): error TS2307: Cannot find module '@mantine/core' or its corresponding type declarations.
src/pages/PrivacyPage.tsx(2,22): error TS2307: Cannot find module 'react-router-dom' or its corresponding type declarations.
src/pages/PrivacyPage.tsx(3,28): error TS2307: Cannot find module '@tabler/icons-react' or its corresponding type declarations.
src/pages/PrivacyPage.tsx(6,26): error TS2307: Cannot find module 'react' or its corresponding type declarations.
src/pages/PrivacyPage.tsx(13,5): error TS2875: This JSX tag requires the module path 'react/jsx-runtime' to exist, but none could be found. Make sure you have types for the appropriate package installed.
src/pages/PrivacyPage.tsx(134,15): error TS7026: JSX element implicitly has type 'any' because no interface 'JSX.IntrinsicElements' exists.
src/pages/PrivacyPage.tsx(134,38): error TS7026: JSX element implicitly has type 'any' because no interface 'JSX.IntrinsicElements' exists.
src/pages/PrivacyPage.tsx(134,64): error TS7026: JSX element implicitly has type 'any' because no interface 'JSX.IntrinsicElements' exists.
src/pages/PrivacyPage.tsx(135,15): error TS7026: JSX element implicitly has type 'any' because no interface 'JSX.IntrinsicElements' exists.
src/pages/PrivacyPage.tsx(135,31): error TS7026: JSX element implicitly has type 'any' because no interface 'JSX.IntrinsicElements' exists.
src/pages/PrivacyPage.tsx(135,66): error TS7026: JSX element implicitly has type 'any' because no interface 'JSX.IntrinsicElements' exists.
src/pages/PrivacyPage.tsx(136,15): error TS7026: JSX element implicitly has type 'any' because no interface 'JSX.IntrinsicElements' exists.
src/pages/PrivacyPage.tsx(136,31): error TS7026: JSX element implicitly has type 'any' because no interface 'JSX.IntrinsicElements' exists.
src/pages/PrivacyPage.tsx(136,65): error TS7026: JSX element implicitly has type 'any' because no interface 'JSX.IntrinsicElements' exists.
src/pages/PrivacyPage.tsx(137,15): error TS7026: JSX element implicitly has type 'any' because no interface 'JSX.IntrinsicElements' exists.
src/pages/PrivacyPage.tsx(137,34): error TS7026: JSX element implicitly has type 'any' because no interface 'JSX.IntrinsicElements' exists.
src/pages/PrivacyPage.tsx(161,74): error TS7026: JSX element implicitly has type 'any' because no interface 'JSX.IntrinsicElements' exists.
src/pages/PrivacyPage.tsx(161,108): error TS7026: JSX element implicitly has type 'any' because no interface 'JSX.IntrinsicElements' exists.
src/pages/PrivacyPage.tsx(162,102): error TS7026: JSX element implicitly has type 'any' because no interface 'JSX.IntrinsicElements' exists.
src/pages/PrivacyPage.tsx(162,120): error TS7026: JSX element implicitly has type 'any' because no interface 'JSX.IntrinsicElements' exists.
src/pages/PrivacyPage.tsx(164,90): error TS7026: JSX element implicitly has type 'any' because no interface 'JSX.IntrinsicElements' exists.
src/pages/PrivacyPage.tsx(164,108): error TS7026: JSX element implicitly has type 'any' because no interface 'JSX.IntrinsicElements' exists.
src/pages/PrivacyPage.tsx(176,15): error TS7026: JSX element implicitly has type 'any' because no interface 'JSX.IntrinsicElements' exists.
src/pages/PrivacyPage.tsx(177,17): error TS7026: JSX element implicitly has type 'any' because no interface 'JSX.IntrinsicElements' exists.
src/pages/PrivacyPage.tsx(177,101): error TS7026: JSX element implicitly has type 'any' because no interface 'JSX.IntrinsicElements' exists.
src/pages/PrivacyPage.tsx(178,17): error TS7026: JSX element implicitly has type 'any' because no interface 'JSX.IntrinsicElements' exists.
src/pages/PrivacyPage.tsx(178,62): error TS7026: JSX element implicitly has type 'any' because no interface 'JSX.IntrinsicElements' exists.
src/pages/PrivacyPage.tsx(179,17): error TS7026: JSX element implicitly has type 'any' because no interface 'JSX.IntrinsicElements' exists.
src/pages/PrivacyPage.tsx(179,108): error TS7026: JSX element implicitly has type 'any' because no interface 'JSX.IntrinsicElements' exists.
src/pages/PrivacyPage.tsx(180,17): error TS7026: JSX element implicitly has type 'any' because no interface 'JSX.IntrinsicElements' exists.
src/pages/PrivacyPage.tsx(180,57): error TS7026: JSX element implicitly has type 'any' because no interface 'JSX.IntrinsicElements' exists.
src/pages/PrivacyPage.tsx(181,15): error TS7026: JSX element implicitly has type 'any' because no interface 'JSX.IntrinsicElements' exists.
src/pages/PrivacyPage.tsx(186,15): error TS7026: JSX element implicitly has type 'any' because no interface 'JSX.IntrinsicElements' exists.
src/pages/PrivacyPage.tsx(187,17): error TS7026: JSX element implicitly has type 'any' because no interface 'JSX.IntrinsicElements' exists.
src/pages/PrivacyPage.tsx(187,115): error TS7026: JSX element implicitly has type 'any' because no interface 'JSX.IntrinsicElements' exists.
src/pages/PrivacyPage.tsx(188,17): error TS7026: JSX element implicitly has type 'any' because no interface 'JSX.IntrinsicElements' exists.
src/pages/PrivacyPage.tsx(188,118): error TS7026: JSX element implicitly has type 'any' because no interface 'JSX.IntrinsicElements' exists.
src/pages/PrivacyPage.tsx(189,17): error TS7026: JSX element implicitly has type 'any' because no interface 'JSX.IntrinsicElements' exists.
src/pages/PrivacyPage.tsx(189,103): error TS7026: JSX element implicitly has type 'any' because no interface 'JSX.IntrinsicElements' exists.
src/pages/PrivacyPage.tsx(190,15): error TS7026: JSX element implicitly has type 'any' because no interface 'JSX.IntrinsicElements' exists.
src/pages/PrivacyPage.tsx(195,15): error TS7026: JSX element implicitly has type 'any' because no interface 'JSX.IntrinsicElements' exists.
src/pages/PrivacyPage.tsx(196,17): error TS7026: JSX element implicitly has type 'any' because no interface 'JSX.IntrinsicElements' exists.
src/pages/PrivacyPage.tsx(196,149): error TS7026: JSX element implicitly has type 'any' because no interface 'JSX.IntrinsicElements' exists.
src/pages/PrivacyPage.tsx(197,17): error TS7026: JSX element implicitly has type 'any' because no interface 'JSX.IntrinsicElements' exists.
src/pages/PrivacyPage.tsx(197,122): error TS7026: JSX element implicitly has type 'any' because no interface 'JSX.IntrinsicElements' exists.
src/pages/PrivacyPage.tsx(198,15): error TS7026: JSX element implicitly has type 'any' because no interface 'JSX.IntrinsicElements' exists.
src/pages/PrivacyPage.tsx(213,15): error TS7026: JSX element implicitly has type 'any' because no interface 'JSX.IntrinsicElements' exists.
src/pages/PrivacyPage.tsx(214,17): error TS7026: JSX element implicitly has type 'any' because no interface 'JSX.IntrinsicElements' exists.
src/pages/PrivacyPage.tsx(214,106): error TS7026: JSX element implicitly has type 'any' because no interface 'JSX.IntrinsicElements' exists.
src/pages/PrivacyPage.tsx(215,17): error TS7026: JSX element implicitly has type 'any' because no interface 'JSX.IntrinsicElements' exists.
src/pages/PrivacyPage.tsx(215,100): error TS7026: JSX element implicitly has type 'any' because no interface 'JSX.IntrinsicElements' exists.
src/pages/PrivacyPage.tsx(216,17): error TS7026: JSX element implicitly has type 'any' because no interface 'JSX.IntrinsicElements' exists.
src/pages/PrivacyPage.tsx(216,77): error TS7026: JSX element implicitly has type 'any' because no interface 'JSX.IntrinsicElements' exists.
src/pages/PrivacyPage.tsx(217,17): error TS7026: JSX element implicitly has type 'any' because no interface 'JSX.IntrinsicElements' exists.
src/pages/PrivacyPage.tsx(217,81): error TS7026: JSX element implicitly has type 'any' because no interface 'JSX.IntrinsicElements' exists.
src/pages/PrivacyPage.tsx(218,17): error TS7026: JSX element implicitly has type 'any' because no interface 'JSX.IntrinsicElements' exists.
src/pages/PrivacyPage.tsx(218,95): error TS7026: JSX element implicitly has type 'any' because no interface 'JSX.IntrinsicElements' exists.
src/pages/PrivacyPage.tsx(219,17): error TS7026: JSX element implicitly has type 'any' because no interface 'JSX.IntrinsicElements' exists.
src/pages/PrivacyPage.tsx(219,100): error TS7026: JSX element implicitly has type 'any' because no interface 'JSX.IntrinsicElements' exists.
src/pages/PrivacyPage.tsx(220,15): error TS7026: JSX element implicitly has type 'any' because no interface 'JSX.IntrinsicElements' exists.
src/pages/PrivacyPage.tsx(223,15): error TS7026: JSX element implicitly has type 'any' because no interface 'JSX.IntrinsicElements' exists.
src/pages/PrivacyPage.tsx(223,44): error TS7026: JSX element implicitly has type 'any' because no interface 'JSX.IntrinsicElements' exists.
src/pages/PrivacyPage.tsx(234,15): error TS7026: JSX element implicitly has type 'any' because no interface 'JSX.IntrinsicElements' exists.
src/pages/PrivacyPage.tsx(235,17): error TS7026: JSX element implicitly has type 'any' because no interface 'JSX.IntrinsicElements' exists.
src/pages/PrivacyPage.tsx(235,21): error TS7026: JSX element implicitly has type 'any' because no interface 'JSX.IntrinsicElements' exists.
src/pages/PrivacyPage.tsx(235,56): error TS7026: JSX element implicitly has type 'any' because no interface 'JSX.IntrinsicElements' exists.
src/pages/PrivacyPage.tsx(237,114): error TS7026: JSX element implicitly has type 'any' because no interface 'JSX.IntrinsicElements' exists.
src/pages/PrivacyPage.tsx(238,17): error TS7026: JSX element implicitly has type 'any' because no interface 'JSX.IntrinsicElements' exists.
src/pages/PrivacyPage.tsx(238,21): error TS7026: JSX element implicitly has type 'any' because no interface 'JSX.IntrinsicElements' exists.
src/pages/PrivacyPage.tsx(238,40): error TS7026: JSX element implicitly has type 'any' because no interface 'JSX.IntrinsicElements' exists.
src/pages/PrivacyPage.tsx(239,84): error TS7026: JSX element implicitly has type 'any' because no interface 'JSX.IntrinsicElements' exists.
src/pages/PrivacyPage.tsx(240,15): error TS7026: JSX element implicitly has type 'any' because no interface 'JSX.IntrinsicElements' exists.
src/pages/PrivacyPage.tsx(251,15): error TS7026: JSX element implicitly has type 'any' because no interface 'JSX.IntrinsicElements' exists.
src/pages/PrivacyPage.tsx(252,17): error TS7026: JSX element implicitly has type 'any' because no interface 'JSX.IntrinsicElements' exists.
src/pages/PrivacyPage.tsx(252,21): error TS7026: JSX element implicitly has type 'any' because no interface 'JSX.IntrinsicElements' exists.
src/pages/PrivacyPage.tsx(252,38): error TS7026: JSX element implicitly has type 'any' because no interface 'JSX.IntrinsicElements' exists.
src/pages/PrivacyPage.tsx(252,93): error TS7026: JSX element implicitly has type 'any' because no interface 'JSX.IntrinsicElements' exists.
src/pages/PrivacyPage.tsx(253,17): error TS7026: JSX element implicitly has type 'any' because no interface 'JSX.IntrinsicElements' exists.
src/pages/PrivacyPage.tsx(253,21): error TS7026: JSX element implicitly has type 'any' because no interface 'JSX.IntrinsicElements' exists.
src/pages/PrivacyPage.tsx(253,40): error TS7026: JSX element implicitly has type 'any' because no interface 'JSX.IntrinsicElements' exists.
src/pages/PrivacyPage.tsx(253,73): error TS7026: JSX element implicitly has type 'any' because no interface 'JSX.IntrinsicElements' exists.
src/pages/PrivacyPage.tsx(254,17): error TS7026: JSX element implicitly has type 'any' because no interface 'JSX.IntrinsicElements' exists.
src/pages/PrivacyPage.tsx(254,21): error TS7026: JSX element implicitly has type 'any' because no interface 'JSX.IntrinsicElements' exists.
src/pages/PrivacyPage.tsx(254,38): error TS7026: JSX element implicitly has type 'any' because no interface 'JSX.IntrinsicElements' exists.
src/pages/PrivacyPage.tsx(254,78): error TS7026: JSX element implicitly has type 'any' because no interface 'JSX.IntrinsicElements' exists.
src/pages/PrivacyPage.tsx(255,17): error TS7026: JSX element implicitly has type 'any' because no interface 'JSX.IntrinsicElements' exists.
src/pages/PrivacyPage.tsx(255,21): error TS7026: JSX element implicitly has type 'any' because no interface 'JSX.IntrinsicElements' exists.
src/pages/PrivacyPage.tsx(255,52): error TS7026: JSX element implicitly has type 'any' because no interface 'JSX.IntrinsicElements' exists.
src/pages/PrivacyPage.tsx(255,122): error TS7026: JSX element implicitly has type 'any' because no interface 'JSX.IntrinsicElements' exists.
src/pages/PrivacyPage.tsx(256,15): error TS7026: JSX element implicitly has type 'any' because no interface 'JSX.IntrinsicElements' exists.
src/pages/PrivacyPage.tsx(259,15): error TS7026: JSX element implicitly has type 'any' because no interface 'JSX.IntrinsicElements' exists.
src/pages/PrivacyPage.tsx(259,75): error TS7026: JSX element implicitly has type 'any' because no interface 'JSX.IntrinsicElements' exists.
src/pages/PrivacyPage.tsx(260,81): error TS7026: JSX element implicitly has type 'any' because no interface 'JSX.IntrinsicElements' exists.
src/pages/PrivacyPage.tsx(260,92): error TS7026: JSX element implicitly has type 'any' because no interface 'JSX.IntrinsicElements' exists.
src/pages/PrivacyPage.tsx(261,38): error TS7026: JSX element implicitly has type 'any' because no interface 'JSX.IntrinsicElements' exists.
src/pages/PrivacyPage.tsx(261,50): error TS7026: JSX element implicitly has type 'any' because no interface 'JSX.IntrinsicElements' exists.
src/pages/PrivacyPage.tsx(261,60): error TS7026: JSX element implicitly has type 'any' because no interface 'JSX.IntrinsicElements' exists.
src/pages/PrivacyPage.tsx(261,75): error TS7026: JSX element implicitly has type 'any' because no interface 'JSX.IntrinsicElements' exists.
src/pages/PrivacyPage.tsx(275,25): error TS7026: JSX element implicitly has type 'any' because no interface 'JSX.IntrinsicElements' exists.
src/pages/PrivacyPage.tsx(275,36): error TS7026: JSX element implicitly has type 'any' because no interface 'JSX.IntrinsicElements' exists.
src/pages/PrivacyPage.tsx(277,15): error TS7026: JSX element implicitly has type 'any' because no interface 'JSX.IntrinsicElements' exists.
src/pages/PrivacyPage.tsx(278,17): error TS7026: JSX element implicitly has type 'any' because no interface 'JSX.IntrinsicElements' exists.
src/pages/PrivacyPage.tsx(278,21): error TS7026: JSX element implicitly has type 'any' because no interface 'JSX.IntrinsicElements' exists.
src/pages/PrivacyPage.tsx(278,58): error TS7026: JSX element implicitly has type 'any' because no interface 'JSX.IntrinsicElements' exists.
src/pages/PrivacyPage.tsx(279,59): error TS7026: JSX element implicitly has type 'any' because no interface 'JSX.IntrinsicElements' exists.
src/pages/PrivacyPage.tsx(280,17): error TS7026: JSX element implicitly has type 'any' because no interface 'JSX.IntrinsicElements' exists.
src/pages/PrivacyPage.tsx(280,21): error TS7026: JSX element implicitly has type 'any' because no interface 'JSX.IntrinsicElements' exists.
src/pages/PrivacyPage.tsx(280,46): error TS7026: JSX element implicitly has type 'any' because no interface 'JSX.IntrinsicElements' exists.
src/pages/PrivacyPage.tsx(280,117): error TS7026: JSX element implicitly has type 'any' because no interface 'JSX.IntrinsicElements' exists.
src/pages/PrivacyPage.tsx(281,17): error TS7026: JSX element implicitly has type 'any' because no interface 'JSX.IntrinsicElements' exists.
src/pages/PrivacyPage.tsx(281,21): error TS7026: JSX element implicitly has type 'any' because no interface 'JSX.IntrinsicElements' exists.
src/pages/PrivacyPage.tsx(281,45): error TS7026: JSX element implicitly has type 'any' because no interface 'JSX.IntrinsicElements' exists.
src/pages/PrivacyPage.tsx(281,108): error TS7026: JSX element implicitly has type 'any' because no interface 'JSX.IntrinsicElements' exists.
src/pages/PrivacyPage.tsx(282,17): error TS7026: JSX element implicitly has type 'any' because no interface 'JSX.IntrinsicElements' exists.
src/pages/PrivacyPage.tsx(282,21): error TS7026: JSX element implicitly has type 'any' because no interface 'JSX.IntrinsicElements' exists.
src/pages/PrivacyPage.tsx(282,47): error TS7026: JSX element implicitly has type 'any' because no interface 'JSX.IntrinsicElements' exists.
src/pages/PrivacyPage.tsx(282,100): error TS7026: JSX element implicitly has type 'any' because no interface 'JSX.IntrinsicElements' exists.
src/pages/PrivacyPage.tsx(283,15): error TS7026: JSX element implicitly has type 'any' because no interface 'JSX.IntrinsicElements' exists.
src/pages/PrivacyPage.tsx(296,44): error TS7026: JSX element implicitly has type 'any' because no interface 'JSX.IntrinsicElements' exists.
src/pages/PrivacyPage.tsx(296,77): error TS7026: JSX element implicitly has type 'any' because no interface 'JSX.IntrinsicElements' exists.
src/pages/PrivacyPage.tsx(300,15): error TS7026: JSX element implicitly has type 'any' because no interface 'JSX.IntrinsicElements' exists.
src/pages/PrivacyPage.tsx(301,17): error TS7026: JSX element implicitly has type 'any' because no interface 'JSX.IntrinsicElements' exists.
src/pages/PrivacyPage.tsx(301,110): error TS7026: JSX element implicitly has type 'any' because no interface 'JSX.IntrinsicElements' exists.
src/pages/PrivacyPage.tsx(301,128): error TS7026: JSX element implicitly has type 'any' because no interface 'JSX.IntrinsicElements' exists.
src/pages/PrivacyPage.tsx(301,138): error TS7026: JSX element implicitly has type 'any' because no interface 'JSX.IntrinsicElements' exists.
src/pages/PrivacyPage.tsx(302,17): error TS7026: JSX element implicitly has type 'any' because no interface 'JSX.IntrinsicElements' exists.
src/pages/PrivacyPage.tsx(302,137): error TS7026: JSX element implicitly has type 'any' because no interface 'JSX.IntrinsicElements' exists.
src/pages/PrivacyPage.tsx(303,17): error TS7026: JSX element implicitly has type 'any' because no interface 'JSX.IntrinsicElements' exists.
src/pages/PrivacyPage.tsx(303,42): error TS7026: JSX element implicitly has type 'any' because no interface 'JSX.IntrinsicElements' exists.
src/pages/PrivacyPage.tsx(303,62): error TS7026: JSX element implicitly has type 'any' because no interface 'JSX.IntrinsicElements' exists.
src/pages/PrivacyPage.tsx(303,72): error TS7026: JSX element implicitly has type 'any' because no interface 'JSX.IntrinsicElements' exists.
src/pages/PrivacyPage.tsx(304,17): error TS7026: JSX element implicitly has type 'any' because no interface 'JSX.IntrinsicElements' exists.
src/pages/PrivacyPage.tsx(304,38): error TS7026: JSX element implicitly has type 'any' because no interface 'JSX.IntrinsicElements' exists.
src/pages/PrivacyPage.tsx(304,56): error TS7026: JSX element implicitly has type 'any' because no interface 'JSX.IntrinsicElements' exists.
src/pages/PrivacyPage.tsx(304,91): error TS7026: JSX element implicitly has type 'any' because no interface 'JSX.IntrinsicElements' exists.
src/pages/PrivacyPage.tsx(305,15): error TS7026: JSX element implicitly has type 'any' because no interface 'JSX.IntrinsicElements' exists.
src/pages/PrivacyPage.tsx(316,38): error TS7026: JSX element implicitly has type 'any' because no interface 'JSX.IntrinsicElements' exists.
src/pages/PrivacyPage.tsx(316,84): error TS7026: JSX element implicitly has type 'any' because no interface 'JSX.IntrinsicElements' exists.
src/pages/PrivacyPage.tsx(317,15): error TS7026: JSX element implicitly has type 'any' because no interface 'JSX.IntrinsicElements' exists.
src/pages/PrivacyPage.tsx(317,36): error TS7026: JSX element implicitly has type 'any' because no interface 'JSX.IntrinsicElements' exists.
src/pages/PrivacyPage.tsx(329,67): error TS7026: JSX element implicitly has type 'any' because no interface 'JSX.IntrinsicElements' exists.
src/pages/PrivacyPage.tsx(329,86): error TS7026: JSX element implicitly has type 'any' because no interface 'JSX.IntrinsicElements' exists.
src/pages/PrivacyPage.tsx(329,97): error TS7026: JSX element implicitly has type 'any' because no interface 'JSX.IntrinsicElements' exists.
src/pages/PrivacyPage.tsx(329,112): error TS7026: JSX element implicitly has type 'any' because no interface 'JSX.IntrinsicElements' exists.
src/pages/PrivacyPage.tsx(330,15): error TS7026: JSX element implicitly has type 'any' because no interface 'JSX.IntrinsicElements' exists.
src/pages/PrivacyPage.tsx(330,29): error TS7026: JSX element implicitly has type 'any' because no interface 'JSX.IntrinsicElements' exists.
src/pages/PrivacyPage.tsx(330,40): error TS7026: JSX element implicitly has type 'any' because no interface 'JSX.IntrinsicElements' exists.
src/pages/PrivacyPage.tsx(330,52): error TS7026: JSX element implicitly has type 'any' because no interface 'JSX.IntrinsicElements' exists.
src/pages/PrivacyPage.tsx(330,63): error TS7026: JSX element implicitly has type 'any' because no interface 'JSX.IntrinsicElements' exists.
src/pages/PrivacyPage.tsx(330,94): error TS7026: JSX element implicitly has type 'any' because no interface 'JSX.IntrinsicElements' exists.
src/pages/PrivacyPage.tsx(331,15): error TS7026: JSX element implicitly has type 'any' because no interface 'JSX.IntrinsicElements' exists.
src/pages/PrivacyPage.tsx(331,43): error TS7026: JSX element implicitly has type 'any' because no interface 'JSX.IntrinsicElements' exists.
src/pages/PrivacyPage.tsx(331,61): error TS7026: JSX element implicitly has type 'any' because no interface 'JSX.IntrinsicElements' exists.
src/pages/PrivacyPage.tsx(331,87): error TS7026: JSX element implicitly has type 'any' because no interface 'JSX.IntrinsicElements' exists.
src/pages/PrivacyPage.tsx(332,109): error TS7026: JSX element implicitly has type 'any' because no interface 'JSX.IntrinsicElements' exists.
src/pages/PrivacyPage.tsx(332,120): error TS7026: JSX element implicitly has type 'any' because no interface 'JSX.IntrinsicElements' exists.
src/pages/PrivacyPage.tsx(337,38): error TS7026: JSX element implicitly has type 'any' because no interface 'JSX.IntrinsicElements' exists.
src/pages/PrivacyPage.tsx(337,52): error TS7026: JSX element implicitly has type 'any' because no interface 'JSX.IntrinsicElements' exists.
src/pages/PrivacyPage.tsx(337,63): error TS7026: JSX element implicitly has type 'any' because no interface 'JSX.IntrinsicElements' exists.
src/pages/PrivacyPage.tsx(337,78): error TS7026: JSX element implicitly has type 'any' because no interface 'JSX.IntrinsicElements' exists.
src/pages/PrivacyPage.tsx(337,89): error TS7026: JSX element implicitly has type 'any' because no interface 'JSX.IntrinsicElements' exists.
src/pages/PrivacyPage.tsx(337,102): error TS7026: JSX element implicitly has type 'any' because no interface 'JSX.IntrinsicElements' exists.
src/pages/PrivacyPage.tsx(338,15): error TS7026: JSX element implicitly has type 'any' because no interface 'JSX.IntrinsicElements' exists.
src/pages/PrivacyPage.tsx(338,31): error TS7026: JSX element implicitly has type 'any' because no interface 'JSX.IntrinsicElements' exists.
src/pages/PrivacyPage.tsx(338,42): error TS7026: JSX element implicitly has type 'any' because no interface 'JSX.IntrinsicElements' exists.
src/pages/PrivacyPage.tsx(338,56): error TS7026: JSX element implicitly has type 'any' because no interface 'JSX.IntrinsicElements' exists.
src/pages/PrivacyPage.tsx(338,67): error TS7026: JSX element implicitly has type 'any' because no interface 'JSX.IntrinsicElements' exists.
src/pages/PrivacyPage.tsx(338,91): error TS7026: JSX element implicitly has type 'any' because no interface 'JSX.IntrinsicElements' exists.
src/pages/PrivacyPage.tsx(339,15): error TS7026: JSX element implicitly has type 'any' because no interface 'JSX.IntrinsicElements' exists.
src/pages/PrivacyPage.tsx(339,39): error TS7026: JSX element implicitly has type 'any' because no interface 'JSX.IntrinsicElements' exists.
src/pages/PrivacyPage.tsx(345,15): error TS7026: JSX element implicitly has type 'any' because no interface 'JSX.IntrinsicElements' exists.
src/pages/PrivacyPage.tsx(346,17): error TS7026: JSX element implicitly has type 'any' because no interface 'JSX.IntrinsicElements' exists.
src/pages/PrivacyPage.tsx(346,115): error TS7026: JSX element implicitly has type 'any' because no interface 'JSX.IntrinsicElements' exists.
src/pages/PrivacyPage.tsx(347,17): error TS7026: JSX element implicitly has type 'any' because no interface 'JSX.IntrinsicElements' exists.
src/pages/PrivacyPage.tsx(347,92): error TS7026: JSX element implicitly has type 'any' because no interface 'JSX.IntrinsicElements' exists.
src/pages/PrivacyPage.tsx(348,15): error TS7026: JSX element implicitly has type 'any' because no interface 'JSX.IntrinsicElements' exists.
src/pages/PrivacyPage.tsx(358,88): error TS7026: JSX element implicitly has type 'any' because no interface 'JSX.IntrinsicElements' exists.
src/pages/PrivacyPage.tsx(358,119): error TS7026: JSX element implicitly has type 'any' because no interface 'JSX.IntrinsicElements' exists.
src/pages/PrivacyPage.tsx(362,15): error TS7026: JSX element implicitly has type 'any' because no interface 'JSX.IntrinsicElements' exists.
src/pages/PrivacyPage.tsx(363,17): error TS7026: JSX element implicitly has type 'any' because no interface 'JSX.IntrinsicElements' exists.
src/pages/PrivacyPage.tsx(364,52): error TS7026: JSX element implicitly has type 'any' because no interface 'JSX.IntrinsicElements' exists.
src/pages/PrivacyPage.tsx(365,17): error TS7026: JSX element implicitly has type 'any' because no interface 'JSX.IntrinsicElements' exists.
src/pages/PrivacyPage.tsx(365,78): error TS7026: JSX element implicitly has type 'any' because no interface 'JSX.IntrinsicElements' exists.
src/pages/PrivacyPage.tsx(366,17): error TS7026: JSX element implicitly has type 'any' because no interface 'JSX.IntrinsicElements' exists.
src/pages/PrivacyPage.tsx(366,21): error TS7026: JSX element implicitly has type 'any' because no interface 'JSX.IntrinsicElements' exists.
src/pages/PrivacyPage.tsx(366,38): error TS7026: JSX element implicitly has type 'any' because no interface 'JSX.IntrinsicElements' exists.
src/pages/PrivacyPage.tsx(366,88): error TS7026: JSX element implicitly has type 'any' because no interface 'JSX.IntrinsicElements' exists.
src/pages/PrivacyPage.tsx(366,102): error TS7026: JSX element implicitly has type 'any' because no interface 'JSX.IntrinsicElements' exists.
src/pages/PrivacyPage.tsx(367,116): error TS7026: JSX element implicitly has type 'any' because no interface 'JSX.IntrinsicElements' exists.
src/pages/PrivacyPage.tsx(368,15): error TS7026: JSX element implicitly has type 'any' because no interface 'JSX.IntrinsicElements' exists.
src/pages/PrivacyPage.tsx(371,56): error TS7026: JSX element implicitly has type 'any' because no interface 'JSX.IntrinsicElements' exists.
src/pages/PrivacyPage.tsx(371,100): error TS7026: JSX element implicitly has type 'any' because no interface 'JSX.IntrinsicElements' exists.
src/pages/PrivacyPage.tsx(372,19): error TS7026: JSX element implicitly has type 'any' because no interface 'JSX.IntrinsicElements' exists.
src/pages/PrivacyPage.tsx(372,38): error TS7026: JSX element implicitly has type 'any' because no interface 'JSX.IntrinsicElements' exists.
src/pages/PrivacyPage.tsx(377,15): error TS7026: JSX element implicitly has type 'any' because no interface 'JSX.IntrinsicElements' exists.
src/pages/PrivacyPage.tsx(377,89): error TS7026: JSX element implicitly has type 'any' because no interface 'JSX.IntrinsicElements' exists.
src/pages/PrivacyPage.tsx(380,15): error TS7026: JSX element implicitly has type 'any' because no interface 'JSX.IntrinsicElements' exists.
src/pages/PrivacyPage.tsx(381,17): error TS7026: JSX element implicitly has type 'any' because no interface 'JSX.IntrinsicElements' exists.
src/pages/PrivacyPage.tsx(381,21): error TS7026: JSX element implicitly has type 'any' because no interface 'JSX.IntrinsicElements' exists.
src/pages/PrivacyPage.tsx(381,33): error TS7026: JSX element implicitly has type 'any' because no interface 'JSX.IntrinsicElements' exists.
src/pages/PrivacyPage.tsx(381,42): error TS7026: JSX element implicitly has type 'any' because no interface 'JSX.IntrinsicElements' exists.
src/pages/PrivacyPage.tsx(381,53): error TS7026: JSX element implicitly has type 'any' because no interface 'JSX.IntrinsicElements' exists.
src/pages/PrivacyPage.tsx(381,62): error TS7026: JSX element implicitly has type 'any' because no interface 'JSX.IntrinsicElements' exists.
src/pages/PrivacyPage.tsx(381,75): error TS7026: JSX element implicitly has type 'any' because no interface 'JSX.IntrinsicElements' exists.
src/pages/PrivacyPage.tsx(381,89): error TS7026: JSX element implicitly has type 'any' because no interface 'JSX.IntrinsicElements' exists.
src/pages/PrivacyPage.tsx(382,17): error TS7026: JSX element implicitly has type 'any' because no interface 'JSX.IntrinsicElements' exists.
src/pages/PrivacyPage.tsx(382,21): error TS7026: JSX element implicitly has type 'any' because no interface 'JSX.IntrinsicElements' exists.
src/pages/PrivacyPage.tsx(382,74): error TS7026: JSX element implicitly has type 'any' because no interface 'JSX.IntrinsicElements' exists.
src/pages/PrivacyPage.tsx(382,113): error TS7026: JSX element implicitly has type 'any' because no interface 'JSX.IntrinsicElements' exists.
src/pages/PrivacyPage.tsx(383,17): error TS7026: JSX element implicitly has type 'any' because no interface 'JSX.IntrinsicElements' exists.
src/pages/PrivacyPage.tsx(383,21): error TS7026: JSX element implicitly has type 'any' because no interface 'JSX.IntrinsicElements' exists.
src/pages/PrivacyPage.tsx(383,76): error TS7026: JSX element implicitly has type 'any' because no interface 'JSX.IntrinsicElements' exists.
src/pages/PrivacyPage.tsx(383,115): error TS7026: JSX element implicitly has type 'any' because no interface 'JSX.IntrinsicElements' exists.
src/pages/PrivacyPage.tsx(384,15): error TS7026: JSX element implicitly has type 'any' because no interface 'JSX.IntrinsicElements' exists.
src/pages/PrivacyPage.tsx(387,30): error TS7026: JSX element implicitly has type 'any' because no interface 'JSX.IntrinsicElements' exists.
src/pages/PrivacyPage.tsx(387,52): error TS7026: JSX element implicitly has type 'any' because no interface 'JSX.IntrinsicElements' exists.
src/pages/PrivacyPage.tsx(411,61): error TS7026: JSX element implicitly has type 'any' because no interface 'JSX.IntrinsicElements' exists.
src/pages/PrivacyPage.tsx(411,71): error TS7026: JSX element implicitly has type 'any' because no interface 'JSX.IntrinsicElements' exists.
src/pages/PrivacyPage.tsx(424,15): error TS7026: JSX element implicitly has type 'any' because no interface 'JSX.IntrinsicElements' exists.
src/pages/PrivacyPage.tsx(425,17): error TS7026: JSX element implicitly has type 'any' because no interface 'JSX.IntrinsicElements' exists.
src/pages/PrivacyPage.tsx(425,21): error TS7026: JSX element implicitly has type 'any' because no interface 'JSX.IntrinsicElements' exists.
src/pages/PrivacyPage.tsx(425,35): error TS7026: JSX element implicitly has type 'any' because no interface 'JSX.IntrinsicElements' exists.
src/pages/PrivacyPage.tsx(425,117): error TS7026: JSX element implicitly has type 'any' because no interface 'JSX.IntrinsicElements' exists.
src/pages/PrivacyPage.tsx(426,17): error TS7026: JSX element implicitly has type 'any' because no interface 'JSX.IntrinsicElements' exists.
src/pages/PrivacyPage.tsx(426,21): error TS7026: JSX element implicitly has type 'any' because no interface 'JSX.IntrinsicElements' exists.
src/pages/PrivacyPage.tsx(426,36): error TS7026: JSX element implicitly has type 'any' because no interface 'JSX.IntrinsicElements' exists.
src/pages/PrivacyPage.tsx(426,79): error TS7026: JSX element implicitly has type 'any' because no interface 'JSX.IntrinsicElements' exists.
src/pages/PrivacyPage.tsx(427,17): error TS7026: JSX element implicitly has type 'any' because no interface 'JSX.IntrinsicElements' exists.
src/pages/PrivacyPage.tsx(427,113): error TS7026: JSX element implicitly has type 'any' because no interface 'JSX.IntrinsicElements' exists.
src/pages/PrivacyPage.tsx(428,15): error TS7026: JSX element implicitly has type 'any' because no interface 'JSX.IntrinsicElements' exists.
src/pages/PrivacyPage.tsx(451,88): error TS7026: JSX element implicitly has type 'any' because no interface 'JSX.IntrinsicElements' exists.
src/pages/PrivacyPage.tsx(451,122): error TS7026: JSX element implicitly has type 'any' because no interface 'JSX.IntrinsicElements' exists.
src/pages/PrivacyPage.tsx(465,17): error TS7026: JSX element implicitly has type 'any' because no interface 'JSX.IntrinsicElements' exists.
src/pages/PrivacyPage.tsx(465,45): error TS7026: JSX element implicitly has type 'any' because no interface 'JSX.IntrinsicElements' exists.
src/pages/PrivacyPage.tsx(489,15): error TS7026: JSX element implicitly has type 'any' because no interface 'JSX.IntrinsicElements' exists.
src/pages/PrivacyPage.tsx(490,17): error TS7026: JSX element implicitly has type 'any' because no interface 'JSX.IntrinsicElements' exists.
src/pages/PrivacyPage.tsx(490,21): error TS7026: JSX element implicitly has type 'any' because no interface 'JSX.IntrinsicElements' exists.
src/pages/PrivacyPage.tsx(490,52): error TS7026: JSX element implicitly has type 'any' because no interface 'JSX.IntrinsicElements' exists.
src/pages/PrivacyPage.tsx(490,78): error TS7026: JSX element implicitly has type 'any' because no interface 'JSX.IntrinsicElements' exists.
src/pages/PrivacyPage.tsx(491,17): error TS7026: JSX element implicitly has type 'any' because no interface 'JSX.IntrinsicElements' exists.
src/pages/PrivacyPage.tsx(491,21): error TS7026: JSX element implicitly has type 'any' because no interface 'JSX.IntrinsicElements' exists.
src/pages/PrivacyPage.tsx(491,43): error TS7026: JSX element implicitly has type 'any' because no interface 'JSX.IntrinsicElements' exists.
src/pages/PrivacyPage.tsx(491,71): error TS7026: JSX element implicitly has type 'any' because no interface 'JSX.IntrinsicElements' exists.
src/pages/PrivacyPage.tsx(492,17): error TS7026: JSX element implicitly has type 'any' because no interface 'JSX.IntrinsicElements' exists.
src/pages/PrivacyPage.tsx(492,21): error TS7026: JSX element implicitly has type 'any' because no interface 'JSX.IntrinsicElements' exists.
src/pages/PrivacyPage.tsx(492,39): error TS7026: JSX element implicitly has type 'any' because no interface 'JSX.IntrinsicElements' exists.
src/pages/PrivacyPage.tsx(492,67): error TS7026: JSX element implicitly has type 'any' because no interface 'JSX.IntrinsicElements' exists.
src/pages/PrivacyPage.tsx(493,17): error TS7026: JSX element implicitly has type 'any' because no interface 'JSX.IntrinsicElements' exists.
src/pages/PrivacyPage.tsx(493,21): error TS7026: JSX element implicitly has type 'any' because no interface 'JSX.IntrinsicElements' exists.
src/pages/PrivacyPage.tsx(493,38): error TS7026: JSX element implicitly has type 'any' because no interface 'JSX.IntrinsicElements' exists.
src/pages/PrivacyPage.tsx(493,80): error TS7026: JSX element implicitly has type 'any' because no interface 'JSX.IntrinsicElements' exists.
src/pages/PrivacyPage.tsx(494,15): error TS7026: JSX element implicitly has type 'any' because no interface 'JSX.IntrinsicElements' exists.
src/pages/ResetPasswordPage.tsx(1,26): error TS2307: Cannot find module 'react' or its corresponding type declarations.
src/pages/ResetPasswordPage.tsx(2,22): error TS2307: Cannot find module 'react-router-dom' or its corresponding type declarations.
src/pages/ResetPasswordPage.tsx(13,8): error TS2307: Cannot find module '@mantine/core' or its corresponding type declarations.
src/pages/ResetPasswordPage.tsx(14,44): error TS2307: Cannot find module '@tabler/icons-react' or its corresponding type declarations.
src/pages/ResetPasswordPage.tsx(23,34): error TS2503: Cannot find namespace 'React'.
src/pages/ResetPasswordPage.tsx(49,7): error TS2875: This JSX tag requires the module path 'react/jsx-runtime' to exist, but none could be found. Make sure you have types for the appropriate package installed.
src/pages/ResetPasswordPage.tsx(77,11): error TS7026: JSX element implicitly has type 'any' because no interface 'JSX.IntrinsicElements' exists.
src/pages/ResetPasswordPage.tsx(84,11): error TS7026: JSX element implicitly has type 'any' because no interface 'JSX.IntrinsicElements' exists.
src/pages/ResetPasswordPage.tsx(92,11): error TS7026: JSX element implicitly has type 'any' because no interface 'JSX.IntrinsicElements' exists.
src/pages/ResetPasswordPage.tsx(104,28): error TS7006: Parameter 'e' implicitly has an 'any' type.
src/pages/ResetPasswordPage.tsx(112,11): error TS7026: JSX element implicitly has type 'any' because no interface 'JSX.IntrinsicElements' exists.
src/pages/SecurityPage.tsx(18,8): error TS2307: Cannot find module '@mantine/core' or its corresponding type declarations.
src/pages/SecurityPage.tsx(27,8): error TS2307: Cannot find module '@tabler/icons-react' or its corresponding type declarations.
src/pages/SecurityPage.tsx(28,26): error TS2307: Cannot find module 'react' or its corresponding type declarations.
src/pages/SecurityPage.tsx(29,22): error TS2307: Cannot find module 'react-router-dom' or its corresponding type declarations.
src/pages/SecurityPage.tsx(38,5): error TS2875: This JSX tag requires the module path 'react/jsx-runtime' to exist, but none could be found. Make sure you have types for the appropriate package installed.
src/pages/SignInPage.tsx(1,37): error TS2307: Cannot find module 'react' or its corresponding type declarations.
src/pages/SignInPage.tsx(2,35): error TS2307: Cannot find module 'react-router-dom' or its corresponding type declarations.
src/pages/SignInPage.tsx(16,8): error TS2307: Cannot find module '@mantine/core' or its corresponding type declarations.
src/pages/SignInPage.tsx(17,64): error TS2307: Cannot find module '@tabler/icons-react' or its corresponding type declarations.
src/pages/SignInPage.tsx(48,42): error TS2503: Cannot find namespace 'React'.
src/pages/SignInPage.tsx(75,43): error TS2503: Cannot find namespace 'React'.
src/pages/SignInPage.tsx(127,37): error TS2503: Cannot find namespace 'React'.
src/pages/SignInPage.tsx(156,5): error TS2875: This JSX tag requires the module path 'react/jsx-runtime' to exist, but none could be found. Make sure you have types for the appropriate package installed.
src/pages/SignInPage.tsx(159,11): error TS7026: JSX element implicitly has type 'any' because no interface 'JSX.IntrinsicElements' exists.
src/pages/SignInPage.tsx(166,11): error TS7026: JSX element implicitly has type 'any' because no interface 'JSX.IntrinsicElements' exists.
src/pages/SignInPage.tsx(185,15): error TS7026: JSX element implicitly has type 'any' because no interface 'JSX.IntrinsicElements' exists.
src/pages/SignInPage.tsx(197,32): error TS7006: Parameter 'e' implicitly has an 'any' type.
src/pages/SignInPage.tsx(207,32): error TS7006: Parameter 'e' implicitly has an 'any' type.
src/pages/SignInPage.tsx(221,15): error TS7026: JSX element implicitly has type 'any' because no interface 'JSX.IntrinsicElements' exists.
src/pages/SignInPage.tsx(236,54): error TS7026: JSX element implicitly has type 'any' because no interface 'JSX.IntrinsicElements' exists.
src/pages/SignInPage.tsx(236,78): error TS7026: JSX element implicitly has type 'any' because no interface 'JSX.IntrinsicElements' exists.
src/pages/SignInPage.tsx(251,19): error TS7026: JSX element implicitly has type 'any' because no interface 'JSX.IntrinsicElements' exists.
src/pages/SignInPage.tsx(258,36): error TS7006: Parameter 'e' implicitly has an 'any' type.
src/pages/SignInPage.tsx(286,19): error TS7026: JSX element implicitly has type 'any' because no interface 'JSX.IntrinsicElements' exists.
src/pages/SignInPage.tsx(290,17): error TS7026: JSX element implicitly has type 'any' because no interface 'JSX.IntrinsicElements' exists.
src/pages/SignInPage.tsx(306,34): error TS7006: Parameter 'e' implicitly has an 'any' type.
src/pages/SignInPage.tsx(314,17): error TS7026: JSX element implicitly has type 'any' because no interface 'JSX.IntrinsicElements' exists.
src/pages/SignUpPage.tsx(1,37): error TS2307: Cannot find module 'react' or its corresponding type declarations.
src/pages/SignUpPage.tsx(2,35): error TS2307: Cannot find module 'react-router-dom' or its corresponding type declarations.
src/pages/SignUpPage.tsx(14,8): error TS2307: Cannot find module '@mantine/core' or its corresponding type declarations.
src/pages/SignUpPage.tsx(15,44): error TS2307: Cannot find module '@tabler/icons-react' or its corresponding type declarations.
src/pages/SignUpPage.tsx(61,34): error TS2503: Cannot find namespace 'React'.
src/pages/SignUpPage.tsx(144,7): error TS2875: This JSX tag requires the module path 'react/jsx-runtime' to exist, but none could be found. Make sure you have types for the appropriate package installed.
src/pages/SignUpPage.tsx(191,11): error TS7026: JSX element implicitly has type 'any' because no interface 'JSX.IntrinsicElements' exists.
src/pages/SignUpPage.tsx(198,11): error TS7026: JSX element implicitly has type 'any' because no interface 'JSX.IntrinsicElements' exists.
src/pages/SignUpPage.tsx(206,11): error TS7026: JSX element implicitly has type 'any' because no interface 'JSX.IntrinsicElements' exists.
src/pages/SignUpPage.tsx(215,28): error TS7006: Parameter 'e' implicitly has an 'any' type.
src/pages/SignUpPage.tsx(229,28): error TS7006: Parameter 'e' implicitly has an 'any' type.
src/pages/SignUpPage.tsx(239,28): error TS7006: Parameter 'e' implicitly has an 'any' type.
src/pages/SignUpPage.tsx(250,28): error TS7006: Parameter 'e' implicitly has an 'any' type.
src/pages/SignUpPage.tsx(258,11): error TS7026: JSX element implicitly has type 'any' because no interface 'JSX.IntrinsicElements' exists.
src/pages/SupportPage.tsx(18,8): error TS2307: Cannot find module '@mantine/core' or its corresponding type declarations.
src/pages/SupportPage.tsx(28,8): error TS2307: Cannot find module '@tabler/icons-react' or its corresponding type declarations.
src/pages/SupportPage.tsx(29,26): error TS2307: Cannot find module 'react' or its corresponding type declarations.
src/pages/SupportPage.tsx(30,22): error TS2307: Cannot find module 'react-router-dom' or its corresponding type declarations.
src/pages/SupportPage.tsx(39,5): error TS2875: This JSX tag requires the module path 'react/jsx-runtime' to exist, but none could be found. Make sure you have types for the appropriate package installed.
src/pages/TermsPage.tsx(1,111): error TS2307: Cannot find module '@mantine/core' or its corresponding type declarations.
src/pages/TermsPage.tsx(2,22): error TS2307: Cannot find module 'react-router-dom' or its corresponding type declarations.
src/pages/TermsPage.tsx(3,28): error TS2307: Cannot find module '@tabler/icons-react' or its corresponding type declarations.
src/pages/TermsPage.tsx(6,26): error TS2307: Cannot find module 'react' or its corresponding type declarations.
src/pages/TermsPage.tsx(13,5): error TS2875: This JSX tag requires the module path 'react/jsx-runtime' to exist, but none could be found. Make sure you have types for the appropriate package installed.
src/pages/TermsPage.tsx(134,15): error TS7026: JSX element implicitly has type 'any' because no interface 'JSX.IntrinsicElements' exists.
src/pages/TermsPage.tsx(134,38): error TS7026: JSX element implicitly has type 'any' because no interface 'JSX.IntrinsicElements' exists.
src/pages/TermsPage.tsx(134,64): error TS7026: JSX element implicitly has type 'any' because no interface 'JSX.IntrinsicElements' exists.
src/pages/TermsPage.tsx(135,15): error TS7026: JSX element implicitly has type 'any' because no interface 'JSX.IntrinsicElements' exists.
src/pages/TermsPage.tsx(135,31): error TS7026: JSX element implicitly has type 'any' because no interface 'JSX.IntrinsicElements' exists.
src/pages/TermsPage.tsx(135,66): error TS7026: JSX element implicitly has type 'any' because no interface 'JSX.IntrinsicElements' exists.
src/pages/TermsPage.tsx(136,15): error TS7026: JSX element implicitly has type 'any' because no interface 'JSX.IntrinsicElements' exists.
src/pages/TermsPage.tsx(136,31): error TS7026: JSX element implicitly has type 'any' because no interface 'JSX.IntrinsicElements' exists.
src/pages/TermsPage.tsx(136,65): error TS7026: JSX element implicitly has type 'any' because no interface 'JSX.IntrinsicElements' exists.
src/pages/TermsPage.tsx(137,15): error TS7026: JSX element implicitly has type 'any' because no interface 'JSX.IntrinsicElements' exists.
src/pages/TermsPage.tsx(137,34): error TS7026: JSX element implicitly has type 'any' because no interface 'JSX.IntrinsicElements' exists.
src/pages/TermsPage.tsx(175,15): error TS7026: JSX element implicitly has type 'any' because no interface 'JSX.IntrinsicElements' exists.
src/pages/TermsPage.tsx(176,17): error TS7026: JSX element implicitly has type 'any' because no interface 'JSX.IntrinsicElements' exists.
src/pages/TermsPage.tsx(176,79): error TS7026: JSX element implicitly has type 'any' because no interface 'JSX.IntrinsicElements' exists.
src/pages/TermsPage.tsx(177,17): error TS7026: JSX element implicitly has type 'any' because no interface 'JSX.IntrinsicElements' exists.
src/pages/TermsPage.tsx(177,81): error TS7026: JSX element implicitly has type 'any' because no interface 'JSX.IntrinsicElements' exists.
src/pages/TermsPage.tsx(178,17): error TS7026: JSX element implicitly has type 'any' because no interface 'JSX.IntrinsicElements' exists.
src/pages/TermsPage.tsx(178,98): error TS7026: JSX element implicitly has type 'any' because no interface 'JSX.IntrinsicElements' exists.
src/pages/TermsPage.tsx(179,17): error TS7026: JSX element implicitly has type 'any' because no interface 'JSX.IntrinsicElements' exists.
src/pages/TermsPage.tsx(179,64): error TS7026: JSX element implicitly has type 'any' because no interface 'JSX.IntrinsicElements' exists.
src/pages/TermsPage.tsx(180,17): error TS7026: JSX element implicitly has type 'any' because no interface 'JSX.IntrinsicElements' exists.
src/pages/TermsPage.tsx(180,88): error TS7026: JSX element implicitly has type 'any' because no interface 'JSX.IntrinsicElements' exists.
src/pages/TermsPage.tsx(181,17): error TS7026: JSX element implicitly has type 'any' because no interface 'JSX.IntrinsicElements' exists.
src/pages/TermsPage.tsx(181,58): error TS7026: JSX element implicitly has type 'any' because no interface 'JSX.IntrinsicElements' exists.
src/pages/TermsPage.tsx(182,15): error TS7026: JSX element implicitly has type 'any' because no interface 'JSX.IntrinsicElements' exists.
src/pages/TermsPage.tsx(199,15): error TS7026: JSX element implicitly has type 'any' because no interface 'JSX.IntrinsicElements' exists.
src/pages/TermsPage.tsx(200,17): error TS7026: JSX element implicitly has type 'any' because no interface 'JSX.IntrinsicElements' exists.
src/pages/TermsPage.tsx(200,92): error TS7026: JSX element implicitly has type 'any' because no interface 'JSX.IntrinsicElements' exists.
src/pages/TermsPage.tsx(201,17): error TS7026: JSX element implicitly has type 'any' because no interface 'JSX.IntrinsicElements' exists.
src/pages/TermsPage.tsx(201,74): error TS7026: JSX element implicitly has type 'any' because no interface 'JSX.IntrinsicElements' exists.
src/pages/TermsPage.tsx(202,17): error TS7026: JSX element implicitly has type 'any' because no interface 'JSX.IntrinsicElements' exists.
src/pages/TermsPage.tsx(202,79): error TS7026: JSX element implicitly has type 'any' because no interface 'JSX.IntrinsicElements' exists.
src/pages/TermsPage.tsx(203,17): error TS7026: JSX element implicitly has type 'any' because no interface 'JSX.IntrinsicElements' exists.
src/pages/TermsPage.tsx(203,90): error TS7026: JSX element implicitly has type 'any' because no interface 'JSX.IntrinsicElements' exists.
src/pages/TermsPage.tsx(204,17): error TS7026: JSX element implicitly has type 'any' because no interface 'JSX.IntrinsicElements' exists.
src/pages/TermsPage.tsx(204,82): error TS7026: JSX element implicitly has type 'any' because no interface 'JSX.IntrinsicElements' exists.
src/pages/TermsPage.tsx(205,15): error TS7026: JSX element implicitly has type 'any' because no interface 'JSX.IntrinsicElements' exists.
src/pages/TermsPage.tsx(220,15): error TS7026: JSX element implicitly has type 'any' because no interface 'JSX.IntrinsicElements' exists.
src/pages/TermsPage.tsx(221,17): error TS7026: JSX element implicitly has type 'any' because no interface 'JSX.IntrinsicElements' exists.
src/pages/TermsPage.tsx(221,84): error TS7026: JSX element implicitly has type 'any' because no interface 'JSX.IntrinsicElements' exists.
src/pages/TermsPage.tsx(222,17): error TS7026: JSX element implicitly has type 'any' because no interface 'JSX.IntrinsicElements' exists.
src/pages/TermsPage.tsx(222,84): error TS7026: JSX element implicitly has type 'any' because no interface 'JSX.IntrinsicElements' exists.
src/pages/TermsPage.tsx(223,17): error TS7026: JSX element implicitly has type 'any' because no interface 'JSX.IntrinsicElements' exists.
src/pages/TermsPage.tsx(223,103): error TS7026: JSX element implicitly has type 'any' because no interface 'JSX.IntrinsicElements' exists.
src/pages/TermsPage.tsx(224,17): error TS7026: JSX element implicitly has type 'any' because no interface 'JSX.IntrinsicElements' exists.
src/pages/TermsPage.tsx(224,86): error TS7026: JSX element implicitly has type 'any' because no interface 'JSX.IntrinsicElements' exists.
src/pages/TermsPage.tsx(225,17): error TS7026: JSX element implicitly has type 'any' because no interface 'JSX.IntrinsicElements' exists.
src/pages/TermsPage.tsx(225,104): error TS7026: JSX element implicitly has type 'any' because no interface 'JSX.IntrinsicElements' exists.
src/pages/TermsPage.tsx(226,17): error TS7026: JSX element implicitly has type 'any' because no interface 'JSX.IntrinsicElements' exists.
src/pages/TermsPage.tsx(226,69): error TS7026: JSX element implicitly has type 'any' because no interface 'JSX.IntrinsicElements' exists.
src/pages/TermsPage.tsx(227,17): error TS7026: JSX element implicitly has type 'any' because no interface 'JSX.IntrinsicElements' exists.
src/pages/TermsPage.tsx(227,86): error TS7026: JSX element implicitly has type 'any' because no interface 'JSX.IntrinsicElements' exists.
src/pages/TermsPage.tsx(228,17): error TS7026: JSX element implicitly has type 'any' because no interface 'JSX.IntrinsicElements' exists.
src/pages/TermsPage.tsx(228,85): error TS7026: JSX element implicitly has type 'any' because no interface 'JSX.IntrinsicElements' exists.
src/pages/TermsPage.tsx(229,17): error TS7026: JSX element implicitly has type 'any' because no interface 'JSX.IntrinsicElements' exists.
src/pages/TermsPage.tsx(229,92): error TS7026: JSX element implicitly has type 'any' because no interface 'JSX.IntrinsicElements' exists.
src/pages/TermsPage.tsx(230,17): error TS7026: JSX element implicitly has type 'any' because no interface 'JSX.IntrinsicElements' exists.
src/pages/TermsPage.tsx(230,88): error TS7026: JSX element implicitly has type 'any' because no interface 'JSX.IntrinsicElements' exists.
src/pages/TermsPage.tsx(231,15): error TS7026: JSX element implicitly has type 'any' because no interface 'JSX.IntrinsicElements' exists.
src/pages/TermsPage.tsx(256,15): error TS7026: JSX element implicitly has type 'any' because no interface 'JSX.IntrinsicElements' exists.
src/pages/TermsPage.tsx(257,17): error TS7026: JSX element implicitly has type 'any' because no interface 'JSX.IntrinsicElements' exists.
src/pages/TermsPage.tsx(257,88): error TS7026: JSX element implicitly has type 'any' because no interface 'JSX.IntrinsicElements' exists.
src/pages/TermsPage.tsx(258,17): error TS7026: JSX element implicitly has type 'any' because no interface 'JSX.IntrinsicElements' exists.
src/pages/TermsPage.tsx(258,97): error TS7026: JSX element implicitly has type 'any' because no interface 'JSX.IntrinsicElements' exists.
src/pages/TermsPage.tsx(259,17): error TS7026: JSX element implicitly has type 'any' because no interface 'JSX.IntrinsicElements' exists.
src/pages/TermsPage.tsx(259,96): error TS7026: JSX element implicitly has type 'any' because no interface 'JSX.IntrinsicElements' exists.
src/pages/TermsPage.tsx(260,15): error TS7026: JSX element implicitly has type 'any' because no interface 'JSX.IntrinsicElements' exists.
src/pages/TermsPage.tsx(298,15): error TS7026: JSX element implicitly has type 'any' because no interface 'JSX.IntrinsicElements' exists.
src/pages/TermsPage.tsx(299,17): error TS7026: JSX element implicitly has type 'any' because no interface 'JSX.IntrinsicElements' exists.
src/pages/TermsPage.tsx(299,83): error TS7026: JSX element implicitly has type 'any' because no interface 'JSX.IntrinsicElements' exists.
src/pages/TermsPage.tsx(300,17): error TS7026: JSX element implicitly has type 'any' because no interface 'JSX.IntrinsicElements' exists.
src/pages/TermsPage.tsx(300,62): error TS7026: JSX element implicitly has type 'any' because no interface 'JSX.IntrinsicElements' exists.
src/pages/TermsPage.tsx(301,17): error TS7026: JSX element implicitly has type 'any' because no interface 'JSX.IntrinsicElements' exists.
src/pages/TermsPage.tsx(301,82): error TS7026: JSX element implicitly has type 'any' because no interface 'JSX.IntrinsicElements' exists.
src/pages/TermsPage.tsx(302,15): error TS7026: JSX element implicitly has type 'any' because no interface 'JSX.IntrinsicElements' exists.
src/pages/TermsPage.tsx(319,15): error TS7026: JSX element implicitly has type 'any' because no interface 'JSX.IntrinsicElements' exists.
src/pages/TermsPage.tsx(320,17): error TS7026: JSX element implicitly has type 'any' because no interface 'JSX.IntrinsicElements' exists.
src/pages/TermsPage.tsx(320,99): error TS7026: JSX element implicitly has type 'any' because no interface 'JSX.IntrinsicElements' exists.
src/pages/TermsPage.tsx(321,17): error TS7026: JSX element implicitly has type 'any' because no interface 'JSX.IntrinsicElements' exists.
src/pages/TermsPage.tsx(321,90): error TS7026: JSX element implicitly has type 'any' because no interface 'JSX.IntrinsicElements' exists.
src/pages/TermsPage.tsx(322,17): error TS7026: JSX element implicitly has type 'any' because no interface 'JSX.IntrinsicElements' exists.
src/pages/TermsPage.tsx(322,89): error TS7026: JSX element implicitly has type 'any' because no interface 'JSX.IntrinsicElements' exists.
src/pages/TermsPage.tsx(323,17): error TS7026: JSX element implicitly has type 'any' because no interface 'JSX.IntrinsicElements' exists.
src/pages/TermsPage.tsx(323,100): error TS7026: JSX element implicitly has type 'any' because no interface 'JSX.IntrinsicElements' exists.
src/pages/TermsPage.tsx(324,17): error TS7026: JSX element implicitly has type 'any' because no interface 'JSX.IntrinsicElements' exists.
src/pages/TermsPage.tsx(324,91): error TS7026: JSX element implicitly has type 'any' because no interface 'JSX.IntrinsicElements' exists.
src/pages/TermsPage.tsx(325,15): error TS7026: JSX element implicitly has type 'any' because no interface 'JSX.IntrinsicElements' exists.
src/pages/TermsPage.tsx(345,15): error TS7026: JSX element implicitly has type 'any' because no interface 'JSX.IntrinsicElements' exists.
src/pages/TermsPage.tsx(346,17): error TS7026: JSX element implicitly has type 'any' because no interface 'JSX.IntrinsicElements' exists.
src/pages/TermsPage.tsx(346,61): error TS7026: JSX element implicitly has type 'any' because no interface 'JSX.IntrinsicElements' exists.
src/pages/TermsPage.tsx(347,17): error TS7026: JSX element implicitly has type 'any' because no interface 'JSX.IntrinsicElements' exists.
src/pages/TermsPage.tsx(347,71): error TS7026: JSX element implicitly has type 'any' because no interface 'JSX.IntrinsicElements' exists.
src/pages/TermsPage.tsx(348,17): error TS7026: JSX element implicitly has type 'any' because no interface 'JSX.IntrinsicElements' exists.
src/pages/TermsPage.tsx(348,50): error TS7026: JSX element implicitly has type 'any' because no interface 'JSX.IntrinsicElements' exists.
src/pages/TermsPage.tsx(349,17): error TS7026: JSX element implicitly has type 'any' because no interface 'JSX.IntrinsicElements' exists.
src/pages/TermsPage.tsx(349,36): error TS7026: JSX element implicitly has type 'any' because no interface 'JSX.IntrinsicElements' exists.
src/pages/TermsPage.tsx(350,15): error TS7026: JSX element implicitly has type 'any' because no interface 'JSX.IntrinsicElements' exists.
src/pages/TermsPage.tsx(356,15): error TS7026: JSX element implicitly has type 'any' because no interface 'JSX.IntrinsicElements' exists.
src/pages/TermsPage.tsx(357,17): error TS7026: JSX element implicitly has type 'any' because no interface 'JSX.IntrinsicElements' exists.
src/pages/TermsPage.tsx(357,78): error TS7026: JSX element implicitly has type 'any' because no interface 'JSX.IntrinsicElements' exists.
src/pages/TermsPage.tsx(358,17): error TS7026: JSX element implicitly has type 'any' because no interface 'JSX.IntrinsicElements' exists.
src/pages/TermsPage.tsx(358,81): error TS7026: JSX element implicitly has type 'any' because no interface 'JSX.IntrinsicElements' exists.
src/pages/TermsPage.tsx(359,17): error TS7026: JSX element implicitly has type 'any' because no interface 'JSX.IntrinsicElements' exists.
src/pages/TermsPage.tsx(359,85): error TS7026: JSX element implicitly has type 'any' because no interface 'JSX.IntrinsicElements' exists.
src/pages/TermsPage.tsx(360,15): error TS7026: JSX element implicitly has type 'any' because no interface 'JSX.IntrinsicElements' exists.
src/pages/TermsPage.tsx(370,15): error TS7026: JSX element implicitly has type 'any' because no interface 'JSX.IntrinsicElements' exists.
src/pages/TermsPage.tsx(371,71): error TS7026: JSX element implicitly has type 'any' because no interface 'JSX.IntrinsicElements' exists.
src/pages/TermsPage.tsx(374,15): error TS7026: JSX element implicitly has type 'any' because no interface 'JSX.IntrinsicElements' exists.
src/pages/TermsPage.tsx(375,17): error TS7026: JSX element implicitly has type 'any' because no interface 'JSX.IntrinsicElements' exists.
src/pages/TermsPage.tsx(375,73): error TS7026: JSX element implicitly has type 'any' because no interface 'JSX.IntrinsicElements' exists.
src/pages/TermsPage.tsx(376,17): error TS7026: JSX element implicitly has type 'any' because no interface 'JSX.IntrinsicElements' exists.
src/pages/TermsPage.tsx(376,58): error TS7026: JSX element implicitly has type 'any' because no interface 'JSX.IntrinsicElements' exists.
src/pages/TermsPage.tsx(377,17): error TS7026: JSX element implicitly has type 'any' because no interface 'JSX.IntrinsicElements' exists.
src/pages/TermsPage.tsx(377,69): error TS7026: JSX element implicitly has type 'any' because no interface 'JSX.IntrinsicElements' exists.
src/pages/TermsPage.tsx(378,17): error TS7026: JSX element implicitly has type 'any' because no interface 'JSX.IntrinsicElements' exists.
src/pages/TermsPage.tsx(378,61): error TS7026: JSX element implicitly has type 'any' because no interface 'JSX.IntrinsicElements' exists.
src/pages/TermsPage.tsx(379,17): error TS7026: JSX element implicitly has type 'any' because no interface 'JSX.IntrinsicElements' exists.
src/pages/TermsPage.tsx(379,72): error TS7026: JSX element implicitly has type 'any' because no interface 'JSX.IntrinsicElements' exists.
src/pages/TermsPage.tsx(380,15): error TS7026: JSX element implicitly has type 'any' because no interface 'JSX.IntrinsicElements' exists.
src/pages/TermsPage.tsx(399,15): error TS7026: JSX element implicitly has type 'any' because no interface 'JSX.IntrinsicElements' exists.
src/pages/TermsPage.tsx(400,61): error TS7026: JSX element implicitly has type 'any' because no interface 'JSX.IntrinsicElements' exists.
src/pages/TermsPage.tsx(403,15): error TS7026: JSX element implicitly has type 'any' because no interface 'JSX.IntrinsicElements' exists.
src/pages/TermsPage.tsx(404,17): error TS7026: JSX element implicitly has type 'any' because no interface 'JSX.IntrinsicElements' exists.
src/pages/TermsPage.tsx(404,86): error TS7026: JSX element implicitly has type 'any' because no interface 'JSX.IntrinsicElements' exists.
src/pages/TermsPage.tsx(405,17): error TS7026: JSX element implicitly has type 'any' because no interface 'JSX.IntrinsicElements' exists.
src/pages/TermsPage.tsx(405,78): error TS7026: JSX element implicitly has type 'any' because no interface 'JSX.IntrinsicElements' exists.
src/pages/TermsPage.tsx(406,17): error TS7026: JSX element implicitly has type 'any' because no interface 'JSX.IntrinsicElements' exists.
src/pages/TermsPage.tsx(406,72): error TS7026: JSX element implicitly has type 'any' because no interface 'JSX.IntrinsicElements' exists.
src/pages/TermsPage.tsx(407,17): error TS7026: JSX element implicitly has type 'any' because no interface 'JSX.IntrinsicElements' exists.
src/pages/TermsPage.tsx(407,64): error TS7026: JSX element implicitly has type 'any' because no interface 'JSX.IntrinsicElements' exists.
src/pages/TermsPage.tsx(408,17): error TS7026: JSX element implicitly has type 'any' because no interface 'JSX.IntrinsicElements' exists.
src/pages/TermsPage.tsx(408,70): error TS7026: JSX element implicitly has type 'any' because no interface 'JSX.IntrinsicElements' exists.
src/pages/TermsPage.tsx(409,15): error TS7026: JSX element implicitly has type 'any' because no interface 'JSX.IntrinsicElements' exists.
src/pages/TermsPage.tsx(412,15): error TS7026: JSX element implicitly has type 'any' because no interface 'JSX.IntrinsicElements' exists.
src/pages/TermsPage.tsx(413,86): error TS7026: JSX element implicitly has type 'any' because no interface 'JSX.IntrinsicElements' exists.
src/pages/TermsPage.tsx(432,15): error TS7026: JSX element implicitly has type 'any' because no interface 'JSX.IntrinsicElements' exists.
src/pages/TermsPage.tsx(433,17): error TS7026: JSX element implicitly has type 'any' because no interface 'JSX.IntrinsicElements' exists.
src/pages/TermsPage.tsx(433,44): error TS7026: JSX element implicitly has type 'any' because no interface 'JSX.IntrinsicElements' exists.
src/pages/TermsPage.tsx(434,17): error TS7026: JSX element implicitly has type 'any' because no interface 'JSX.IntrinsicElements' exists.
src/pages/TermsPage.tsx(434,38): error TS7026: JSX element implicitly has type 'any' because no interface 'JSX.IntrinsicElements' exists.
src/pages/TermsPage.tsx(435,17): error TS7026: JSX element implicitly has type 'any' because no interface 'JSX.IntrinsicElements' exists.
src/pages/TermsPage.tsx(435,50): error TS7026: JSX element implicitly has type 'any' because no interface 'JSX.IntrinsicElements' exists.
src/pages/TermsPage.tsx(436,17): error TS7026: JSX element implicitly has type 'any' because no interface 'JSX.IntrinsicElements' exists.
src/pages/TermsPage.tsx(436,61): error TS7026: JSX element implicitly has type 'any' because no interface 'JSX.IntrinsicElements' exists.
src/pages/TermsPage.tsx(437,15): error TS7026: JSX element implicitly has type 'any' because no interface 'JSX.IntrinsicElements' exists.
src/pages/TermsPage.tsx(470,15): error TS7026: JSX element implicitly has type 'any' because no interface 'JSX.IntrinsicElements' exists.
src/pages/TermsPage.tsx(471,17): error TS7026: JSX element implicitly has type 'any' because no interface 'JSX.IntrinsicElements' exists.
src/pages/TermsPage.tsx(471,77): error TS7026: JSX element implicitly has type 'any' because no interface 'JSX.IntrinsicElements' exists.
src/pages/TermsPage.tsx(472,17): error TS7026: JSX element implicitly has type 'any' because no interface 'JSX.IntrinsicElements' exists.
src/pages/TermsPage.tsx(472,82): error TS7026: JSX element implicitly has type 'any' because no interface 'JSX.IntrinsicElements' exists.
src/pages/TermsPage.tsx(473,15): error TS7026: JSX element implicitly has type 'any' because no interface 'JSX.IntrinsicElements' exists.
src/pages/TermsPage.tsx(488,15): error TS7026: JSX element implicitly has type 'any' because no interface 'JSX.IntrinsicElements' exists.
src/pages/TermsPage.tsx(489,17): error TS7026: JSX element implicitly has type 'any' because no interface 'JSX.IntrinsicElements' exists.
src/pages/TermsPage.tsx(489,21): error TS7026: JSX element implicitly has type 'any' because no interface 'JSX.IntrinsicElements' exists.
src/pages/TermsPage.tsx(489,46): error TS7026: JSX element implicitly has type 'any' because no interface 'JSX.IntrinsicElements' exists.
src/pages/TermsPage.tsx(490,74): error TS7026: JSX element implicitly has type 'any' because no interface 'JSX.IntrinsicElements' exists.
src/pages/TermsPage.tsx(491,17): error TS7026: JSX element implicitly has type 'any' because no interface 'JSX.IntrinsicElements' exists.
src/pages/TermsPage.tsx(491,21): error TS7026: JSX element implicitly has type 'any' because no interface 'JSX.IntrinsicElements' exists.
src/pages/TermsPage.tsx(491,42): error TS7026: JSX element implicitly has type 'any' because no interface 'JSX.IntrinsicElements' exists.
src/pages/TermsPage.tsx(492,50): error TS7026: JSX element implicitly has type 'any' because no interface 'JSX.IntrinsicElements' exists.
src/pages/TermsPage.tsx(493,17): error TS7026: JSX element implicitly has type 'any' because no interface 'JSX.IntrinsicElements' exists.
src/pages/TermsPage.tsx(493,21): error TS7026: JSX element implicitly has type 'any' because no interface 'JSX.IntrinsicElements' exists.
src/pages/TermsPage.tsx(493,36): error TS7026: JSX element implicitly has type 'any' because no interface 'JSX.IntrinsicElements' exists.
src/pages/TermsPage.tsx(494,53): error TS7026: JSX element implicitly has type 'any' because no interface 'JSX.IntrinsicElements' exists.
src/pages/TermsPage.tsx(495,17): error TS7026: JSX element implicitly has type 'any' because no interface 'JSX.IntrinsicElements' exists.
src/pages/TermsPage.tsx(495,21): error TS7026: JSX element implicitly has type 'any' because no interface 'JSX.IntrinsicElements' exists.
src/pages/TermsPage.tsx(495,40): error TS7026: JSX element implicitly has type 'any' because no interface 'JSX.IntrinsicElements' exists.
src/pages/TermsPage.tsx(496,72): error TS7026: JSX element implicitly has type 'any' because no interface 'JSX.IntrinsicElements' exists.
src/pages/TermsPage.tsx(497,17): error TS7026: JSX element implicitly has type 'any' because no interface 'JSX.IntrinsicElements' exists.
src/pages/TermsPage.tsx(497,21): error TS7026: JSX element implicitly has type 'any' because no interface 'JSX.IntrinsicElements' exists.
src/pages/TermsPage.tsx(497,43): error TS7026: JSX element implicitly has type 'any' because no interface 'JSX.IntrinsicElements' exists.
src/pages/TermsPage.tsx(498,47): error TS7026: JSX element implicitly has type 'any' because no interface 'JSX.IntrinsicElements' exists.
src/pages/TermsPage.tsx(499,17): error TS7026: JSX element implicitly has type 'any' because no interface 'JSX.IntrinsicElements' exists.
src/pages/TermsPage.tsx(499,21): error TS7026: JSX element implicitly has type 'any' because no interface 'JSX.IntrinsicElements' exists.
src/pages/TermsPage.tsx(499,39): error TS7026: JSX element implicitly has type 'any' because no interface 'JSX.IntrinsicElements' exists.
src/pages/TermsPage.tsx(500,40): error TS7026: JSX element implicitly has type 'any' because no interface 'JSX.IntrinsicElements' exists.
src/pages/TermsPage.tsx(501,15): error TS7026: JSX element implicitly has type 'any' because no interface 'JSX.IntrinsicElements' exists.
src/pages/TermsPage.tsx(514,15): error TS7026: JSX element implicitly has type 'any' because no interface 'JSX.IntrinsicElements' exists.
src/pages/TermsPage.tsx(515,17): error TS7026: JSX element implicitly has type 'any' because no interface 'JSX.IntrinsicElements' exists.
src/pages/TermsPage.tsx(515,21): error TS7026: JSX element implicitly has type 'any' because no interface 'JSX.IntrinsicElements' exists.
src/pages/TermsPage.tsx(515,35): error TS7026: JSX element implicitly has type 'any' because no interface 'JSX.IntrinsicElements' exists.
src/pages/TermsPage.tsx(515,117): error TS7026: JSX element implicitly has type 'any' because no interface 'JSX.IntrinsicElements' exists.
src/pages/TermsPage.tsx(516,17): error TS7026: JSX element implicitly has type 'any' because no interface 'JSX.IntrinsicElements' exists.
src/pages/TermsPage.tsx(516,21): error TS7026: JSX element implicitly has type 'any' because no interface 'JSX.IntrinsicElements' exists.
src/pages/TermsPage.tsx(516,45): error TS7026: JSX element implicitly has type 'any' because no interface 'JSX.IntrinsicElements' exists.
src/pages/TermsPage.tsx(516,123): error TS7026: JSX element implicitly has type 'any' because no interface 'JSX.IntrinsicElements' exists.
src/pages/TermsPage.tsx(517,17): error TS7026: JSX element implicitly has type 'any' because no interface 'JSX.IntrinsicElements' exists.
src/pages/TermsPage.tsx(517,21): error TS7026: JSX element implicitly has type 'any' because no interface 'JSX.IntrinsicElements' exists.
src/pages/TermsPage.tsx(517,37): error TS7026: JSX element implicitly has type 'any' because no interface 'JSX.IntrinsicElements' exists.
src/pages/TermsPage.tsx(517,112): error TS7026: JSX element implicitly has type 'any' because no interface 'JSX.IntrinsicElements' exists.
src/pages/TermsPage.tsx(518,15): error TS7026: JSX element implicitly has type 'any' because no interface 'JSX.IntrinsicElements' exists.
src/pages/UpdatePasswordPage.tsx(1,37): error TS2307: Cannot find module 'react' or its corresponding type declarations.
src/pages/UpdatePasswordPage.tsx(2,29): error TS2307: Cannot find module 'react-router-dom' or its corresponding type declarations.
src/pages/UpdatePasswordPage.tsx(12,8): error TS2307: Cannot find module '@mantine/core' or its corresponding type declarations.
src/pages/UpdatePasswordPage.tsx(13,44): error TS2307: Cannot find module '@tabler/icons-react' or its corresponding type declarations.
src/pages/UpdatePasswordPage.tsx(35,34): error TS2503: Cannot find namespace 'React'.
src/pages/UpdatePasswordPage.tsx(77,7): error TS2875: This JSX tag requires the module path 'react/jsx-runtime' to exist, but none could be found. Make sure you have types for the appropriate package installed.
src/pages/UpdatePasswordPage.tsx(93,11): error TS7026: JSX element implicitly has type 'any' because no interface 'JSX.IntrinsicElements' exists.
src/pages/UpdatePasswordPage.tsx(100,11): error TS7026: JSX element implicitly has type 'any' because no interface 'JSX.IntrinsicElements' exists.
src/pages/UpdatePasswordPage.tsx(108,11): error TS7026: JSX element implicitly has type 'any' because no interface 'JSX.IntrinsicElements' exists.
src/pages/UpdatePasswordPage.tsx(116,28): error TS7006: Parameter 'e' implicitly has an 'any' type.
src/pages/UpdatePasswordPage.tsx(127,28): error TS7006: Parameter 'e' implicitly has an 'any' type.
src/pages/UpdatePasswordPage.tsx(135,11): error TS7026: JSX element implicitly has type 'any' because no interface 'JSX.IntrinsicElements' exists.
src/pages/settings/APITestingPage.tsx(1,26): error TS2307: Cannot find module 'react' or its corresponding type declarations.
src/pages/settings/APITestingPage.tsx(18,8): error TS2307: Cannot find module '@mantine/core' or its corresponding type declarations.
src/pages/settings/APITestingPage.tsx(19,31): error TS2307: Cannot find module '@mantine/notifications' or its corresponding type declarations.
src/pages/settings/APITestingPage.tsx(27,8): error TS2307: Cannot find module '@tabler/icons-react' or its corresponding type declarations.
src/pages/settings/APITestingPage.tsx(29,27): error TS2307: Cannot find module 'pdfjs-dist' or its corresponding type declarations.
src/pages/settings/APITestingPage.tsx(255,17): error TS7006: Parameter 'prev' implicitly has an 'any' type.
src/pages/settings/APITestingPage.tsx(649,5): error TS2875: This JSX tag requires the module path 'react/jsx-runtime' to exist, but none could be found. Make sure you have types for the appropriate package installed.
src/pages/settings/APITestingPage.tsx(650,7): error TS7026: JSX element implicitly has type 'any' because no interface 'JSX.IntrinsicElements' exists.
src/pages/settings/APITestingPage.tsx(655,7): error TS7026: JSX element implicitly has type 'any' because no interface 'JSX.IntrinsicElements' exists.
src/pages/settings/APITestingPage.tsx(659,44): error TS7006: Parameter 'value' implicitly has an 'any' type.
src/pages/settings/APITestingPage.tsx(691,27): error TS7026: JSX element implicitly has type 'any' because no interface 'JSX.IntrinsicElements' exists.
src/pages/settings/APITestingPage.tsx(699,27): error TS7026: JSX element implicitly has type 'any' because no interface 'JSX.IntrinsicElements' exists.
src/pages/settings/APITestingPage.tsx(723,40): error TS7006: Parameter 'e' implicitly has an 'any' type.
src/pages/settings/APITestingPage.tsx(733,40): error TS7006: Parameter 'e' implicitly has an 'any' type.
src/pages/settings/APITestingPage.tsx(746,40): error TS7006: Parameter 'file' implicitly has an 'any' type.
src/pages/settings/APITestingPage.tsx(760,27): error TS7026: JSX element implicitly has type 'any' because no interface 'JSX.IntrinsicElements' exists.
src/pages/settings/APITestingPage.tsx(765,27): error TS7026: JSX element implicitly has type 'any' because no interface 'JSX.IntrinsicElements' exists.
src/pages/settings/APITestingPage.tsx(787,27): error TS7026: JSX element implicitly has type 'any' because no interface 'JSX.IntrinsicElements' exists.
src/pages/settings/APITestingPage.tsx(800,27): error TS7026: JSX element implicitly has type 'any' because no interface 'JSX.IntrinsicElements' exists.
src/pages/settings/APITestingPage.tsx(816,40): error TS7006: Parameter 'e' implicitly has an 'any' type.
src/pages/settings/APITestingPage.tsx(821,27): error TS7026: JSX element implicitly has type 'any' because no interface 'JSX.IntrinsicElements' exists.
src/pages/settings/APITestingPage.tsx(826,27): error TS7026: JSX element implicitly has type 'any' because no interface 'JSX.IntrinsicElements' exists.
src/pages/settings/APITestingPage.tsx(852,27): error TS7026: JSX element implicitly has type 'any' because no interface 'JSX.IntrinsicElements' exists.
src/pages/settings/APITestingPage.tsx(865,27): error TS7026: JSX element implicitly has type 'any' because no interface 'JSX.IntrinsicElements' exists.
src/pages/settings/APITestingPage.tsx(876,27): error TS7026: JSX element implicitly has type 'any' because no interface 'JSX.IntrinsicElements' exists.
src/pages/settings/APITestingPage.tsx(881,27): error TS7026: JSX element implicitly has type 'any' because no interface 'JSX.IntrinsicElements' exists.
src/pages/settings/APITestingPage.tsx(902,32): error TS7006: Parameter 'value' implicitly has an 'any' type.
src/pages/settings/APITestingPage.tsx(910,32): error TS7006: Parameter 'e' implicitly has an 'any' type.
src/pages/settings/APITestingPage.tsx(917,32): error TS7006: Parameter 'e' implicitly has an 'any' type.
src/pages/settings/APITestingPage.tsx(1029,17): error TS7026: JSX element implicitly has type 'any' because no interface 'JSX.IntrinsicElements' exists.
src/pages/settings/APITestingPage.tsx(1036,17): error TS7026: JSX element implicitly has type 'any' because no interface 'JSX.IntrinsicElements' exists.
src/pages/settings/AdminOrganizationsPage.tsx(1,26): error TS2307: Cannot find module 'react' or its corresponding type declarations.
src/pages/settings/AdminOrganizationsPage.tsx(16,8): error TS2307: Cannot find module '@mantine/core' or its corresponding type declarations.
src/pages/settings/AdminOrganizationsPage.tsx(17,55): error TS2307: Cannot find module '@tanstack/react-query' or its corresponding type declarations.
src/pages/settings/AdminOrganizationsPage.tsx(22,8): error TS2307: Cannot find module '@tabler/icons-react' or its corresponding type declarations.
src/pages/settings/AdminOrganizationsPage.tsx(24,31): error TS2307: Cannot find module '@mantine/notifications' or its corresponding type declarations.
src/pages/settings/AdminOrganizationsPage.tsx(147,46): error TS7006: Parameter 'org' implicitly has an 'any' type.
src/pages/settings/AdminOrganizationsPage.tsx(203,5): error TS2875: This JSX tag requires the module path 'react/jsx-runtime' to exist, but none could be found. Make sure you have types for the appropriate package installed.
src/pages/settings/AdminOrganizationsPage.tsx(204,7): error TS7026: JSX element implicitly has type 'any' because no interface 'JSX.IntrinsicElements' exists.
src/pages/settings/AdminOrganizationsPage.tsx(209,7): error TS7026: JSX element implicitly has type 'any' because no interface 'JSX.IntrinsicElements' exists.
src/pages/settings/AdminOrganizationsPage.tsx(232,26): error TS7006: Parameter 'e' implicitly has an 'any' type.
src/pages/settings/AdminOrganizationsPage.tsx(260,39): error TS7006: Parameter 'org' implicitly has an 'any' type.
src/pages/settings/AdminOrganizationsPage.tsx(265,27): error TS7026: JSX element implicitly has type 'any' because no interface 'JSX.IntrinsicElements' exists.
src/pages/settings/AdminOrganizationsPage.tsx(268,27): error TS7026: JSX element implicitly has type 'any' because no interface 'JSX.IntrinsicElements' exists.
src/pages/settings/AdminOrganizationsPage.tsx(320,24): error TS7006: Parameter 'e' implicitly has an 'any' type.
src/pages/settings/AdminOrganizationsPage.tsx(328,24): error TS7006: Parameter 'value' implicitly has an 'any' type.
src/pages/settings/AdminOrganizationsPage.tsx(342,24): error TS7006: Parameter 'value' implicitly has an 'any' type.
src/pages/settings/AdminPage.tsx(1,22): error TS2307: Cannot find module '@mantine/core' or its corresponding type declarations.
src/pages/settings/AdminPage.tsx(2,52): error TS2307: Cannot find module '@tabler/icons-react' or its corresponding type declarations.
src/pages/settings/AdminPage.tsx(3,42): error TS2307: Cannot find module 'react-router-dom' or its corresponding type declarations.
src/pages/settings/AdminPage.tsx(22,12): error TS2875: This JSX tag requires the module path 'react/jsx-runtime' to exist, but none could be found. Make sure you have types for the appropriate package installed.
src/pages/settings/AdminUsersPage.tsx(1,26): error TS2307: Cannot find module 'react' or its corresponding type declarations.
src/pages/settings/AdminUsersPage.tsx(16,8): error TS2307: Cannot find module '@mantine/core' or its corresponding type declarations.
src/pages/settings/AdminUsersPage.tsx(17,55): error TS2307: Cannot find module '@tanstack/react-query' or its corresponding type declarations.
src/pages/settings/AdminUsersPage.tsx(22,8): error TS2307: Cannot find module '@tabler/icons-react' or its corresponding type declarations.
src/pages/settings/AdminUsersPage.tsx(24,31): error TS2307: Cannot find module '@mantine/notifications' or its corresponding type declarations.
src/pages/settings/AdminUsersPage.tsx(109,39): error TS7006: Parameter 'user' implicitly has an 'any' type.
src/pages/settings/AdminUsersPage.tsx(125,5): error TS2875: This JSX tag requires the module path 'react/jsx-runtime' to exist, but none could be found. Make sure you have types for the appropriate package installed.
src/pages/settings/AdminUsersPage.tsx(126,7): error TS7026: JSX element implicitly has type 'any' because no interface 'JSX.IntrinsicElements' exists.
src/pages/settings/AdminUsersPage.tsx(131,7): error TS7026: JSX element implicitly has type 'any' because no interface 'JSX.IntrinsicElements' exists.
src/pages/settings/AdminUsersPage.tsx(154,26): error TS7006: Parameter 'e' implicitly has an 'any' type.
src/pages/settings/AdminUsersPage.tsx(182,40): error TS7006: Parameter 'user' implicitly has an 'any' type.
src/pages/settings/AdminUsersPage.tsx(191,27): error TS7026: JSX element implicitly has type 'any' because no interface 'JSX.IntrinsicElements' exists.
src/pages/settings/AdminUsersPage.tsx(198,27): error TS7026: JSX element implicitly has type 'any' because no interface 'JSX.IntrinsicElements' exists.
src/pages/settings/AdminUsersPage.tsx(204,54): error TS7006: Parameter 'org' implicitly has an 'any' type.
src/pages/settings/AdminUsersPage.tsx(204,59): error TS7006: Parameter 'idx' implicitly has an 'any' type.
src/pages/settings/AdminUsersPage.tsx(272,24): error TS7006: Parameter 'e' implicitly has an 'any' type.
src/pages/settings/AlertsPage.tsx(1,26): error TS2307: Cannot find module 'react' or its corresponding type declarations.
src/pages/settings/AlertsPage.tsx(2,55): error TS2307: Cannot find module '@tanstack/react-query' or its corresponding type declarations.
src/pages/settings/AlertsPage.tsx(25,8): error TS2307: Cannot find module '@mantine/core' or its corresponding type declarations.
src/pages/settings/AlertsPage.tsx(35,8): error TS2307: Cannot find module '@tabler/icons-react' or its corresponding type declarations.
src/pages/settings/AlertsPage.tsx(36,31): error TS2307: Cannot find module '@mantine/notifications' or its corresponding type declarations.
src/pages/settings/AlertsPage.tsx(307,7): error TS2875: This JSX tag requires the module path 'react/jsx-runtime' to exist, but none could be found. Make sure you have types for the appropriate package installed.
src/pages/settings/AlertsPage.tsx(321,13): error TS7026: JSX element implicitly has type 'any' because no interface 'JSX.IntrinsicElements' exists.
src/pages/settings/AlertsPage.tsx(326,13): error TS7026: JSX element implicitly has type 'any' because no interface 'JSX.IntrinsicElements' exists.
src/pages/settings/AlertsPage.tsx(503,28): error TS7006: Parameter 'e' implicitly has an 'any' type.
src/pages/settings/AlertsPage.tsx(511,28): error TS7006: Parameter 'e' implicitly has an 'any' type.
src/pages/settings/AlertsPage.tsx(521,28): error TS7006: Parameter 'e' implicitly has an 'any' type.
src/pages/settings/AlertsPage.tsx(548,30): error TS7006: Parameter 'e' implicitly has an 'any' type.
src/pages/settings/AlertsPage.tsx(553,30): error TS7006: Parameter 'e' implicitly has an 'any' type.
src/pages/settings/AlertsPage.tsx(596,28): error TS7006: Parameter 'value' implicitly has an 'any' type.
src/pages/settings/AlertsPage.tsx(600,86): error TS7006: Parameter 'e' implicitly has an 'any' type.
src/pages/settings/AlertsPage.tsx(601,87): error TS7006: Parameter 'e' implicitly has an 'any' type.
src/pages/settings/BillingPage.tsx(1,26): error TS2307: Cannot find module 'react' or its corresponding type declarations.
src/pages/settings/BillingPage.tsx(2,26): error TS2307: Cannot find module '@tanstack/react-query' or its corresponding type declarations.
src/pages/settings/BillingPage.tsx(18,8): error TS2307: Cannot find module '@mantine/core' or its corresponding type declarations.
src/pages/settings/BillingPage.tsx(27,8): error TS2307: Cannot find module '@tabler/icons-react' or its corresponding type declarations.
src/pages/settings/BillingPage.tsx(180,7): error TS2875: This JSX tag requires the module path 'react/jsx-runtime' to exist, but none could be found. Make sure you have types for the appropriate package installed.
src/pages/settings/BillingPage.tsx(218,15): error TS7026: JSX element implicitly has type 'any' because no interface 'JSX.IntrinsicElements' exists.
src/pages/settings/BillingPage.tsx(223,15): error TS7026: JSX element implicitly has type 'any' because no interface 'JSX.IntrinsicElements' exists.
src/pages/settings/BillingPage.tsx(240,19): error TS7026: JSX element implicitly has type 'any' because no interface 'JSX.IntrinsicElements' exists.
src/pages/settings/BillingPage.tsx(247,19): error TS7026: JSX element implicitly has type 'any' because no interface 'JSX.IntrinsicElements' exists.
src/pages/settings/BillingPage.tsx(340,17): error TS7026: JSX element implicitly has type 'any' because no interface 'JSX.IntrinsicElements' exists.
src/pages/settings/BillingPage.tsx(347,17): error TS7026: JSX element implicitly has type 'any' because no interface 'JSX.IntrinsicElements' exists.
src/pages/settings/BillingPage.tsx(352,17): error TS7026: JSX element implicitly has type 'any' because no interface 'JSX.IntrinsicElements' exists.
src/pages/settings/BillingPage.tsx(369,17): error TS7026: JSX element implicitly has type 'any' because no interface 'JSX.IntrinsicElements' exists.
src/pages/settings/BillingPage.tsx(372,17): error TS7026: JSX element implicitly has type 'any' because no interface 'JSX.IntrinsicElements' exists.
src/pages/settings/BillingPage.tsx(388,17): error TS7026: JSX element implicitly has type 'any' because no interface 'JSX.IntrinsicElements' exists.
src/pages/settings/BillingPage.tsx(405,15): error TS7026: JSX element implicitly has type 'any' because no interface 'JSX.IntrinsicElements' exists.
src/pages/settings/BillingPage.tsx(410,15): error TS7026: JSX element implicitly has type 'any' because no interface 'JSX.IntrinsicElements' exists.
src/pages/settings/BillingPage.tsx(415,57): error TS7006: Parameter 'e' implicitly has an 'any' type.
src/pages/settings/BillingPage.tsx(439,19): error TS7026: JSX element implicitly has type 'any' because no interface 'JSX.IntrinsicElements' exists.
src/pages/settings/BillingPage.tsx(461,19): error TS7026: JSX element implicitly has type 'any' because no interface 'JSX.IntrinsicElements' exists.
src/pages/settings/BillingPage.tsx(523,19): error TS7026: JSX element implicitly has type 'any' because no interface 'JSX.IntrinsicElements' exists.
src/pages/settings/BillingPage.tsx(550,19): error TS7026: JSX element implicitly has type 'any' because no interface 'JSX.IntrinsicElements' exists.
src/pages/settings/BillingPage.tsx(614,19): error TS7026: JSX element implicitly has type 'any' because no interface 'JSX.IntrinsicElements' exists.
src/pages/settings/BillingPage.tsx(646,19): error TS7026: JSX element implicitly has type 'any' because no interface 'JSX.IntrinsicElements' exists.
src/pages/settings/BillingPage.tsx(695,19): error TS7026: JSX element implicitly has type 'any' because no interface 'JSX.IntrinsicElements' exists.
src/pages/settings/BillingPage.tsx(714,19): error TS7026: JSX element implicitly has type 'any' because no interface 'JSX.IntrinsicElements' exists.
src/pages/settings/CalendarPage.tsx(1,26): error TS2307: Cannot find module 'react' or its corresponding type declarations.
src/pages/settings/CalendarPage.tsx(2,55): error TS2307: Cannot find module '@tanstack/react-query' or its corresponding type declarations.
src/pages/settings/CalendarPage.tsx(20,8): error TS2307: Cannot find module '@mantine/core' or its corresponding type declarations.
src/pages/settings/CalendarPage.tsx(21,31): error TS2307: Cannot find module '@mantine/notifications' or its corresponding type declarations.
src/pages/settings/CalendarPage.tsx(32,8): error TS2307: Cannot find module '@tabler/icons-react' or its corresponding type declarations.
src/pages/settings/CalendarPage.tsx(319,7): error TS2875: This JSX tag requires the module path 'react/jsx-runtime' to exist, but none could be found. Make sure you have types for the appropriate package installed.
src/pages/settings/CalendarPage.tsx(352,19): error TS7026: JSX element implicitly has type 'any' because no interface 'JSX.IntrinsicElements' exists.
src/pages/settings/CalendarPage.tsx(359,19): error TS7026: JSX element implicitly has type 'any' because no interface 'JSX.IntrinsicElements' exists.
src/pages/settings/CalendarPage.tsx(363,19): error TS7026: JSX element implicitly has type 'any' because no interface 'JSX.IntrinsicElements' exists.
src/pages/settings/CalendarPage.tsx(380,29): error TS7031: Binding element 'copied' implicitly has an 'any' type.
src/pages/settings/CalendarPage.tsx(380,37): error TS7031: Binding element 'copy' implicitly has an 'any' type.
src/pages/settings/CalendarPage.tsx(397,19): error TS7026: JSX element implicitly has type 'any' because no interface 'JSX.IntrinsicElements' exists.
src/pages/settings/CalendarPage.tsx(424,19): error TS7026: JSX element implicitly has type 'any' because no interface 'JSX.IntrinsicElements' exists.
src/pages/settings/CalendarPage.tsx(431,19): error TS7026: JSX element implicitly has type 'any' because no interface 'JSX.IntrinsicElements' exists.
src/pages/settings/CalendarPage.tsx(487,17): error TS7026: JSX element implicitly has type 'any' because no interface 'JSX.IntrinsicElements' exists.
src/pages/settings/CalendarPage.tsx(494,17): error TS7026: JSX element implicitly has type 'any' because no interface 'JSX.IntrinsicElements' exists.
src/pages/settings/CalendarPage.tsx(509,25): error TS7026: JSX element implicitly has type 'any' because no interface 'JSX.IntrinsicElements' exists.
src/pages/settings/CalendarPage.tsx(516,25): error TS7026: JSX element implicitly has type 'any' because no interface 'JSX.IntrinsicElements' exists.
src/pages/settings/CalendarPage.tsx(526,40): error TS7026: JSX element implicitly has type 'any' because no interface 'JSX.IntrinsicElements' exists.
src/pages/settings/CalendarPage.tsx(526,80): error TS7026: JSX element implicitly has type 'any' because no interface 'JSX.IntrinsicElements' exists.
src/pages/settings/CalendarPage.tsx(573,25): error TS7026: JSX element implicitly has type 'any' because no interface 'JSX.IntrinsicElements' exists.
src/pages/settings/CalendarPage.tsx(580,25): error TS7026: JSX element implicitly has type 'any' because no interface 'JSX.IntrinsicElements' exists.
src/pages/settings/CalendarPage.tsx(628,23): error TS7026: JSX element implicitly has type 'any' because no interface 'JSX.IntrinsicElements' exists.
src/pages/settings/CalendarPage.tsx(635,23): error TS7026: JSX element implicitly has type 'any' because no interface 'JSX.IntrinsicElements' exists.
src/pages/settings/CalendarPage.tsx(662,31): error TS7026: JSX element implicitly has type 'any' because no interface 'JSX.IntrinsicElements' exists.
src/pages/settings/CalendarPage.tsx(677,31): error TS7026: JSX element implicitly has type 'any' because no interface 'JSX.IntrinsicElements' exists.
src/pages/settings/CalendarPage.tsx(731,21): error TS7026: JSX element implicitly has type 'any' because no interface 'JSX.IntrinsicElements' exists.
src/pages/settings/CalendarPage.tsx(731,36): error TS7026: JSX element implicitly has type 'any' because no interface 'JSX.IntrinsicElements' exists.
src/pages/settings/CalendarPage.tsx(800,17): error TS7026: JSX element implicitly has type 'any' because no interface 'JSX.IntrinsicElements' exists.
src/pages/settings/CalendarPage.tsx(801,19): error TS7026: JSX element implicitly has type 'any' because no interface 'JSX.IntrinsicElements' exists.
src/pages/settings/CalendarPage.tsx(803,19): error TS7026: JSX element implicitly has type 'any' because no interface 'JSX.IntrinsicElements' exists.
src/pages/settings/CalendarPage.tsx(804,19): error TS7026: JSX element implicitly has type 'any' because no interface 'JSX.IntrinsicElements' exists.
src/pages/settings/CalendarPage.tsx(806,19): error TS7026: JSX element implicitly has type 'any' because no interface 'JSX.IntrinsicElements' exists.
src/pages/settings/CalendarPage.tsx(807,19): error TS7026: JSX element implicitly has type 'any' because no interface 'JSX.IntrinsicElements' exists.
src/pages/settings/CalendarPage.tsx(809,19): error TS7026: JSX element implicitly has type 'any' because no interface 'JSX.IntrinsicElements' exists.
src/pages/settings/CalendarPage.tsx(810,19): error TS7026: JSX element implicitly has type 'any' because no interface 'JSX.IntrinsicElements' exists.
src/pages/settings/CalendarPage.tsx(812,19): error TS7026: JSX element implicitly has type 'any' because no interface 'JSX.IntrinsicElements' exists.
src/pages/settings/CalendarPage.tsx(813,17): error TS7026: JSX element implicitly has type 'any' because no interface 'JSX.IntrinsicElements' exists.
src/pages/settings/CalendarPage.tsx(821,26): error TS7006: Parameter 'e' implicitly has an 'any' type.
src/pages/settings/CalendarPage.tsx(863,26): error TS7006: Parameter 'e' implicitly has an 'any' type.
src/pages/settings/CalendarPage.tsx(871,26): error TS7006: Parameter 'e' implicitly has an 'any' type.
src/pages/settings/CalendarPage.tsx(879,26): error TS7006: Parameter 'e' implicitly has an 'any' type.
src/pages/settings/CalendarPage.tsx(888,26): error TS7006: Parameter 'value' implicitly has an 'any' type.
src/pages/settings/CalendarPage.tsx(946,17): error TS7026: JSX element implicitly has type 'any' because no interface 'JSX.IntrinsicElements' exists.
src/pages/settings/CalendarPage.tsx(947,19): error TS7026: JSX element implicitly has type 'any' because no interface 'JSX.IntrinsicElements' exists.
src/pages/settings/CalendarPage.tsx(949,19): error TS7026: JSX element implicitly has type 'any' because no interface 'JSX.IntrinsicElements' exists.
src/pages/settings/CalendarPage.tsx(950,19): error TS7026: JSX element implicitly has type 'any' because no interface 'JSX.IntrinsicElements' exists.
src/pages/settings/CalendarPage.tsx(952,19): error TS7026: JSX element implicitly has type 'any' because no interface 'JSX.IntrinsicElements' exists.
src/pages/settings/CalendarPage.tsx(953,19): error TS7026: JSX element implicitly has type 'any' because no interface 'JSX.IntrinsicElements' exists.
src/pages/settings/CalendarPage.tsx(955,19): error TS7026: JSX element implicitly has type 'any' because no interface 'JSX.IntrinsicElements' exists.
src/pages/settings/CalendarPage.tsx(956,19): error TS7026: JSX element implicitly has type 'any' because no interface 'JSX.IntrinsicElements' exists.
src/pages/settings/CalendarPage.tsx(958,19): error TS7026: JSX element implicitly has type 'any' because no interface 'JSX.IntrinsicElements' exists.
src/pages/settings/CalendarPage.tsx(959,17): error TS7026: JSX element implicitly has type 'any' because no interface 'JSX.IntrinsicElements' exists.
src/pages/settings/CalendarPage.tsx(966,17): error TS7026: JSX element implicitly has type 'any' because no interface 'JSX.IntrinsicElements' exists.
src/pages/settings/CalendarPage.tsx(967,19): error TS7026: JSX element implicitly has type 'any' because no interface 'JSX.IntrinsicElements' exists.
src/pages/settings/CalendarPage.tsx(969,19): error TS7026: JSX element implicitly has type 'any' because no interface 'JSX.IntrinsicElements' exists.
src/pages/settings/CalendarPage.tsx(970,19): error TS7026: JSX element implicitly has type 'any' because no interface 'JSX.IntrinsicElements' exists.
src/pages/settings/CalendarPage.tsx(972,19): error TS7026: JSX element implicitly has type 'any' because no interface 'JSX.IntrinsicElements' exists.
src/pages/settings/CalendarPage.tsx(973,19): error TS7026: JSX element implicitly has type 'any' because no interface 'JSX.IntrinsicElements' exists.
src/pages/settings/CalendarPage.tsx(975,19): error TS7026: JSX element implicitly has type 'any' because no interface 'JSX.IntrinsicElements' exists.
src/pages/settings/CalendarPage.tsx(976,19): error TS7026: JSX element implicitly has type 'any' because no interface 'JSX.IntrinsicElements' exists.
src/pages/settings/CalendarPage.tsx(978,19): error TS7026: JSX element implicitly has type 'any' because no interface 'JSX.IntrinsicElements' exists.
src/pages/settings/CalendarPage.tsx(979,17): error TS7026: JSX element implicitly has type 'any' because no interface 'JSX.IntrinsicElements' exists.
src/pages/settings/CalendarPage.tsx(986,17): error TS7026: JSX element implicitly has type 'any' because no interface 'JSX.IntrinsicElements' exists.
src/pages/settings/CalendarPage.tsx(987,19): error TS7026: JSX element implicitly has type 'any' because no interface 'JSX.IntrinsicElements' exists.
src/pages/settings/CalendarPage.tsx(989,19): error TS7026: JSX element implicitly has type 'any' because no interface 'JSX.IntrinsicElements' exists.
src/pages/settings/CalendarPage.tsx(990,19): error TS7026: JSX element implicitly has type 'any' because no interface 'JSX.IntrinsicElements' exists.
src/pages/settings/CalendarPage.tsx(992,19): error TS7026: JSX element implicitly has type 'any' because no interface 'JSX.IntrinsicElements' exists.
src/pages/settings/CalendarPage.tsx(993,19): error TS7026: JSX element implicitly has type 'any' because no interface 'JSX.IntrinsicElements' exists.
src/pages/settings/CalendarPage.tsx(995,19): error TS7026: JSX element implicitly has type 'any' because no interface 'JSX.IntrinsicElements' exists.
src/pages/settings/CalendarPage.tsx(996,19): error TS7026: JSX element implicitly has type 'any' because no interface 'JSX.IntrinsicElements' exists.
src/pages/settings/CalendarPage.tsx(998,19): error TS7026: JSX element implicitly has type 'any' because no interface 'JSX.IntrinsicElements' exists.
src/pages/settings/CalendarPage.tsx(999,17): error TS7026: JSX element implicitly has type 'any' because no interface 'JSX.IntrinsicElements' exists.
src/pages/settings/DangerZonePage.tsx(1,26): error TS2307: Cannot find module 'react' or its corresponding type declarations.
src/pages/settings/DangerZonePage.tsx(2,39): error TS2307: Cannot find module '@tanstack/react-query' or its corresponding type declarations.
src/pages/settings/DangerZonePage.tsx(3,29): error TS2307: Cannot find module 'react-router-dom' or its corresponding type declarations.
src/pages/settings/DangerZonePage.tsx(17,8): error TS2307: Cannot find module '@mantine/core' or its corresponding type declarations.
src/pages/settings/DangerZonePage.tsx(18,31): error TS2307: Cannot find module '@mantine/notifications' or its corresponding type declarations.
src/pages/settings/DangerZonePage.tsx(24,8): error TS2307: Cannot find module '@tabler/icons-react' or its corresponding type declarations.
src/pages/settings/DangerZonePage.tsx(232,7): error TS2875: This JSX tag requires the module path 'react/jsx-runtime' to exist, but none could be found. Make sure you have types for the appropriate package installed.
src/pages/settings/DangerZonePage.tsx(261,15): error TS7026: JSX element implicitly has type 'any' because no interface 'JSX.IntrinsicElements' exists.
src/pages/settings/DangerZonePage.tsx(266,15): error TS7026: JSX element implicitly has type 'any' because no interface 'JSX.IntrinsicElements' exists.
src/pages/settings/DangerZonePage.tsx(285,21): error TS7026: JSX element implicitly has type 'any' because no interface 'JSX.IntrinsicElements' exists.
src/pages/settings/DangerZonePage.tsx(292,21): error TS7026: JSX element implicitly has type 'any' because no interface 'JSX.IntrinsicElements' exists.
src/pages/settings/DangerZonePage.tsx(322,21): error TS7026: JSX element implicitly has type 'any' because no interface 'JSX.IntrinsicElements' exists.
src/pages/settings/DangerZonePage.tsx(329,21): error TS7026: JSX element implicitly has type 'any' because no interface 'JSX.IntrinsicElements' exists.
src/pages/settings/DangerZonePage.tsx(362,21): error TS7026: JSX element implicitly has type 'any' because no interface 'JSX.IntrinsicElements' exists.
src/pages/settings/DangerZonePage.tsx(369,21): error TS7026: JSX element implicitly has type 'any' because no interface 'JSX.IntrinsicElements' exists.
src/pages/settings/DangerZonePage.tsx(426,19): error TS7026: JSX element implicitly has type 'any' because no interface 'JSX.IntrinsicElements' exists.
src/pages/settings/DangerZonePage.tsx(427,21): error TS7026: JSX element implicitly has type 'any' because no interface 'JSX.IntrinsicElements' exists.
src/pages/settings/DangerZonePage.tsx(429,21): error TS7026: JSX element implicitly has type 'any' because no interface 'JSX.IntrinsicElements' exists.
src/pages/settings/DangerZonePage.tsx(430,21): error TS7026: JSX element implicitly has type 'any' because no interface 'JSX.IntrinsicElements' exists.
src/pages/settings/DangerZonePage.tsx(432,21): error TS7026: JSX element implicitly has type 'any' because no interface 'JSX.IntrinsicElements' exists.
src/pages/settings/DangerZonePage.tsx(433,21): error TS7026: JSX element implicitly has type 'any' because no interface 'JSX.IntrinsicElements' exists.
src/pages/settings/DangerZonePage.tsx(435,21): error TS7026: JSX element implicitly has type 'any' because no interface 'JSX.IntrinsicElements' exists.
src/pages/settings/DangerZonePage.tsx(436,21): error TS7026: JSX element implicitly has type 'any' because no interface 'JSX.IntrinsicElements' exists.
src/pages/settings/DangerZonePage.tsx(438,21): error TS7026: JSX element implicitly has type 'any' because no interface 'JSX.IntrinsicElements' exists.
src/pages/settings/DangerZonePage.tsx(439,19): error TS7026: JSX element implicitly has type 'any' because no interface 'JSX.IntrinsicElements' exists.
src/pages/settings/DangerZonePage.tsx(488,63): error TS7026: JSX element implicitly has type 'any' because no interface 'JSX.IntrinsicElements' exists.
src/pages/settings/DangerZonePage.tsx(488,88): error TS7026: JSX element implicitly has type 'any' because no interface 'JSX.IntrinsicElements' exists.
src/pages/settings/DangerZonePage.tsx(532,58): error TS7026: JSX element implicitly has type 'any' because no interface 'JSX.IntrinsicElements' exists.
src/pages/settings/DangerZonePage.tsx(532,83): error TS7026: JSX element implicitly has type 'any' because no interface 'JSX.IntrinsicElements' exists.
src/pages/settings/DangerZonePage.tsx(542,26): error TS7006: Parameter 'e' implicitly has an 'any' type.
src/pages/settings/NotificationsPage.tsx(1,37): error TS2307: Cannot find module 'react' or its corresponding type declarations.
src/pages/settings/NotificationsPage.tsx(2,55): error TS2307: Cannot find module '@tanstack/react-query' or its corresponding type declarations.
src/pages/settings/NotificationsPage.tsx(15,8): error TS2307: Cannot find module '@mantine/core' or its corresponding type declarations.
src/pages/settings/NotificationsPage.tsx(16,31): error TS2307: Cannot find module '@mantine/notifications' or its corresponding type declarations.
src/pages/settings/NotificationsPage.tsx(17,26): error TS2307: Cannot find module '@tabler/icons-react' or its corresponding type declarations.
src/pages/settings/NotificationsPage.tsx(129,7): error TS2875: This JSX tag requires the module path 'react/jsx-runtime' to exist, but none could be found. Make sure you have types for the appropriate package installed.
src/pages/settings/NotificationsPage.tsx(144,15): error TS7026: JSX element implicitly has type 'any' because no interface 'JSX.IntrinsicElements' exists.
src/pages/settings/NotificationsPage.tsx(149,15): error TS7026: JSX element implicitly has type 'any' because no interface 'JSX.IntrinsicElements' exists.
src/pages/settings/NotificationsPage.tsx(167,19): error TS7026: JSX element implicitly has type 'any' because no interface 'JSX.IntrinsicElements' exists.
src/pages/settings/NotificationsPage.tsx(174,19): error TS7026: JSX element implicitly has type 'any' because no interface 'JSX.IntrinsicElements' exists.
src/pages/settings/NotificationsPage.tsx(181,32): error TS7006: Parameter 'e' implicitly has an 'any' type.
src/pages/settings/NotificationsPage.tsx(188,32): error TS7006: Parameter 'e' implicitly has an 'any' type.
src/pages/settings/NotificationsPage.tsx(195,32): error TS7006: Parameter 'e' implicitly has an 'any' type.
src/pages/settings/NotificationsPage.tsx(202,32): error TS7006: Parameter 'e' implicitly has an 'any' type.
src/pages/settings/NotificationsPage.tsx(209,32): error TS7006: Parameter 'e' implicitly has an 'any' type.
src/pages/settings/NotificationsPage.tsx(216,32): error TS7006: Parameter 'e' implicitly has an 'any' type.
src/pages/settings/NotificationsPage.tsx(225,19): error TS7026: JSX element implicitly has type 'any' because no interface 'JSX.IntrinsicElements' exists.
src/pages/settings/NotificationsPage.tsx(232,19): error TS7026: JSX element implicitly has type 'any' because no interface 'JSX.IntrinsicElements' exists.
src/pages/settings/NotificationsPage.tsx(240,32): error TS7006: Parameter 'e' implicitly has an 'any' type.
src/pages/settings/NotificationsPage.tsx(250,21): error TS7026: JSX element implicitly has type 'any' because no interface 'JSX.IntrinsicElements' exists.
src/pages/settings/NotificationsPage.tsx(257,21): error TS7026: JSX element implicitly has type 'any' because no interface 'JSX.IntrinsicElements' exists.
src/pages/settings/NotificationsPage.tsx(334,58): error TS7026: JSX element implicitly has type 'any' because no interface 'JSX.IntrinsicElements' exists.
src/pages/settings/NotificationsPage.tsx(334,77): error TS7026: JSX element implicitly has type 'any' because no interface 'JSX.IntrinsicElements' exists.
src/pages/settings/OrganizationPage.tsx(1,37): error TS2307: Cannot find module 'react' or its corresponding type declarations.
src/pages/settings/OrganizationPage.tsx(2,29): error TS2307: Cannot find module '@tanstack/react-query' or its corresponding type declarations.
src/pages/settings/OrganizationPage.tsx(20,8): error TS2307: Cannot find module '@mantine/core' or its corresponding type declarations.
src/pages/settings/OrganizationPage.tsx(21,31): error TS2307: Cannot find module '@mantine/notifications' or its corresponding type declarations.
src/pages/settings/OrganizationPage.tsx(28,22): error TS2307: Cannot find module 'react-router-dom' or its corresponding type declarations.
src/pages/settings/OrganizationPage.tsx(29,30): error TS2307: Cannot find module '@tabler/icons-react' or its corresponding type declarations.
src/pages/settings/OrganizationPage.tsx(233,7): error TS2875: This JSX tag requires the module path 'react/jsx-runtime' to exist, but none could be found. Make sure you have types for the appropriate package installed.
src/pages/settings/OrganizationPage.tsx(248,15): error TS7026: JSX element implicitly has type 'any' because no interface 'JSX.IntrinsicElements' exists.
src/pages/settings/OrganizationPage.tsx(253,15): error TS7026: JSX element implicitly has type 'any' because no interface 'JSX.IntrinsicElements' exists.
src/pages/settings/OrganizationPage.tsx(271,19): error TS7026: JSX element implicitly has type 'any' because no interface 'JSX.IntrinsicElements' exists.
src/pages/settings/OrganizationPage.tsx(278,19): error TS7026: JSX element implicitly has type 'any' because no interface 'JSX.IntrinsicElements' exists.
src/pages/settings/OrganizationPage.tsx(300,32): error TS7006: Parameter 'e' implicitly has an 'any' type.
src/pages/settings/OrganizationPage.tsx(336,21): error TS7026: JSX element implicitly has type 'any' because no interface 'JSX.IntrinsicElements' exists.
src/pages/settings/OrganizationPage.tsx(343,21): error TS7026: JSX element implicitly has type 'any' because no interface 'JSX.IntrinsicElements' exists.
src/pages/settings/OrganizationPage.tsx(457,32): error TS7006: Parameter 'e' implicitly has an 'any' type.
src/pages/settings/OrganizationPage.tsx(467,32): error TS7006: Parameter 'e' implicitly has an 'any' type.
src/pages/settings/OrganizationPage.tsx(476,19): error TS7026: JSX element implicitly has type 'any' because no interface 'JSX.IntrinsicElements' exists.
src/pages/settings/OrganizationPage.tsx(483,19): error TS7026: JSX element implicitly has type 'any' because no interface 'JSX.IntrinsicElements' exists.
src/pages/settings/OrganizationPage.tsx(554,58): error TS7026: JSX element implicitly has type 'any' because no interface 'JSX.IntrinsicElements' exists.
src/pages/settings/OrganizationPage.tsx(554,77): error TS7026: JSX element implicitly has type 'any' because no interface 'JSX.IntrinsicElements' exists.
src/pages/settings/PrivacyDataPage.tsx(1,26): error TS2307: Cannot find module 'react' or its corresponding type declarations.
src/pages/settings/PrivacyDataPage.tsx(2,55): error TS2307: Cannot find module '@tanstack/react-query' or its corresponding type declarations.
src/pages/settings/PrivacyDataPage.tsx(22,8): error TS2307: Cannot find module '@mantine/core' or its corresponding type declarations.
src/pages/settings/PrivacyDataPage.tsx(23,31): error TS2307: Cannot find module '@mantine/notifications' or its corresponding type declarations.
src/pages/settings/PrivacyDataPage.tsx(32,8): error TS2307: Cannot find module '@tabler/icons-react' or its corresponding type declarations.
src/pages/settings/PrivacyDataPage.tsx(78,23): error TS7006: Parameter 'query' implicitly has an 'any' type.
src/pages/settings/PrivacyDataPage.tsx(164,6): error TS7006: Parameter 'req' implicitly has an 'any' type.
src/pages/settings/PrivacyDataPage.tsx(167,53): error TS7006: Parameter 'req' implicitly has an 'any' type.
src/pages/settings/PrivacyDataPage.tsx(170,5): error TS2875: This JSX tag requires the module path 'react/jsx-runtime' to exist, but none could be found. Make sure you have types for the appropriate package installed.
src/pages/settings/PrivacyDataPage.tsx(174,11): error TS7026: JSX element implicitly has type 'any' because no interface 'JSX.IntrinsicElements' exists.
src/pages/settings/PrivacyDataPage.tsx(179,11): error TS7026: JSX element implicitly has type 'any' because no interface 'JSX.IntrinsicElements' exists.
src/pages/settings/PrivacyDataPage.tsx(197,19): error TS7026: JSX element implicitly has type 'any' because no interface 'JSX.IntrinsicElements' exists.
src/pages/settings/PrivacyDataPage.tsx(204,19): error TS7026: JSX element implicitly has type 'any' because no interface 'JSX.IntrinsicElements' exists.
src/pages/settings/PrivacyDataPage.tsx(235,17): error TS7026: JSX element implicitly has type 'any' because no interface 'JSX.IntrinsicElements' exists.
src/pages/settings/PrivacyDataPage.tsx(240,17): error TS7026: JSX element implicitly has type 'any' because no interface 'JSX.IntrinsicElements' exists.
src/pages/settings/PrivacyDataPage.tsx(247,17): error TS7026: JSX element implicitly has type 'any' because no interface 'JSX.IntrinsicElements' exists.
src/pages/settings/PrivacyDataPage.tsx(248,19): error TS7026: JSX element implicitly has type 'any' because no interface 'JSX.IntrinsicElements' exists.
src/pages/settings/PrivacyDataPage.tsx(250,19): error TS7026: JSX element implicitly has type 'any' because no interface 'JSX.IntrinsicElements' exists.
src/pages/settings/PrivacyDataPage.tsx(251,19): error TS7026: JSX element implicitly has type 'any' because no interface 'JSX.IntrinsicElements' exists.
src/pages/settings/PrivacyDataPage.tsx(253,19): error TS7026: JSX element implicitly has type 'any' because no interface 'JSX.IntrinsicElements' exists.
src/pages/settings/PrivacyDataPage.tsx(254,19): error TS7026: JSX element implicitly has type 'any' because no interface 'JSX.IntrinsicElements' exists.
src/pages/settings/PrivacyDataPage.tsx(256,19): error TS7026: JSX element implicitly has type 'any' because no interface 'JSX.IntrinsicElements' exists.
src/pages/settings/PrivacyDataPage.tsx(257,19): error TS7026: JSX element implicitly has type 'any' because no interface 'JSX.IntrinsicElements' exists.
src/pages/settings/PrivacyDataPage.tsx(259,19): error TS7026: JSX element implicitly has type 'any' because no interface 'JSX.IntrinsicElements' exists.
src/pages/settings/PrivacyDataPage.tsx(260,19): error TS7026: JSX element implicitly has type 'any' because no interface 'JSX.IntrinsicElements' exists.
src/pages/settings/PrivacyDataPage.tsx(262,19): error TS7026: JSX element implicitly has type 'any' because no interface 'JSX.IntrinsicElements' exists.
src/pages/settings/PrivacyDataPage.tsx(263,19): error TS7026: JSX element implicitly has type 'any' because no interface 'JSX.IntrinsicElements' exists.
src/pages/settings/PrivacyDataPage.tsx(265,19): error TS7026: JSX element implicitly has type 'any' because no interface 'JSX.IntrinsicElements' exists.
src/pages/settings/PrivacyDataPage.tsx(266,19): error TS7026: JSX element implicitly has type 'any' because no interface 'JSX.IntrinsicElements' exists.
src/pages/settings/PrivacyDataPage.tsx(268,19): error TS7026: JSX element implicitly has type 'any' because no interface 'JSX.IntrinsicElements' exists.
src/pages/settings/PrivacyDataPage.tsx(269,17): error TS7026: JSX element implicitly has type 'any' because no interface 'JSX.IntrinsicElements' exists.
src/pages/settings/PrivacyDataPage.tsx(291,13): error TS7026: JSX element implicitly has type 'any' because no interface 'JSX.IntrinsicElements' exists.
src/pages/settings/PrivacyDataPage.tsx(297,41): error TS7006: Parameter 'request' implicitly has an 'any' type.
src/pages/settings/PrivacyDataPage.tsx(300,23): error TS7026: JSX element implicitly has type 'any' because no interface 'JSX.IntrinsicElements' exists.
src/pages/settings/PrivacyDataPage.tsx(321,23): error TS7026: JSX element implicitly has type 'any' because no interface 'JSX.IntrinsicElements' exists.
src/pages/settings/PrivacyDataPage.tsx(326,33): error TS7031: Binding element 'copied' implicitly has an 'any' type.
src/pages/settings/PrivacyDataPage.tsx(326,41): error TS7031: Binding element 'copy' implicitly has an 'any' type.
src/pages/settings/PrivacyDataPage.tsx(353,13): error TS7026: JSX element implicitly has type 'any' because no interface 'JSX.IntrinsicElements' exists.
src/pages/settings/PrivacyDataPage.tsx(358,13): error TS7026: JSX element implicitly has type 'any' because no interface 'JSX.IntrinsicElements' exists.
src/pages/settings/PrivacyDataPage.tsx(364,51): error TS7006: Parameter 'request' implicitly has an 'any' type.
src/pages/settings/PrivacyDataPage.tsx(398,13): error TS7026: JSX element implicitly has type 'any' because no interface 'JSX.IntrinsicElements' exists.
src/pages/settings/PrivacyDataPage.tsx(417,13): error TS7026: JSX element implicitly has type 'any' because no interface 'JSX.IntrinsicElements' exists.
src/pages/settings/PrivacyDataPage.tsx(421,62): error TS7006: Parameter 'val' implicitly has an 'any' type.
src/pages/settings/PrivacyDataPage.tsx(440,13): error TS7026: JSX element implicitly has type 'any' because no interface 'JSX.IntrinsicElements' exists.
src/pages/settings/PrivacyDataPage.tsx(446,26): error TS7006: Parameter 'e' implicitly has an 'any' type.
src/pages/settings/ProfilePage.tsx(1,37): error TS2307: Cannot find module 'react' or its corresponding type declarations.
src/pages/settings/ProfilePage.tsx(2,55): error TS2307: Cannot find module '@tanstack/react-query' or its corresponding type declarations.
src/pages/settings/ProfilePage.tsx(16,8): error TS2307: Cannot find module '@mantine/core' or its corresponding type declarations.
src/pages/settings/ProfilePage.tsx(17,31): error TS2307: Cannot find module '@mantine/notifications' or its corresponding type declarations.
src/pages/settings/ProfilePage.tsx(166,5): error TS2875: This JSX tag requires the module path 'react/jsx-runtime' to exist, but none could be found. Make sure you have types for the appropriate package installed.
src/pages/settings/ProfilePage.tsx(186,19): error TS7026: JSX element implicitly has type 'any' because no interface 'JSX.IntrinsicElements' exists.
src/pages/settings/ProfilePage.tsx(193,19): error TS7026: JSX element implicitly has type 'any' because no interface 'JSX.IntrinsicElements' exists.
src/pages/settings/ProfilePage.tsx(215,32): error TS7006: Parameter 'e' implicitly has an 'any' type.
src/pages/settings/ProfilePage.tsx(233,32): error TS7006: Parameter 'value' implicitly has an 'any' type.
src/pages/settings/ProfilePage.tsx(244,19): error TS7026: JSX element implicitly has type 'any' because no interface 'JSX.IntrinsicElements' exists.
src/pages/settings/ProfilePage.tsx(251,19): error TS7026: JSX element implicitly has type 'any' because no interface 'JSX.IntrinsicElements' exists.
src/pages/settings/ProfilePage.tsx(259,32): error TS7006: Parameter 'e' implicitly has an 'any' type.
src/pages/settings/ProfilePage.tsx(267,32): error TS7006: Parameter 'e' implicitly has an 'any' type.
src/pages/settings/ReportsPage.tsx(1,26): error TS2307: Cannot find module 'react' or its corresponding type declarations.
src/pages/settings/ReportsPage.tsx(2,55): error TS2307: Cannot find module '@tanstack/react-query' or its corresponding type declarations.
src/pages/settings/ReportsPage.tsx(19,8): error TS2307: Cannot find module '@mantine/core' or its corresponding type declarations.
src/pages/settings/ReportsPage.tsx(20,31): error TS2307: Cannot find module '@mantine/notifications' or its corresponding type declarations.
src/pages/settings/ReportsPage.tsx(21,60): error TS2307: Cannot find module '@tabler/icons-react' or its corresponding type declarations.
src/pages/settings/ReportsPage.tsx(187,7): error TS2875: This JSX tag requires the module path 'react/jsx-runtime' to exist, but none could be found. Make sure you have types for the appropriate package installed.
src/pages/settings/ReportsPage.tsx(202,15): error TS7026: JSX element implicitly has type 'any' because no interface 'JSX.IntrinsicElements' exists.
src/pages/settings/ReportsPage.tsx(207,15): error TS7026: JSX element implicitly has type 'any' because no interface 'JSX.IntrinsicElements' exists.
src/pages/settings/ReportsPage.tsx(239,25): error TS7026: JSX element implicitly has type 'any' because no interface 'JSX.IntrinsicElements' exists.
src/pages/settings/ReportsPage.tsx(246,25): error TS7026: JSX element implicitly has type 'any' because no interface 'JSX.IntrinsicElements' exists.
src/pages/settings/ReportsPage.tsx(249,38): error TS7006: Parameter 'e' implicitly has an 'any' type.
src/pages/settings/ReportsPage.tsx(271,36): error TS7006: Parameter 'e' implicitly has an 'any' type.
src/pages/settings/ReportsPage.tsx(285,36): error TS7006: Parameter 'e' implicitly has an 'any' type.
src/pages/settings/ReportsPage.tsx(299,36): error TS7006: Parameter 'e' implicitly has an 'any' type.
src/pages/settings/ReportsPage.tsx(319,36): error TS7006: Parameter 'value' implicitly has an 'any' type.
src/pages/settings/ReportsPage.tsx(334,36): error TS7006: Parameter 'value' implicitly has an 'any' type.
src/pages/settings/ReportsPage.tsx(348,29): error TS7026: JSX element implicitly has type 'any' because no interface 'JSX.IntrinsicElements' exists.
src/pages/settings/ReportsPage.tsx(348,49): error TS7026: JSX element implicitly has type 'any' because no interface 'JSX.IntrinsicElements' exists.
src/pages/settings/ReportsPage.tsx(408,25): error TS7026: JSX element implicitly has type 'any' because no interface 'JSX.IntrinsicElements' exists.
src/pages/settings/ReportsPage.tsx(415,25): error TS7026: JSX element implicitly has type 'any' because no interface 'JSX.IntrinsicElements' exists.
src/pages/settings/ReportsPage.tsx(418,38): error TS7006: Parameter 'e' implicitly has an 'any' type.
src/pages/settings/ReportsPage.tsx(440,36): error TS7006: Parameter 'e' implicitly has an 'any' type.
src/pages/settings/ReportsPage.tsx(454,36): error TS7006: Parameter 'e' implicitly has an 'any' type.
src/pages/settings/ReportsPage.tsx(468,36): error TS7006: Parameter 'e' implicitly has an 'any' type.
src/pages/settings/ReportsPage.tsx(489,36): error TS7006: Parameter 'value' implicitly has an 'any' type.
src/pages/settings/ReportsPage.tsx(503,29): error TS7026: JSX element implicitly has type 'any' because no interface 'JSX.IntrinsicElements' exists.
src/pages/settings/ReportsPage.tsx(503,49): error TS7026: JSX element implicitly has type 'any' because no interface 'JSX.IntrinsicElements' exists.
src/pages/settings/ReportsPage.tsx(625,19): error TS7026: JSX element implicitly has type 'any' because no interface 'JSX.IntrinsicElements' exists.
src/pages/settings/ReportsPage.tsx(627,19): error TS7026: JSX element implicitly has type 'any' because no interface 'JSX.IntrinsicElements' exists.
src/pages/settings/RoleManagementPage.tsx(1,26): error TS2307: Cannot find module 'react' or its corresponding type declarations.
src/pages/settings/RoleManagementPage.tsx(2,55): error TS2307: Cannot find module '@tanstack/react-query' or its corresponding type declarations.
src/pages/settings/RoleManagementPage.tsx(22,8): error TS2307: Cannot find module '@mantine/core' or its corresponding type declarations.
src/pages/settings/RoleManagementPage.tsx(23,31): error TS2307: Cannot find module '@mantine/notifications' or its corresponding type declarations.
src/pages/settings/RoleManagementPage.tsx(31,8): error TS2307: Cannot find module '@tabler/icons-react' or its corresponding type declarations.
src/pages/settings/RoleManagementPage.tsx(98,54): error TS7006: Parameter 'acc' implicitly has an 'any' type.
src/pages/settings/RoleManagementPage.tsx(98,59): error TS7006: Parameter 'perm' implicitly has an 'any' type.
src/pages/settings/RoleManagementPage.tsx(231,18): error TS7006: Parameter 'prev' implicitly has an 'any' type.
src/pages/settings/RoleManagementPage.tsx(234,44): error TS7006: Parameter 'id' implicitly has an 'any' type.
src/pages/settings/RoleManagementPage.tsx(240,37): error TS7006: Parameter 'ra' implicitly has an 'any' type.
src/pages/settings/RoleManagementPage.tsx(245,7): error TS2875: This JSX tag requires the module path 'react/jsx-runtime' to exist, but none could be found. Make sure you have types for the appropriate package installed.
src/pages/settings/RoleManagementPage.tsx(260,15): error TS7026: JSX element implicitly has type 'any' because no interface 'JSX.IntrinsicElements' exists.
src/pages/settings/RoleManagementPage.tsx(265,15): error TS7026: JSX element implicitly has type 'any' because no interface 'JSX.IntrinsicElements' exists.
src/pages/settings/RoleManagementPage.tsx(281,28): error TS7026: JSX element implicitly has type 'any' because no interface 'JSX.IntrinsicElements' exists.
src/pages/settings/RoleManagementPage.tsx(281,54): error TS7026: JSX element implicitly has type 'any' because no interface 'JSX.IntrinsicElements' exists.
src/pages/settings/RoleManagementPage.tsx(300,29): error TS7006: Parameter 'role' implicitly has an 'any' type.
src/pages/settings/RoleManagementPage.tsx(301,25): error TS7006: Parameter 'role' implicitly has an 'any' type.
src/pages/settings/RoleManagementPage.tsx(305,27): error TS7026: JSX element implicitly has type 'any' because no interface 'JSX.IntrinsicElements' exists.
src/pages/settings/RoleManagementPage.tsx(320,27): error TS7026: JSX element implicitly has type 'any' because no interface 'JSX.IntrinsicElements' exists.
src/pages/settings/RoleManagementPage.tsx(337,31): error TS7006: Parameter 'role' implicitly has an 'any' type.
src/pages/settings/RoleManagementPage.tsx(359,31): error TS7006: Parameter 'role' implicitly has an 'any' type.
src/pages/settings/RoleManagementPage.tsx(360,27): error TS7006: Parameter 'role' implicitly has an 'any' type.
src/pages/settings/RoleManagementPage.tsx(364,29): error TS7026: JSX element implicitly has type 'any' because no interface 'JSX.IntrinsicElements' exists.
src/pages/settings/RoleManagementPage.tsx(379,29): error TS7026: JSX element implicitly has type 'any' because no interface 'JSX.IntrinsicElements' exists.
src/pages/settings/RoleManagementPage.tsx(426,26): error TS7006: Parameter 'e' implicitly has an 'any' type.
src/pages/settings/RoleManagementPage.tsx(435,26): error TS7006: Parameter 'e' implicitly has an 'any' type.
src/pages/settings/RoleManagementPage.tsx(443,26): error TS7006: Parameter 'e' implicitly has an 'any' type.
src/pages/settings/RoleManagementPage.tsx(459,28): error TS18046: 'perms' is of type 'unknown'.
src/pages/settings/RoleManagementPage.tsx(459,42): error TS7006: Parameter 'p' implicitly has an 'any' type.
src/pages/settings/RoleManagementPage.tsx(460,28): error TS18046: 'perms' is of type 'unknown'.
src/pages/settings/RoleManagementPage.tsx(466,26): error TS18046: 'perms' is of type 'unknown'.
src/pages/settings/RoleManagementPage.tsx(466,37): error TS7006: Parameter 'perm' implicitly has an 'any' type.
src/pages/settings/RoleManagementPage.tsx(470,31): error TS7026: JSX element implicitly has type 'any' because no interface 'JSX.IntrinsicElements' exists.
src/pages/settings/RoleManagementPage.tsx(477,31): error TS7026: JSX element implicitly has type 'any' because no interface 'JSX.IntrinsicElements' exists.
src/pages/settings/RoleManagementPage.tsx(529,30): error TS7006: Parameter 'e' implicitly has an 'any' type.
src/pages/settings/RoleManagementPage.tsx(537,30): error TS7006: Parameter 'e' implicitly has an 'any' type.
src/pages/settings/RoleManagementPage.tsx(564,28): error TS18046: 'perms' is of type 'unknown'.
src/pages/settings/RoleManagementPage.tsx(564,42): error TS7006: Parameter 'p' implicitly has an 'any' type.
src/pages/settings/RoleManagementPage.tsx(565,28): error TS18046: 'perms' is of type 'unknown'.
src/pages/settings/RoleManagementPage.tsx(571,26): error TS18046: 'perms' is of type 'unknown'.
src/pages/settings/RoleManagementPage.tsx(571,37): error TS7006: Parameter 'perm' implicitly has an 'any' type.
src/pages/settings/RoleManagementPage.tsx(575,31): error TS7026: JSX element implicitly has type 'any' because no interface 'JSX.IntrinsicElements' exists.
src/pages/settings/RoleManagementPage.tsx(582,31): error TS7026: JSX element implicitly has type 'any' because no interface 'JSX.IntrinsicElements' exists.
src/pages/settings/RoleManagementPage.tsx(631,56): error TS7026: JSX element implicitly has type 'any' because no interface 'JSX.IntrinsicElements' exists.
src/pages/settings/RoleManagementPage.tsx(631,92): error TS7026: JSX element implicitly has type 'any' because no interface 'JSX.IntrinsicElements' exists.
src/pages/settings/TeamPage.tsx(1,26): error TS2307: Cannot find module 'react' or its corresponding type declarations.
src/pages/settings/TeamPage.tsx(2,29): error TS2307: Cannot find module 'react-router-dom' or its corresponding type declarations.
src/pages/settings/TeamPage.tsx(3,55): error TS2307: Cannot find module '@tanstack/react-query' or its corresponding type declarations.
src/pages/settings/TeamPage.tsx(21,8): error TS2307: Cannot find module '@mantine/core' or its corresponding type declarations.
src/pages/settings/TeamPage.tsx(22,31): error TS2307: Cannot find module '@mantine/notifications' or its corresponding type declarations.
src/pages/settings/TeamPage.tsx(23,89): error TS2307: Cannot find module '@tabler/icons-react' or its corresponding type declarations.
src/pages/settings/TeamPage.tsx(153,13): error TS2451: Cannot redeclare block-scoped variable 'error'.
src/pages/settings/TeamPage.tsx(203,9): error TS2578: Unused '@ts-expect-error' directive.
src/pages/settings/TeamPage.tsx(244,7): error TS2578: Unused '@ts-expect-error' directive.
src/pages/settings/TeamPage.tsx(272,7): error TS2875: This JSX tag requires the module path 'react/jsx-runtime' to exist, but none could be found. Make sure you have types for the appropriate package installed.
src/pages/settings/TeamPage.tsx(287,15): error TS7026: JSX element implicitly has type 'any' because no interface 'JSX.IntrinsicElements' exists.
src/pages/settings/TeamPage.tsx(292,15): error TS7026: JSX element implicitly has type 'any' because no interface 'JSX.IntrinsicElements' exists.
src/pages/settings/TeamPage.tsx(311,21): error TS7026: JSX element implicitly has type 'any' because no interface 'JSX.IntrinsicElements' exists.
src/pages/settings/TeamPage.tsx(318,21): error TS7026: JSX element implicitly has type 'any' because no interface 'JSX.IntrinsicElements' exists.
src/pages/settings/TeamPage.tsx(326,34): error TS7006: Parameter 'e' implicitly has an 'any' type.
src/pages/settings/TeamPage.tsx(338,34): error TS7006: Parameter 'value' implicitly has an 'any' type.
src/pages/settings/TeamPage.tsx(359,21): error TS7026: JSX element implicitly has type 'any' because no interface 'JSX.IntrinsicElements' exists.
src/pages/settings/TeamPage.tsx(366,21): error TS7026: JSX element implicitly has type 'any' because no interface 'JSX.IntrinsicElements' exists.
src/pages/settings/TeamPage.tsx(423,19): error TS7026: JSX element implicitly has type 'any' because no interface 'JSX.IntrinsicElements' exists.
src/pages/settings/TeamPage.tsx(430,19): error TS7026: JSX element implicitly has type 'any' because no interface 'JSX.IntrinsicElements' exists.
src/pages/settings/TeamPage.tsx(590,52): error TS7026: JSX element implicitly has type 'any' because no interface 'JSX.IntrinsicElements' exists.
src/pages/settings/TeamPage.tsx(590,71): error TS7026: JSX element implicitly has type 'any' because no interface 'JSX.IntrinsicElements' exists.
src/pages/settings/TeamPage.tsx(608,47): error TS7026: JSX element implicitly has type 'any' because no interface 'JSX.IntrinsicElements' exists.
src/pages/settings/TeamPage.tsx(608,73): error TS7026: JSX element implicitly has type 'any' because no interface 'JSX.IntrinsicElements' exists.
src/pages/settings/TeamPage.tsx(635,32): error TS7026: JSX element implicitly has type 'any' because no interface 'JSX.IntrinsicElements' exists.
src/pages/settings/TeamPage.tsx(635,62): error TS7026: JSX element implicitly has type 'any' because no interface 'JSX.IntrinsicElements' exists.
src/pages/settings/TeamPage.tsx(642,26): error TS7006: Parameter 'value' implicitly has an 'any' type.
src/pages/settings/TeamPage.tsx(654,38): error TS7006: Parameter 'role' implicitly has an 'any' type.
src/pages/settings/TeamPage.tsx(701,63): error TS7006: Parameter 'id' implicitly has an 'any' type.
src/pages/settings/TeamPage.tsx(702,67): error TS7006: Parameter 'id' implicitly has an 'any' type.
src/pages/settings/TeamPerformancePage.tsx(1,26): error TS2307: Cannot find module 'react' or its corresponding type declarations.
src/pages/settings/TeamPerformancePage.tsx(2,26): error TS2307: Cannot find module '@tanstack/react-query' or its corresponding type declarations.
src/pages/settings/TeamPerformancePage.tsx(21,8): error TS2307: Cannot find module '@mantine/core' or its corresponding type declarations.
src/pages/settings/TeamPerformancePage.tsx(30,8): error TS2307: Cannot find module '@tabler/icons-react' or its corresponding type declarations.
src/pages/settings/TeamPerformancePage.tsx(129,7): error TS2875: This JSX tag requires the module path 'react/jsx-runtime' to exist, but none could be found. Make sure you have types for the appropriate package installed.
src/pages/settings/TeamPerformancePage.tsx(151,26): error TS7006: Parameter 'value' implicitly has an 'any' type.
src/pages/settings/TeamPerformancePage.tsx(190,21): error TS7026: JSX element implicitly has type 'any' because no interface 'JSX.IntrinsicElements' exists.
src/pages/settings/TeamPerformancePage.tsx(197,21): error TS7026: JSX element implicitly has type 'any' because no interface 'JSX.IntrinsicElements' exists.
src/pages/settings/TeamPerformancePage.tsx(203,68): error TS7006: Parameter 'member' implicitly has an 'any' type.
src/pages/settings/TeamPerformancePage.tsx(270,21): error TS7026: JSX element implicitly has type 'any' because no interface 'JSX.IntrinsicElements' exists.
src/pages/settings/TeamPerformancePage.tsx(277,21): error TS7026: JSX element implicitly has type 'any' because no interface 'JSX.IntrinsicElements' exists.
src/pages/settings/TeamPerformancePage.tsx(296,57): error TS7006: Parameter 'member' implicitly has an 'any' type.
src/pages/settings/TeamPerformancePage.tsx(398,60): error TS7006: Parameter 'sum' implicitly has an 'any' type.
src/pages/settings/TeamPerformancePage.tsx(398,65): error TS7006: Parameter 'm' implicitly has an 'any' type.
src/pages/settings/TeamPerformancePage.tsx(414,60): error TS7006: Parameter 'sum' implicitly has an 'any' type.
src/pages/settings/TeamPerformancePage.tsx(414,65): error TS7006: Parameter 'm' implicitly has an 'any' type.
src/pages/settings/TeamPerformancePage.tsx(430,60): error TS7006: Parameter 'sum' implicitly has an 'any' type.
src/pages/settings/TeamPerformancePage.tsx(430,65): error TS7006: Parameter 'm' implicitly has an 'any' type.
src/pages/settings/TeamPerformancePage.tsx(447,61): error TS7006: Parameter 'sum' implicitly has an 'any' type.
src/pages/settings/TeamPerformancePage.tsx(447,66): error TS7006: Parameter 'm' implicitly has an 'any' type.
src/services/authService.ts(15,8): error TS2307: Cannot find module '@supabase/supabase-js' or its corresponding type declarations.
src/services/authService.ts(405,53): error TS7006: Parameter 'event' implicitly has an 'any' type.
src/services/authService.ts(405,60): error TS7006: Parameter 'session' implicitly has an 'any' type.
src/theme.ts(1,29): error TS2307: Cannot find module '@mantine/core' or its corresponding type declarations.
src/utils/printBoardPacket.ts(1,19): error TS2307: Cannot find module 'dayjs' or its corresponding type declarations.
src/utils/printGrant.ts(1,19): error TS2307: Cannot find module 'dayjs' or its corresponding type declarations.
